sinteticos/sales_sint_semanal_tend_caio.csv
date,item_nbr,unit_sales,price
2000-01-01,0,84.0,6.166666666666667
2000-01-02,0,76.0152,6.212078947368421
2000-01-03,0,21.008399999999998,25.48892857142857
2000-01-04,0,18.0108,30.078097222222226
2000-01-05,0,18.0144,27.026999999999997
2000-01-06,0,19.019,27.982302631578946
2000-01-07,0,18.021600000000003,30.54575
2000-01-08,0,70.098,7.126735714285713
2000-01-09,0,79.1264,5.9485822784810125
2000-01-10,0,19.034200000000002,27.69375
2000-01-11,0,21.042,25.683095238095238
2000-01-12,0,21.0462,23.588500000000003
2000-01-13,0,19.0456,28.928631578947364
2000-01-14,0,18.046799999999998,27.08775
2000-01-15,0,91.25479999999999,5.215994505494506
2000-01-16,0,86.258,5.625668604651162
2000-01-17,0,20.064,27.61
2000-01-18,0,19.064600000000002,24.63055263157895
2000-01-19,0,18.0648,29.96758333333333
2000-01-20,0,20.076,23.712100000000003
2000-01-21,0,21.084,24.646428571428572
2000-01-22,0,84.3528,5.684449404761905
2000-01-23,0,87.3828,5.697833333333334
2000-01-24,0,18.0828,28.887375
2000-01-25,0,19.091199999999997,25.361789473684208
2000-01-26,0,20.099999999999998,27.621562500000003
2000-01-27,0,19.0988,26.486842105263154
2000-01-28,0,18.0972,27.57376388888889
2000-01-29,0,82.45920000000001,6.349012195121951
2000-01-30,0,70.406,7.914107142857143
2000-01-31,0,21.126,23.268452380952382
2000-02-01,0,18.1116,29.112777777777776
2000-02-02,0,21.1344,26.4
2000-02-03,0,21.1386,25.78239285714286
2000-02-04,0,18.1224,29.694722222222218
2000-02-05,0,71.49699999999999,7.54431338028169
2000-02-06,0,71.5112,7.816197183098591
2000-02-07,0,19.140600000000003,27.62157894736842
2000-02-08,0,18.1368,28.322083333333335
2000-02-09,0,21.163800000000002,24.811
2000-02-10,0,21.168,25.201904761904764
2000-02-11,0,21.1722,25.111928571428574
2000-02-12,0,82.6888,5.619365853658536
2000-02-13,0,86.7396,5.911712209302325
2000-02-14,0,19.167199999999998,28.09515789473684
2000-02-15,0,21.188999999999997,24.99232142857143
2000-02-16,0,21.1932,25.48016666666667
2000-02-17,0,18.1692,29.56558333333333
2000-02-18,0,19.1824,27.324
2000-02-19,0,87.85260000000001,6.061864942528737
2000-02-20,0,70.7,6.58125
2000-02-21,0,18.1836,27.79436111111111
2000-02-22,0,18.1872,27.80122222222222
2000-02-23,0,21.2226,22.6775
2000-02-24,0,20.215999999999998,26.198975000000004
2000-02-25,0,19.209,25.984013157894736
2000-02-26,0,77.86240000000001,6.479064935064935
2000-02-27,0,82.93480000000001,6.6544695121951225
2000-02-28,0,21.2436,23.816595238095235
2000-02-29,0,19.2242,29.374342105263157
2000-03-01,0,20.240000000000002,26.643749999999997
2000-03-02,0,18.2196,27.919375
2000-03-03,0,19.235599999999998,24.585789473684212
2000-03-04,0,89.1088,6.336894886363636
2000-03-05,0,73.9344,6.555287671232876
2000-03-06,0,18.233999999999998,25.68854166666667
2000-03-07,0,18.2376,26.20311111111111
2000-03-08,0,21.2814,23.724166666666665
2000-03-09,0,20.272000000000002,23.44185
2000-03-10,0,18.2484,27.12666666666667
2000-03-11,0,70.98,7.180642857142858
2000-03-12,0,70.994,7.226024999999999
2000-03-13,0,20.288,23.6176
2000-03-14,0,19.2774,26.31372368421053
2000-03-15,0,20.296,26.99025
2000-03-16,0,21.314999999999998,23.770833333333332
2000-03-17,0,20.304000000000002,25.7807
2000-03-18,0,73.1088,7.40371875
2000-03-19,0,88.3572,5.284994252873563
2000-03-20,0,19.3002,28.660342105263155
2000-03-21,0,19.304000000000002,24.48
2000-03-22,0,18.2916,30.437458333333336
2000-03-23,0,18.2952,27.610194444444446
2000-03-24,0,20.332,25.212525
2000-03-25,0,87.44479999999999,5.936046511627906
2000-03-26,0,77.29199999999999,7.14875
2000-03-27,0,20.344,27.938025000000003
2000-03-28,0,18.313200000000002,26.50873611111111
2000-03-29,0,18.3168,26.00422222222222
2000-03-30,0,21.3738,25.653607142857144
2000-03-31,0,18.324,29.76611111111111
2000-04-01,0,73.3104,7.301298611111112
2000-04-02,0,78.4168,6.656142857142856
2000-04-03,0,18.334799999999998,27.400361111111113
2000-04-04,0,18.3384,29.62463888888889
2000-04-05,0,21.398999999999997,26.714999999999996
2000-04-06,0,19.364800000000002,25.546105263157894
2000-04-07,0,18.349200000000003,29.304930555555558
2000-04-08,0,71.372,7.347128571428572
2000-04-09,0,69.3464,7.4445073529411765
2000-04-10,0,19.38,24.92368421052631
2000-04-11,0,20.404,25.528724999999998
2000-04-12,0,21.4284,25.637500000000003
2000-04-13,0,19.391399999999997,25.265842105263157
2000-04-14,0,21.436799999999998,26.627142857142857
2000-04-15,0,77.59599999999999,6.198009868421053
2000-04-16,0,88.84440000000001,5.368477011494253
2000-04-17,0,21.4494,24.397535714285716
2000-04-18,0,20.432000000000002,24.904749999999996
2000-04-19,0,19.4142,26.546302631578946
2000-04-20,0,19.418,28.932236842105265
2000-04-21,0,21.4662,22.316857142857142
2000-04-22,0,81.792,6.97755
2000-04-23,0,76.695,6.621930000000001
2000-04-24,0,20.456,27.04955
2000-04-25,0,21.482999999999997,22.92642857142857
2000-04-26,0,19.440800000000003,26.32073684210526
2000-04-27,0,19.4446,29.73990789473684
2000-04-28,0,18.4248,27.224555555555558
2000-04-29,0,85.9992,6.693375
2000-04-30,0,69.632,7.937058823529412
2000-05-01,0,21.5082,25.167535714285716
2000-05-02,0,19.4636,26.304868421052632
2000-05-03,0,20.491999999999997,24.8926125
2000-05-04,0,18.446399999999997,25.889555555555553
2000-05-05,0,21.525,24.50446428571429
2000-05-06,0,93.29319999999998,5.962296703296704
2000-05-07,0,74.8542,7.0526472602739725
2000-05-08,0,18.460800000000003,27.921333333333337
2000-05-09,0,19.4902,29.50061842105263
2000-05-10,0,18.468,30.917638888888888
2000-05-11,0,18.4716,26.622000000000003
2000-05-12,0,21.5544,25.13633333333333
2000-05-13,0,78.02159999999999,6.403430921052632
2000-05-14,0,89.3316,5.820862068965517
2000-05-15,0,20.54,23.776249999999997
2000-05-16,0,20.543999999999997,28.1765
2000-05-17,0,18.4932,26.373375000000003
2000-05-18,0,20.552,25.603875
2000-05-19,0,18.5004,27.075958333333336
2000-05-20,0,87.38,6.222176470588235
2000-05-21,0,77.115,6.8188466666666665
2000-05-22,0,19.5396,29.866000000000003
2000-05-23,0,19.5434,25.34861842105263
2000-05-24,0,20.576,24.8122
2000-05-25,0,21.608999999999998,25.116726190476186
2000-05-26,0,19.554799999999997,26.67623684210526
2000-05-27,0,77.20500000000001,7.036076666666667
2000-05-28,0,84.4272,6.841670731707317
2000-05-29,0,20.596,27.7983
2000-05-30,0,19.57,28.340131578947368
2000-05-31,0,19.5738,26.052986842105263
2000-06-01,0,18.5472,28.256666666666668
2000-06-02,0,21.642599999999998,26.945059523809523
2000-06-03,0,88.6488,5.71175
2000-06-04,0,70.10799999999999,8.157242647058824
2000-06-05,0,20.624,27.6374
2000-06-06,0,19.596600000000002,29.536578947368422
2000-06-07,0,20.632,26.039475000000003
2000-06-08,0,21.6678,26.884964285714286
2000-06-09,0,20.64,25.48
2000-06-10,0,79.4794,7.403337662337662
2000-06-11,0,83.6244,5.998932098765432
2000-06-12,0,18.5868,27.464236111111113
2000-06-13,0,21.6888,25.826714285714285
2000-06-14,0,19.627,29.429013157894737
2000-06-15,0,21.6972,22.615428571428573
2000-06-16,0,20.668000000000003,25.106175
2000-06-17,0,94.05760000000001,5.874131868131869
2000-06-18,0,71.3322,7.8999528985507235
2000-06-19,0,20.68,26.114625
2000-06-20,0,19.6498,29.36164473684211
2000-06-21,0,18.6192,27.175944444444443
2000-06-22,0,20.692,25.768275
2000-06-23,0,18.6264,31.131083333333336
2000-06-24,0,89.00999999999999,5.983357558139535
2000-06-25,0,90.0624,6.132000000000001
2000-06-26,0,18.6372,28.77488888888889
2000-06-27,0,21.747600000000002,27.057523809523808
2000-06-28,0,21.751800000000003,24.576500000000003
2000-06-29,0,20.72,23.87825
2000-06-30,0,19.6878,26.84642105263158
2000-07-01,0,71.5116,7.22758695652174
2000-07-02,0,82.928,7.032668749999999
2000-07-03,0,19.699199999999998,29.398105263157895
2000-07-04,0,20.74,24.90075
2000-07-05,0,19.706799999999998,28.530894736842104
2000-07-06,0,21.785400000000003,25.869678571428576
2000-07-07,0,18.6768,27.221999999999998
2000-07-08,0,93.402,5.713330555555555
2000-07-09,0,89.268,5.8952325581395355
2000-07-10,0,20.764,26.7700125
2000-07-11,0,21.8064,26.748952380952385
2000-07-12,0,19.7334,27.64069736842105
2000-07-13,0,19.737199999999998,24.832894736842107
2000-07-14,0,20.779999999999998,24.383437500000003
2000-07-15,0,70.6656,7.2658676470588235
2000-07-16,0,78.99440000000001,7.1652730263157896
2000-07-17,0,18.7128,26.587333333333333
2000-07-18,0,20.796,23.986787500000002
2000-07-19,0,19.76,29.565789473684212
2000-07-20,0,20.804000000000002,24.838412499999997
2000-07-21,0,18.7272,31.748444444444445
2000-07-22,0,91.5728,5.755244318181819
2000-07-23,0,81.1824,6.305999999999999
2000-07-24,0,20.82,27.017125
2000-07-25,0,19.782799999999998,29.99542105263158
2000-07-26,0,18.7452,27.637652777777777
2000-07-27,0,20.832,28.561799999999998
2000-07-28,0,21.8778,24.301964285714284
2000-07-29,0,90.654,6.327097701149425
2000-07-30,0,77.1228,6.444537162162163
2000-07-31,0,21.8904,25.42242857142857
2000-08-01,0,19.8094,25.66603947368421
2000-08-02,0,18.7704,31.019722222222224
2000-08-03,0,18.773999999999997,31.02708333333333
2000-08-04,0,21.9072,24.49295238095238
2000-08-05,0,74.0814,7.409447183098591
2000-08-06,0,91.83680000000001,5.524142045454545
2000-08-07,0,21.919800000000002,22.702238095238098
2000-08-08,0,20.880000000000003,26.269499999999997
2000-08-09,0,21.9282,24.723
2000-08-10,0,21.9324,24.98016666666667
2000-08-11,0,18.802799999999998,29.79561111111111
2000-08-12,0,72.0912,7.422608695652174
2000-08-13,0,83.6,7.076874999999999
2000-08-14,0,18.813599999999997,31.04936111111111
2000-08-15,0,20.908,27.264150000000004
2000-08-16,0,20.912000000000003,27.957649999999997
2000-08-17,0,20.916,25.8497625
2000-08-18,0,18.828,29.786250000000003
2000-08-19,0,83.696,6.029175
2000-08-20,0,81.6192,6.415820512820513
2000-08-21,0,20.932,26.191687499999997
2000-08-22,0,19.8892,28.858052631578946
2000-08-23,0,20.939999999999998,28.3745
2000-08-24,0,18.8496,28.00466666666666
2000-08-25,0,21.995400000000004,25.270678571428572
2000-08-26,0,80.66520000000001,6.94866883116883
2000-08-27,0,91.1586,5.785991379310345
2000-08-28,0,19.912,25.21684210526316
2000-08-29,0,18.8676,27.684305555555554
2000-08-30,0,18.8712,30.518833333333333
2000-08-31,0,18.8748,28.345597222222224
2000-09-01,0,19.9272,30.15473684210526
2000-09-02,0,92.312,6.62075284090909
2000-09-03,0,95.4772,5.319164835164836
2000-09-04,0,22.037399999999998,26.341511904761905
2000-09-05,0,22.041600000000003,23.768571428571427
2000-09-06,0,19.9462,28.904381578947365
2000-09-07,0,22.05,23.982142857142858
2000-09-08,0,19.9538,26.009407894736842
2000-09-09,0,92.4352,6.063931818181818
2000-09-10,0,94.554,5.8833166666666665
2000-09-11,0,22.0668,23.295714285714283
2000-09-12,0,21.02,24.572625000000002
2000-09-13,0,19.9728,30.072000000000003
2000-09-14,0,22.079400000000003,24.57910714285714
2000-09-15,0,21.032000000000004,26.239925
2000-09-16,0,72.5742,7.360663043478261
2000-09-17,0,95.732,6.2495604395604385
2000-09-18,0,22.0962,25.46454761904762
2000-09-19,0,22.1004,25.572000000000003
2000-09-20,0,18.9468,28.301583333333333
2000-09-21,0,21.055999999999997,26.3302
2000-09-22,0,21.06,27.0294375
2000-09-23,0,95.84119999999999,6.106005494505495
2000-09-24,0,87.4322,6.1948614457831335
2000-09-25,0,21.072000000000003,24.967799999999997
2000-09-26,0,18.968400000000003,32.37325
2000-09-27,0,21.080000000000002,25.94025
2000-09-28,0,22.1382,25.981916666666663
2000-09-29,0,21.088,27.8214
2000-09-30,0,78.0404,7.535493243243243
2000-10-01,0,77.0004,7.567321917808219
2000-10-02,0,22.154999999999998,23.766964285714288
2000-10-03,0,18.993599999999997,29.813222222222223
2000-10-04,0,21.107999999999997,27.5331875
2000-10-05,0,22.1676,23.732714285714287
2000-10-06,0,22.1718,26.947511904761903
2000-10-07,0,84.48,6.6875
2000-10-08,0,72.87780000000001,8.112184782608695
2000-10-09,0,21.128,26.86955
2000-10-10,0,22.1886,26.56479761904762
2000-10-11,0,22.1928,23.613
2000-10-12,0,22.197,23.924583333333334
2000-10-13,0,19.0296,27.144666666666662
2000-10-14,0,93.0512,5.870267045454546
2000-10-15,0,90.95360000000001,5.896000000000001
2000-10-16,0,20.098200000000002,29.910131578947368
2000-10-17,0,22.218,26.352857142857143
2000-10-18,0,21.164,28.427875000000004
2000-10-19,0,22.2264,24.474619047619047
2000-10-20,0,21.172,24.4164375
2000-10-21,0,96.35079999999999,5.615230769230768
2000-10-22,0,76.24799999999999,7.769774305555555
2000-10-23,0,21.183999999999997,25.8834
2000-10-24,0,21.188,26.802537499999996
2000-10-25,0,22.251600000000003,26.095
2000-10-26,0,21.196,27.513600000000004
2000-10-27,0,22.26,23.75238095238095
2000-10-28,0,78.4548,6.713047297297297
2000-10-29,0,75.2884,7.710274647887323
2000-10-30,0,19.0908,29.822180555555555
2000-10-31,0,19.0944,31.383333333333336
2000-11-01,0,21.22,27.390562499999998
2000-11-02,0,19.101599999999998,28.766472222222223
2000-11-03,0,19.105199999999996,27.636583333333338
2000-11-04,0,75.37360000000001,8.069915492957746
2000-11-05,0,76.4496,7.346246527777779
2000-11-06,0,21.240000000000002,24.728624999999997
2000-11-07,0,21.244,29.260912499999996
2000-11-08,0,21.248,24.362800000000004
2000-11-09,0,19.1268,31.928180555555553
2000-11-10,0,20.1932,27.98423684210526
2000-11-11,0,89.292,6.9219791666666675
2000-11-12,0,83.99279999999999,6.378392405063291
2000-11-13,0,22.3314,26.570107142857147
2000-11-14,0,19.144800000000004,28.36686111111111
2000-11-15,0,20.212200000000003,27.221065789473684
2000-11-16,0,22.344,26.845714285714287
2000-11-17,0,19.1556,30.427041666666668
2000-11-18,0,81.9588,7.086396103896104
2000-11-19,0,76.6512,7.490197916666667
2000-11-20,0,19.1664,28.406277777777778
2000-11-21,0,22.365,26.72232142857143
2000-11-22,0,22.3692,25.4925
2000-11-23,0,19.1772,32.572694444444444
2000-11-24,0,19.1808,28.43255555555556
2000-11-25,0,72.4744,8.753492647058822
2000-11-26,0,93.808,5.781534090909091
2000-11-27,0,22.3902,26.707833333333337
2000-11-28,0,22.3944,27.178142857142856
2000-11-29,0,22.3986,24.55366666666667
2000-11-30,0,20.269199999999998,27.486684210526313
2000-12-01,0,19.206,31.12770833333333
2000-12-02,0,77.90559999999999,6.919780821917809
2000-12-03,0,76.85279999999999,7.153038194444444
2000-12-04,0,20.2844,29.110263157894735
2000-12-05,0,19.2204,27.540597222222225
2000-12-06,0,20.292,28.666842105263157
2000-12-07,0,20.2958,27.13125
2000-12-08,0,20.2996,30.67965789473684
2000-12-09,0,76.9392,8.128045138888888
2000-12-10,0,78.0224,7.631753424657535
2000-12-11,0,22.448999999999998,26.32863095238095
2000-12-12,0,20.314799999999998,29.79297368421053
2000-12-13,0,20.318599999999996,29.799828947368418
2000-12-14,0,20.3224,28.776894736842102
2000-12-15,0,19.256400000000003,31.04702777777778
2000-12-16,0,74.9,8.109642857142857
2000-12-17,0,97.3882,6.41892032967033
2000-12-18,0,19.2672,32.57955555555556
2000-12-19,0,20.3414,28.46632894736842
2000-12-20,0,20.3452,31.280052631578947
2000-12-21,0,22.491,23.382202380952382
2000-12-22,0,19.281599999999997,30.371
2000-12-23,0,91.06899999999999,5.779432352941177
2000-12-24,0,93.2292,5.6979597701149425
2000-12-25,0,20.3642,26.956973684210524
2000-12-26,0,20.368000000000002,27.13526315789474
2000-12-27,0,20.3718,27.600539473684208
2000-12-28,0,22.520400000000002,26.223928571428573
2000-12-29,0,19.3068,33.32847222222222
2000-12-30,0,79.38719999999999,7.032527027027027
2000-12-31,0,75.11,7.015178571428572
2001-01-01,0,21.464,26.032275
2001-01-02,0,22.5414,27.345738095238094
2001-01-03,0,19.324799999999996,32.153333333333336
2001-01-04,0,22.5498,26.266011904761903
2001-01-05,0,22.554000000000002,26.063928571428573
2001-01-06,0,95.6038,6.409162921348315
2001-01-07,0,73.0592,7.876029411764706
2001-01-08,0,22.5666,27.903904761904766
2001-01-09,0,21.496,29.360475
2001-01-10,0,19.349999999999998,31.23263888888889
2001-01-11,0,19.3536,30.267333333333337
2001-01-12,0,22.583399999999997,27.460464285714284
2001-01-13,0,96.80400000000002,6.165683333333334
2001-01-14,0,97.8978,5.690293956043956
2001-01-15,0,19.368000000000002,32.910833333333336
2001-01-16,0,22.6002,27.798488095238095
2001-01-17,0,21.528,29.304624999999998
2001-01-18,0,21.532,29.475675
2001-01-19,0,22.6128,24.633904761904763
2001-01-20,0,78.621,7.253270547945205
2001-01-21,0,73.2496,8.643
2001-01-22,0,21.548,25.1704125
2001-01-23,0,21.552,27.80895
2001-01-24,0,19.4004,28.223708333333335
2001-01-25,0,21.560000000000002,28.699624999999997
2001-01-26,0,22.642200000000003,23.680035714285715
2001-01-27,0,85.1936,6.462911392405064
2001-01-28,0,85.2094,7.381908227848101
2001-01-29,0,19.4184,29.537444444444446
2001-01-30,0,20.500999999999998,27.179605263157892
2001-01-31,0,22.6632,23.549999999999997
2001-02-01,0,20.508599999999998,30.489723684210528
2001-02-02,0,21.592000000000002,27.927299999999995
2001-02-03,0,79.90520000000001,7.846864864864865
2001-02-04,0,86.4,6.47625
2001-02-05,0,20.5238,29.70675
2001-02-06,0,21.608,25.7517
2001-02-07,0,22.6926,25.841416666666667
2001-02-08,0,20.5352,29.727
2001-02-09,0,19.458,29.24430555555556
2001-02-10,0,90.82079999999999,6.2549464285714285
2001-02-11,0,82.18639999999999,7.161375
2001-02-12,0,21.631999999999998,29.864200000000004
2001-02-13,0,19.4724,30.005694444444444
2001-02-14,0,20.558,29.651447368421053
2001-02-15,0,22.726200000000002,24.73310714285714
2001-02-16,0,21.648,27.850749999999998
2001-02-17,0,79.0298,7.435602739726028
2001-02-18,0,83.3756,6.692655844155843
2001-02-19,0,22.743,25.438809523809525
2001-02-20,0,20.5808,29.691789473684214
2001-02-21,0,19.501199999999997,30.18283333333333
2001-02-22,0,21.671999999999997,26.39755
2001-02-23,0,21.676000000000002,26.7901875
2001-02-24,0,97.56,5.917888888888888
2001-02-25,0,88.90440000000001,6.415841463414634
2001-02-26,0,20.6036,31.303105263157892
2001-02-27,0,21.692,29.2470875
2001-02-28,0,22.7808,26.12266666666667
2001-03-01,0,21.7,26.6053125
2001-03-02,0,20.6188,30.399631578947368
2001-03-03,0,78.1488,7.224618055555554
2001-03-04,0,79.24879999999999,8.112945205479452
2001-03-05,0,20.630200000000002,31.58576315789474
2001-03-06,0,22.806,28.10940476190476
2001-03-07,0,19.5516,29.109208333333335
2001-03-08,0,20.6416,30.73242105263158
2001-03-09,0,20.6454,26.83131578947368
2001-03-10,0,77.1628,7.4160211267605645
2001-03-11,0,77.17699999999999,7.7612499999999995
2001-03-12,0,20.6568,29.65115789473684
2001-03-13,0,22.8354,25.618392857142858
