sinteticos/sales_sint_semanal_tend_caio.csv
date,item_nbr,unit_sales,price
2001-03-14,0,20.664399999999997,29.78131578947368
2001-03-15,0,21.756,26.744975
2001-03-16,0,19.584000000000003,29.600000000000005
2001-03-17,0,89.2324,7.081228658536585
2001-03-18,0,96.86760000000001,6.051601123595506
2001-03-19,0,21.772,27.0467625
2001-03-20,0,19.598399999999998,28.886
2001-03-21,0,19.602,31.608888888888888
2001-03-22,0,19.6056,31.492499999999996
2001-03-23,0,21.787999999999997,28.571975
2001-03-24,0,82.80959999999999,7.0816842105263165
2001-03-25,0,74.10640000000001,7.687610294117647
2001-03-26,0,22.89,24.21011904761905
2001-03-27,0,22.8942,25.805202380952377
2001-03-28,0,20.7176,30.57821052631579
2001-03-29,0,20.7214,26.425039473684212
2001-03-30,0,19.6344,30.373805555555556
2001-03-31,0,77.461,7.968802816901409
2001-04-01,0,98.208,6.807777777777778
2001-04-02,0,22.9194,24.460440476190474
2001-04-03,0,22.923599999999997,25.845785714285714
2001-04-04,0,20.744200000000003,27.634065789473684
2001-04-05,0,20.748,26.99473684210526
2001-04-06,0,20.751800000000003,29.289986842105264
2001-04-07,0,96.1312,6.490181818181818
2001-04-08,0,88.5006,6.556753086419754
2001-04-09,0,20.7632,29.250947368421055
2001-04-10,0,20.767,28.963749999999997
2001-04-11,0,21.863999999999997,28.638225
2001-04-12,0,21.868,28.700474999999997
2001-04-13,0,21.872,28.31595
2001-04-14,0,95.16059999999999,6.7420258620689655
2001-04-15,0,96.272,6.4510227272727265
2001-04-16,0,21.884,28.279075000000002
2001-04-17,0,22.982400000000002,28.109714285714283
2001-04-18,0,20.7974,31.19328947368421
2001-04-19,0,21.896,28.242125
2001-04-20,0,21.9,26.1228125
2001-04-21,0,87.616,7.3154625
2001-04-22,0,77.7734,7.377591549295775
2001-04-23,0,23.007599999999996,24.575690476190474
2001-04-24,0,21.916000000000004,26.314125
2001-04-25,0,21.92,28.784000000000002
2001-04-26,0,20.8278,30.42363157894737
2001-04-27,0,21.928,28.79685
2001-04-28,0,89.9212,7.025189024390244
2001-04-29,0,85.5504,6.553538461538461
2001-04-30,0,23.037,26.803214285714287
2001-05-01,0,20.846799999999998,31.461026315789475
2001-05-02,0,19.7532,29.1655
2001-05-03,0,19.7568,32.164
2001-05-04,0,23.0538,28.857857142857142
2001-05-05,0,79.05600000000001,8.387569444444445
2001-05-06,0,75.7758,8.91691304347826
2001-05-07,0,19.7712,34.2515
2001-05-08,0,23.0706,28.99054761904762
2001-05-09,0,20.8772,30.807552631578947
2001-05-10,0,23.079,27.933214285714286
2001-05-11,0,23.083199999999998,25.423809523809528
2001-05-12,0,75.8586,8.195619565217392
2001-05-13,0,94.56559999999999,6.747
2001-05-14,0,23.095800000000004,25.172976190476188
2001-05-15,0,20.900000000000002,28.06578947368421
2001-05-16,0,23.104200000000002,27.595416666666672
2001-05-17,0,20.907600000000002,30.862394736842106
2001-05-18,0,22.012,25.6108125
2001-05-19,0,92.4672,6.890047619047618
2001-05-20,0,93.585,6.678
2001-05-21,0,19.8216,28.850916666666667
2001-05-22,0,20.9266,28.405960526315788
2001-05-23,0,22.031999999999996,26.2591
2001-05-24,0,22.035999999999998,25.814025
2001-05-25,0,20.938000000000002,28.543552631578944
2001-05-26,0,88.176,6.8228875
2001-05-27,0,74.9632,8.04529411764706
2001-05-28,0,20.9494,30.40336842105263
2001-05-29,0,20.9532,27.321578947368423
2001-05-30,0,20.957,31.07032894736842
2001-05-31,0,20.9608,31.612000000000002
2001-06-01,0,22.067999999999998,26.7067625
2001-06-02,0,87.1844,7.749227848101266
2001-06-03,0,87.20020000000001,7.579335443037976
2001-06-04,0,20.976000000000003,32.29421052631579
2001-06-05,0,20.9798,31.528026315789475
2001-06-06,0,22.088,27.92335
2001-06-07,0,23.1966,27.784142857142857
2001-06-08,0,22.096,28.44465
2001-06-09,0,89.505,7.681327160493828
2001-06-10,0,95.0472,6.512703488372092
2001-06-11,0,19.897199999999998,32.757875
2001-06-12,0,23.217599999999997,24.364952380952385
2001-06-13,0,19.9044,28.494958333333333
2001-06-14,0,22.12,30.067875
2001-06-15,0,21.0178,31.00157894736842
2001-06-16,0,91.83120000000001,6.70244578313253
2001-06-17,0,90.7412,6.329615853658536
2001-06-18,0,23.2428,29.039190476190477
2001-06-19,0,22.14,25.622750000000003
2001-06-20,0,21.0368,30.259894736842103
2001-06-21,0,23.255399999999998,25.115535714285713
2001-06-22,0,22.151999999999997,27.6818
2001-06-23,0,100.80980000000001,6.25982967032967
2001-06-24,0,98.61200000000001,5.751516853932584
2001-06-25,0,19.9476,29.20115277777778
2001-06-26,0,21.0596,29.58276315789474
2001-06-27,0,21.0634,30.067486842105264
2001-06-28,0,21.0672,32.22652631578948
2001-06-29,0,21.070999999999998,31.515986842105264
2001-06-30,0,82.0808,6.957222972972974
2001-07-01,0,96.5178,6.4938477011494244
2001-07-02,0,23.301599999999997,26.096857142857143
2001-07-03,0,23.305799999999998,29.081107142857146
2001-07-04,0,21.090000000000003,30.473026315789475
2001-07-05,0,21.0938,30.958776315789475
2001-07-06,0,22.208000000000002,28.620699999999996
2001-07-07,0,81.0738,7.99893493150685
2001-07-08,0,75.5344,7.701617647058824
2001-07-09,0,21.108999999999998,32.84394736842105
2001-07-10,0,21.1128,29.973684210526315
2001-07-11,0,20.0052,31.519250000000003
2001-07-12,0,22.232,30.367675
2001-07-13,0,22.235999999999997,26.100275
2001-07-14,0,82.28800000000001,7.995405405405406
2001-07-15,0,91.2004,6.591201219512195
2001-07-16,0,20.023200000000003,33.32794444444445
2001-07-17,0,23.3646,28.573071428571428
2001-07-18,0,20.0304,33.089
2001-07-19,0,23.373,26.140059523809523
2001-07-20,0,23.3772,26.961142857142857
2001-07-21,0,82.3916,7.668239864864865
2001-07-22,0,86.8608,7.408358974358974
2001-07-23,0,21.1622,32.40382894736842
2001-07-24,0,23.394000000000002,25.84226190476191
2001-07-25,0,20.055600000000002,29.330583333333333
2001-07-26,0,21.1736,30.139105263157894
2001-07-27,0,21.177400000000002,29.724500000000003
2001-07-28,0,92.5284,7.4396385542168675
2001-07-29,0,75.82,8.409926470588236
2001-07-30,0,23.4192,27.67390476190476
2001-07-31,0,21.1926,32.2798947368421
2001-08-01,0,23.427599999999998,28.449
2001-08-02,0,21.2002,30.004499999999997
2001-08-03,0,21.204,32.24078947368421
2001-08-04,0,80.3664,7.444125
2001-08-05,0,85.9628,7.899487012987013
2001-08-06,0,23.4486,26.570488095238094
2001-08-07,0,23.4528,27.012857142857143
2001-08-08,0,20.106,30.439305555555556
2001-08-09,0,23.461199999999998,25.55057142857143
2001-08-10,0,22.348,26.719275
2001-08-11,0,88.29039999999999,6.940075949367089
2001-08-12,0,99.48419999999999,5.878044943820226
2001-08-13,0,23.477999999999998,26.064642857142857
2001-08-14,0,22.364,28.69375
2001-08-15,0,23.4864,27.224
2001-08-16,0,23.4906,29.14367857142857
2001-08-17,0,22.376,29.516450000000003
2001-08-18,0,92.877,7.224668674698795
2001-08-19,0,83.94,6.894
2001-08-20,0,22.387999999999998,26.949912499999996
2001-08-21,0,21.272399999999998,30.6735
2001-08-22,0,23.5158,26.499000000000002
2001-08-23,0,20.160000000000004,31.305555555555554
2001-08-24,0,21.283800000000003,31.722684210526314
2001-08-25,0,84.03,7.3171800000000005
2001-08-26,0,77.3214,7.955184782608695
2001-08-27,0,20.1744,30.56544444444445
2001-08-28,0,23.541,29.548750000000005
2001-08-29,0,22.424,29.420825
2001-08-30,0,20.1852,30.009486111111116
2001-08-31,0,22.432,27.935999999999996
2001-09-01,0,95.353,6.11370294117647
2001-09-02,0,94.24799999999999,6.503392857142858
2001-09-03,0,23.566200000000002,29.80682142857143
2001-09-04,0,22.448,30.61215
2001-09-05,0,20.2068,28.831249999999997
2001-09-06,0,22.456,29.298899999999996
2001-09-07,0,22.46,29.5936875
2001-09-08,0,95.472,6.706776470588235
2001-09-09,0,77.5146,7.611358695652174
2001-09-10,0,21.348399999999998,28.011815789473687
2001-09-11,0,22.476,30.4276625
2001-09-12,0,21.356,30.82026315789474
2001-09-13,0,23.608200000000004,26.130654761904765
2001-09-14,0,20.2392,33.252722222222225
2001-09-15,0,101.214,6.613458333333334
2001-09-16,0,87.73440000000001,7.143487179487179
2001-09-17,0,23.625,28.90625
2001-09-18,0,23.6292,25.718357142857144
2001-09-19,0,22.508,29.4392875
2001-09-20,0,21.3864,27.707105263157892
2001-09-21,0,20.2644,35.167541666666665
2001-09-22,0,81.07199999999999,7.989965277777777
2001-09-23,0,76.58160000000001,8.955536764705883
2001-09-24,0,20.2752,30.107999999999997
2001-09-25,0,21.4054,32.24811842105263
2001-09-26,0,21.409200000000002,27.68205263157895
2001-09-27,0,20.286,29.805625
2001-09-28,0,22.544,30.07605
2001-09-29,0,82.3002,8.464113013698631
2001-09-30,0,81.18719999999999,7.375708333333333
2001-10-01,0,20.3004,34.59920833333334
2001-10-02,0,21.432000000000002,33.27368421052631
2001-10-03,0,22.564,30.3405375
2001-10-04,0,22.568,28.490275000000004
2001-10-05,0,22.572000000000003,27.6838875
2001-10-06,0,85.78880000000001,7.71453947368421
2001-10-07,0,97.094,7.089026162790697
2001-10-08,0,22.584,26.2499
2001-10-09,0,21.4586,30.144355263157895
2001-10-10,0,20.3328,33.891666666666666
2001-10-11,0,20.336399999999998,34.99663888888889
2001-10-12,0,21.47,32.978289473684214
2001-10-13,0,88.1556,7.930551282051281
2001-10-14,0,102.86640000000001,6.5690329670329675
2001-10-15,0,21.4814,28.224118421052633
2001-10-16,0,23.7468,26.871309523809522
2001-10-17,0,20.358,31.356597222222224
2001-10-18,0,20.3616,31.04
2001-10-19,0,21.4966,29.657736842105262
2001-10-20,0,101.844,6.611772222222223
2001-10-21,0,101.862,6.095524999999999
2001-10-22,0,22.64,31.74625
2001-10-23,0,21.5118,30.54181578947368
2001-10-24,0,20.383200000000002,31.27425
2001-10-25,0,21.5194,30.002723684210526
2001-10-26,0,22.656,30.0828
2001-10-27,0,97.438,6.685595930232559
2001-10-28,0,94.0556,6.661698795180723
2001-10-29,0,22.668,30.510512499999997
2001-10-30,0,20.404799999999998,32.80566666666667
2001-10-31,0,20.4084,30.932125000000003
2001-11-01,0,20.412,33.98722222222222
2001-11-02,0,21.5498,27.780157894736845
2001-11-03,0,103.2304,5.878505494505494
2001-11-04,0,81.69120000000001,7.853236111111111
2001-11-05,0,20.4264,29.537083333333335
2001-11-06,0,22.7,26.530624999999997
2001-11-07,0,20.4336,34.4855
2001-11-08,0,23.8434,25.556464285714284
2001-11-09,0,21.5764,31.022526315789474
2001-11-10,0,98.8146,6.978163793103449
2001-11-11,0,90.88000000000001,7.51725
2001-11-12,0,21.5878,29.995355263157894
2001-11-13,0,22.728,30.550050000000006
2001-11-14,0,20.4588,31.675291666666666
2001-11-15,0,22.736,31.8512
2001-11-16,0,22.740000000000002,27.758625000000002
2001-11-17,0,84.1528,7.994695945945947
2001-11-18,0,77.3432,9.0810625
2001-11-19,0,20.476799999999997,30.732444444444443
2001-11-20,0,22.756,28.192612500000003
2001-11-21,0,22.759999999999998,30.191874999999996
2001-11-22,0,22.763999999999996,29.78785
2001-11-23,0,23.9064,30.27457142857143
2001-11-24,0,94.5038,7.223262048192771
2001-11-25,0,88.8264,7.071089743589743
2001-11-26,0,20.502,29.995833333333337
2001-11-27,0,21.6448,33.55168421052631
2001-11-28,0,22.788,30.5305
2001-11-29,0,21.6524,30.413368421052635
2001-11-30,0,20.516399999999997,31.914041666666666
2001-12-01,0,95.76,7.133928571428571
2001-12-02,0,88.93560000000001,7.2323076923076925
2001-12-03,0,21.6676,28.397605263157896
2001-12-04,0,21.671400000000002,30.5695
2001-12-05,0,23.9568,29.679999999999996
2001-12-06,0,21.679000000000002,30.95394736842105
2001-12-07,0,23.9652,25.49083333333333
2001-12-08,0,78.75659999999999,7.964380434782608
2001-12-09,0,78.7704,9.296594202898552
2001-12-10,0,20.5524,32.962999999999994
2001-12-11,0,20.555999999999997,32.642916666666665
2001-12-12,0,22.843999999999998,32.152575000000006
2001-12-13,0,23.9904,27.71104761904762
2001-12-14,0,21.709400000000002,29.33222368421053
2001-12-15,0,79.99600000000001,8.51887142857143
2001-12-16,0,94.869,6.44762048192771
2001-12-17,0,21.7208,31.274526315789476
2001-12-18,0,20.5812,35.50852777777777
2001-12-19,0,20.584799999999998,32.17413888888889
2001-12-20,0,22.875999999999998,30.9684375
2001-12-21,0,20.592,33.43333333333333
2001-12-22,0,77.80560000000001,8.41795955882353
2001-12-23,0,90.4076,7.889924050632911
2001-12-24,0,20.602800000000002,31.88025
2001-12-25,0,24.0408,30.81847619047619
2001-12-26,0,24.045,25.7625
2001-12-27,0,22.904,29.714724999999998
2001-12-28,0,20.6172,33.220305555555555
2001-12-29,0,99.6672,6.426275862068965
2001-12-30,0,103.122,6.870186111111111
2001-12-31,0,22.919999999999998,28.025250000000003
2002-01-01,0,20.6316,32.131375
2002-01-02,0,24.0744,26.082333333333334
2002-01-03,0,22.932000000000002,32.1844
2002-01-04,0,22.936,27.279675
2002-01-05,0,89.46600000000001,7.375673076923078
2002-01-06,0,100.9536,6.6196363636363635
2002-01-07,0,21.8006,33.96927631578948
2002-01-08,0,21.804399999999998,31.856815789473682
2002-01-09,0,22.956,29.61875
2002-01-10,0,20.663999999999998,35.87916666666667
2002-01-11,0,20.6676,29.762944444444443
2002-01-12,0,99.91080000000001,6.60882183908046
2002-01-13,0,93.0366,7.055944444444445
2002-01-14,0,20.6784,34.986999999999995
2002-01-15,0,24.129,29.260833333333334
2002-01-16,0,22.984,29.6625
2002-01-17,0,24.1374,25.59989285714286
2002-01-18,0,24.1416,30.522857142857145
2002-01-19,0,103.482,6.991583333333334
2002-01-20,0,86.25,8.17
2002-01-21,0,20.703599999999998,31.673333333333336
2002-01-22,0,24.1584,27.493714285714283
2002-01-23,0,24.1626,27.386333333333333
2002-01-24,0,23.016000000000002,28.821125
2002-01-25,0,20.718,34.40770833333333
2002-01-26,0,102.4568,7.187438202247192
2002-01-27,0,93.2634,6.915268518518518
2002-01-28,0,24.1836,29.057785714285714
2002-01-29,0,21.8842,31.058736842105265
2002-01-30,0,20.735999999999997,35.83222222222222
2002-01-31,0,23.044000000000004,30.172837500000004
2002-02-01,0,21.8956,31.830210526315792
2002-02-02,0,92.208,6.831928124999999
2002-02-03,0,91.0712,7.960101265822785
2002-02-04,0,24.213,25.640238095238097
2002-02-05,0,24.2172,30.75204761904762
2002-02-06,0,23.067999999999998,31.521787500000002
2002-02-07,0,21.9184,32.37221052631579
2002-02-08,0,20.7684,31.925805555555556
2002-02-09,0,92.32,7.438218749999999
2002-02-10,0,79.6398,9.386423913043478
2002-02-11,0,23.088,29.347800000000003
2002-02-12,0,23.092000000000002,28.4590125
2002-02-13,0,21.941200000000002,32.789842105263155
2002-02-14,0,21.945,31.728618421052634
2002-02-15,0,24.2592,25.585714285714282
2002-02-16,0,103.986,5.9845194444444445
2002-02-17,0,84.3588,8.623308219178083
2002-02-18,0,24.2718,27.593035714285712
2002-02-19,0,21.964,30.881315789473685
2002-02-20,0,24.2802,25.954
2002-02-21,0,20.8152,36.06425
2002-02-22,0,21.9754,32.34818421052632
2002-02-23,0,87.91680000000001,7.207473684210526
2002-02-24,0,85.618,8.034273648648648
2002-02-25,0,20.8296,32.70433333333333
2002-02-26,0,23.148,27.704762499999998
2002-02-27,0,21.9944,33.768
2002-02-28,0,24.3138,27.878821428571424
2002-03-01,0,22.002,31.071973684210526
2002-03-02,0,101.92159999999998,6.4242954545454545
2002-03-03,0,89.19680000000001,8.18374025974026
2002-03-04,0,22.0134,28.568802631578947
2002-03-05,0,22.017200000000003,31.47639473684211
2002-03-06,0,23.18,32.36625
2002-03-07,0,23.184,29.075750000000003
2002-03-08,0,20.8692,30.847374999999996
2002-03-09,0,82.3316,9.089169014084506
2002-03-10,0,92.78399999999999,8.1583
2002-03-11,0,23.2,31.5
2002-03-12,0,23.204,32.6468
2002-03-13,0,24.3684,27.782999999999998
2002-03-14,0,20.890800000000002,30.685833333333335
2002-03-15,0,20.8944,35.16261111111111
2002-03-16,0,94.041,6.999876543209877
2002-03-17,0,91.7348,7.330670886075949
2002-03-18,0,24.3894,31.417178571428572
2002-03-19,0,24.3936,29.363142857142854
2002-03-20,0,20.912399999999998,31.859625
2002-03-21,0,20.915999999999997,35.874583333333334
2002-03-22,0,22.081799999999998,33.04397368421053
2002-03-23,0,99.9664,7.176034883720931
2002-03-24,0,84.86980000000001,8.801856164383562
2002-03-25,0,23.256,30.44855
2002-03-26,0,20.934,34.306875
2002-03-27,0,22.1008,29.02273684210526
2002-03-28,0,22.1046,32.51475
2002-03-29,0,23.272,30.8352
2002-03-30,0,81.466,8.743042857142857
2002-03-31,0,102.43199999999999,7.120454545454546
2002-04-01,0,24.448200000000003,28.06510714285714
2002-04-02,0,22.123600000000003,31.343
2002-04-03,0,24.4566,31.464333333333336
2002-04-04,0,20.9664,30.284
2002-04-05,0,22.135,34.53684210526316
2002-04-06,0,79.2336,8.037419117647058
2002-04-07,0,90.9012,7.4106826923076925
2002-04-08,0,22.1464,29.920894736842108
2002-04-09,0,23.316,29.758712499999998
2002-04-10,0,22.154,30.441710526315788
2002-04-11,0,20.9916,36.63508333333333
2002-04-12,0,23.327999999999996,31.2268
2002-04-13,0,103.82740000000001,6.258463483146068
2002-04-14,0,96.84440000000001,6.886993975903613
2002-04-15,0,22.173000000000002,29.518947368421053
2002-04-16,0,23.344,29.318250000000003
2002-04-17,0,24.5154,27.9855
2002-04-18,0,24.5196,30.352690476190475
2002-04-19,0,21.0204,36.56133333333334
2002-04-20,0,94.60799999999999,7.857530864197531
2002-04-21,0,93.45599999999999,7.594318750000001
2002-04-22,0,22.199600000000004,30.708473684210524
2002-04-23,0,22.203400000000002,31.79811842105263
2002-04-24,0,23.376,30.941050000000004
2002-04-25,0,24.549,30.050535714285715
2002-04-26,0,21.0456,35.40272222222222
2002-04-27,0,85.3662,8.69804109589041
2002-04-28,0,105.264,6.2485333333333335
2002-04-29,0,23.396,28.1848125
2002-04-30,0,21.06,34.75833333333333
2002-05-01,0,23.403999999999996,31.5921375
2002-05-02,0,24.5784,30.787095238095237
2002-05-03,0,22.241400000000002,28.99028947368421
2002-05-04,0,79.6144,8.512345588235295
2002-05-05,0,99.535,6.797000000000001
2002-05-06,0,24.595200000000002,29.88752380952381
2002-05-07,0,23.428,30.113400000000002
2002-05-08,0,24.6036,29.321499999999997
2002-05-09,0,23.436,27.574825
2002-05-10,0,22.267999999999997,31.334210526315793
2002-05-11,0,94.94819999999999,7.381518518518519
2002-05-12,0,96.13680000000001,6.833481707317073
2002-05-13,0,23.452,32.0350125
2002-05-14,0,22.2832,33.215999999999994
2002-05-15,0,21.114,35.20368055555556
2002-05-16,0,23.464,27.614549999999998
2002-05-17,0,24.6414,29.66552380952381
2002-05-18,0,89.1936,7.398078947368421
2002-05-19,0,98.5992,7.912125
2002-05-20,0,22.305999999999997,35.11526315789474
2002-05-21,0,21.135599999999997,31.39088888888889
2002-05-22,0,24.662399999999998,26.97
2002-05-23,0,22.317400000000003,30.712723684210527
2002-05-24,0,22.3212,32.578842105263156
2002-05-25,0,82.25,8.04375
2002-05-26,0,103.41760000000001,7.133920454545455
2002-05-27,0,23.508,29.871624999999998
2002-05-28,0,23.512,30.2436
2002-05-29,0,24.6918,28.80933333333333
