sinteticos/sales_sint_semanal_tend_caio.csv
date,item_nbr,unit_sales,price
2002-05-30,0,24.695999999999998,30.558095238095238
2002-05-31,0,24.7002,29.286
2002-06-01,0,98.81760000000001,7.628125
2002-06-02,0,84.71520000000001,8.884347222222223
2002-06-03,0,24.7128,29.885428571428573
2002-06-04,0,23.54,28.455125
2002-06-05,0,24.7212,30.653833333333335
2002-06-06,0,22.3706,31.63689473684211
2002-06-07,0,22.3744,30.357052631578945
2002-06-08,0,104.82419999999999,6.94897191011236
2002-06-09,0,90.70599999999999,7.970064935064935
2002-06-10,0,22.3858,34.10828947368421
2002-06-11,0,23.567999999999998,28.43475
2002-06-12,0,22.393400000000003,29.036092105263155
2002-06-13,0,24.754800000000003,28.02397619047619
2002-06-14,0,23.580000000000002,33.653124999999996
2002-06-15,0,86.08160000000001,8.651835616438357
2002-06-16,0,102.6078,7.669152298850575
2002-06-17,0,24.7716,30.146023809523808
2002-06-18,0,22.4162,33.13271052631579
2002-06-19,0,23.599999999999998,28.542500000000004
2002-06-20,0,24.7842,29.230964285714286
2002-06-21,0,21.247200000000003,32.33958333333334
2002-06-22,0,96.8092,7.24986280487805
2002-06-23,0,86.1984,9.203397260273972
2002-06-24,0,21.258000000000003,30.7925
2002-06-25,0,22.442800000000002,30.662499999999998
2002-06-26,0,24.8094,29.033083333333334
2002-06-27,0,23.631999999999998,33.6198
2002-06-28,0,23.636,32.276675
2002-06-29,0,87.46799999999999,8.492972972972973
2002-06-30,0,105.21579999999999,7.145780898876404
2002-07-01,0,21.283199999999997,30.7
2002-07-02,0,23.652,32.4258
2002-07-03,0,23.656000000000002,31.572449999999996
2002-07-04,0,24.843,28.49529761904762
2002-07-05,0,24.8472,31.544333333333338
2002-07-06,0,88.755,8.834209999999999
2002-07-07,0,80.48479999999999,9.20316911764706
2002-07-08,0,21.3084,33.066611111111115
2002-07-09,0,22.496,29.52
2002-07-10,0,24.868199999999998,28.354333333333333
2002-07-11,0,21.319200000000002,33.01841666666666
2002-07-12,0,21.3228,31.794375
2002-07-13,0,93.59920000000001,7.183430379746836
2002-07-14,0,100.72500000000001,6.866029411764705
2002-07-15,0,23.704,33.804675
2002-07-16,0,22.5226,35.331776315789476
2002-07-17,0,21.3408,30.936888888888888
2002-07-18,0,24.901799999999998,31.803785714285716
2002-07-19,0,24.906,32.10369047619047
2002-07-20,0,80.66159999999999,9.481297794117648
2002-07-21,0,94.91199999999999,7.721662500000001
2002-07-22,0,23.732,29.166362499999998
2002-07-23,0,22.549200000000003,34.01863157894737
2002-07-24,0,24.927,28.082500000000003
2002-07-25,0,23.744,31.8372
2002-07-26,0,23.748,28.38775
2002-07-27,0,95.008,8.02425
2002-07-28,0,80.7704,8.389036764705882
2002-07-29,0,24.948,26.523095238095234
2002-07-30,0,24.952199999999998,31.940035714285713
2002-07-31,0,22.579600000000003,34.13881578947368
2002-08-01,0,23.772000000000002,30.770174999999995
2002-08-02,0,24.9648,26.485714285714284
2002-08-03,0,103.44300000000001,6.664382183908046
2002-08-04,0,80.8656,8.837338235294117
2002-08-05,0,23.788,32.526525
2002-08-06,0,21.4128,37.11
2002-08-07,0,22.6062,30.60565789473684
2002-08-08,0,24.99,27.93214285714286
2002-08-09,0,24.9942,29.057654761904757
2002-08-10,0,97.6128,7.654463414634146
2002-08-11,0,95.24799999999999,7.383065625000001
2002-08-12,0,23.816000000000003,34.058749999999996
2002-08-13,0,21.438000000000002,34.34090277777778
2002-08-14,0,22.6328,30.974999999999998
2002-08-15,0,21.4452,30.98125
2002-08-16,0,25.0236,27.20997619047619
2002-08-17,0,101.303,7.132208823529411
2002-08-18,0,82.24799999999999,8.73391304347826
2002-08-19,0,23.843999999999998,33.2387
2002-08-20,0,21.463199999999997,33.148916666666665
2002-08-21,0,21.466800000000003,34.396347222222225
2002-08-22,0,25.0488,28.720285714285716
2002-08-23,0,22.667,35.66960526315789
2002-08-24,0,84.7172,8.550612676056339
2002-08-25,0,82.3446,8.818224637681158
2002-08-26,0,22.6784,32.42273684210526
2002-08-27,0,21.4884,36.92243055555556
2002-08-28,0,25.073999999999998,32.541666666666664
2002-08-29,0,23.884,34.175625000000004
2002-08-30,0,21.4992,34.11344444444444
2002-08-31,0,86.01119999999999,8.581878472222222
2002-09-01,0,83.63600000000001,8.2071
2002-09-02,0,25.095000000000002,32.27827380952381
2002-09-03,0,22.7088,30.641684210526314
2002-09-04,0,21.5172,34.70075
2002-09-05,0,23.912,28.74795
2002-09-06,0,23.916,32.11455
2002-09-07,0,106.444,7.442022471910113
2002-09-08,0,83.734,8.681171428571428
2002-09-09,0,23.927999999999997,29.829725
2002-09-10,0,21.538800000000002,33.35841666666666
2002-09-11,0,22.7392,32.85505263157895
2002-09-12,0,25.137,32.639880952380956
2002-09-13,0,21.5496,37.04875
2002-09-14,0,102.9764,6.726651162790698
2002-09-15,0,97.0056,8.467283950617283
2002-09-16,0,22.7582,34.46348684210526
2002-09-17,0,23.96,31.499375
2002-09-18,0,23.964,31.443299999999997
2002-09-19,0,25.1664,27.515428571428572
2002-09-20,0,22.7734,35.870763157894736
2002-09-21,0,100.6992,8.070660714285713
2002-09-22,0,89.92500000000001,9.14085
2002-09-23,0,25.1832,30.68971428571429
2002-09-24,0,25.1874,32.24254761904762
2002-09-25,0,25.1916,28.500500000000002
2002-09-26,0,22.7962,29.730894736842103
2002-09-27,0,21.599999999999998,34.375
2002-09-28,0,81.61359999999999,8.475959558823527
2002-09-29,0,82.82759999999999,8.336666666666666
2002-09-30,0,25.212600000000002,31.030511904761905
2002-10-01,0,21.614400000000003,36.278999999999996
2002-10-02,0,22.819000000000003,34.17888157894737
2002-10-03,0,22.8228,31.024026315789477
2002-10-04,0,22.8266,34.98311842105263
2002-10-05,0,108.144,7.553733333333334
2002-10-06,0,109.3638,7.348368131868132
2002-10-07,0,22.838,36.12473684210526
2002-10-08,0,25.246199999999998,30.90116666666667
2002-10-09,0,22.845599999999997,34.622368421052634
2002-10-10,0,22.8494,31.924894736842102
2002-10-11,0,21.6504,34.540888888888894
2002-10-12,0,98.646,7.522499999999999
2002-10-13,0,101.06880000000001,7.568785714285714
2002-10-14,0,21.6612,34.700916666666664
2002-10-15,0,25.2756,30.287214285714285
2002-10-16,0,21.6684,36.527166666666666
2002-10-17,0,24.08,32.629999999999995
2002-10-18,0,24.084,30.4398125
2002-10-19,0,104.7828,6.580551724137931
2002-10-20,0,87.93580000000001,8.979472602739726
2002-10-21,0,21.686400000000003,32.30711111111111
2002-10-22,0,24.1,30.589687500000004
2002-10-23,0,24.104,30.156
2002-10-24,0,21.697200000000002,33.652972222222225
2002-10-25,0,25.3176,28.43214285714286
2002-10-26,0,109.7278,6.673096153846154
2002-10-27,0,101.304,7.0809226190476195
2002-10-28,0,25.330199999999998,28.089749999999995
2002-10-29,0,25.3344,31.03066666666667
2002-10-30,0,24.131999999999998,32.5257625
2002-10-31,0,24.136000000000003,28.31625
2002-11-01,0,25.347,28.65154761904762
2002-11-02,0,105.02640000000001,7.004091954022988
2002-11-03,0,91.7624,8.847888157894737
2002-11-04,0,22.9444,30.824605263157896
2002-11-05,0,24.156,33.572337499999996
2002-11-06,0,22.951999999999998,34.61684210526316
2002-11-07,0,21.7476,31.64627777777778
2002-11-08,0,25.376399999999997,28.151166666666665
2002-11-09,0,109.9826,6.566983516483517
2002-11-10,0,105.16560000000001,6.739827586206897
2002-11-11,0,25.389000000000003,29.96970238095238
2002-11-12,0,24.184,34.691250000000004
2002-11-13,0,22.9786,29.883552631578947
2002-11-14,0,22.9824,32.21421052631579
2002-11-15,0,21.7764,37.86749999999999
2002-11-16,0,95.59,7.399208860759494
2002-11-17,0,87.1344,8.874326388888889
2002-11-18,0,22.9976,31.50852631578947
2002-11-19,0,23.001399999999997,34.24072368421052
2002-11-20,0,25.426799999999997,29.902833333333337
2002-11-21,0,23.009,30.130460526315787
2002-11-22,0,21.8016,35.111111111111114
2002-11-23,0,99.3348,8.202207317073173
2002-11-24,0,107.8324,7.132348314606741
2002-11-25,0,21.8124,33.16455555555556
2002-11-26,0,24.24,29.284750000000003
2002-11-27,0,21.819599999999998,38.590125
2002-11-28,0,21.8232,37.965
2002-11-29,0,25.464600000000004,33.150595238095235
2002-11-30,0,84.896,8.229
2002-12-01,0,97.04,7.439218749999999
2002-12-02,0,25.4772,30.57692857142857
2002-12-03,0,25.4814,32.99582142857143
2002-12-04,0,25.4856,31.37333333333333
2002-12-05,0,24.276,31.4911625
2002-12-06,0,23.066,31.75421052631579
2002-12-07,0,83.7798,9.95826811594203
2002-12-08,0,97.15199999999999,7.3544
2002-12-09,0,21.8628,37.413375
2002-12-10,0,23.0812,32.981
2002-12-11,0,21.87,38.27395833333333
2002-12-12,0,24.304000000000002,32.994
2002-12-13,0,23.0926,33.66852631578947
2002-12-14,0,105.7572,7.179241379310345
2002-12-15,0,99.6956,8.222405487804878
2002-12-16,0,25.535999999999998,29.45190476190476
2002-12-17,0,25.5402,32.845035714285714
2002-12-18,0,23.1116,36.37642105263158
2002-12-19,0,21.898799999999998,38.546083333333335
2002-12-20,0,23.119200000000003,34.58457894736842
2002-12-21,0,96.143,7.353939873417721
2002-12-22,0,94.94160000000001,8.916801282051283
2002-12-23,0,25.5654,27.312345238095233
2002-12-24,0,21.916800000000002,35.12133333333333
2002-12-25,0,24.356,34.9232625
2002-12-26,0,21.924,36.26625
2002-12-27,0,25.5822,27.879285714285714
2002-12-28,0,101.12719999999999,7.944746987951809
2002-12-29,0,86.52059999999999,8.966549295774648
2002-12-30,0,25.5948,32.989714285714285
2002-12-31,0,21.942,37.504861111111104
2003-01-01,0,21.945600000000002,33.05322222222222
2003-01-02,0,23.1686,30.649065789473685
2003-01-03,0,21.9528,33.20780555555556
2003-01-04,0,107.3424,7.373269886363636
2003-01-05,0,92.72,8.891447368421051
2003-01-06,0,24.404,34.304224999999995
2003-01-07,0,24.407999999999998,30.48445
2003-01-08,0,23.191399999999998,32.49805263157894
2003-01-09,0,21.974400000000003,35.01911111111111
2003-01-10,0,25.641000000000002,27.46976190476191
2003-01-11,0,106.2444,7.4976034482758624
2003-01-12,0,97.712,8.282915625
2003-01-13,0,23.2104,31.85778947368421
2003-01-14,0,25.6578,32.78275
2003-01-15,0,25.662,31.2075
2003-01-16,0,23.221799999999998,31.405749999999998
2003-01-17,0,22.0032,35.074
2003-01-18,0,97.80799999999999,7.9251499999999995
2003-01-19,0,100.2696,7.826914634146341
2003-01-20,0,25.683000000000003,29.8375
2003-01-21,0,23.2408,30.763315789473683
2003-01-22,0,25.6914,32.04216666666667
2003-01-23,0,22.0248,32.05858333333334
2003-01-24,0,24.476,30.905962499999998
2003-01-25,0,96.696,7.29113924050633
2003-01-26,0,88.1424,8.535000000000002
2003-01-27,0,25.7124,32.07347619047619
2003-01-28,0,24.491999999999997,30.9301125
2003-01-29,0,24.496000000000002,35.03535000000001
2003-01-30,0,24.5,33.953125
2003-01-31,0,22.053600000000003,32.46466666666666
2003-02-01,0,96.8066,8.07989240506329
2003-02-02,0,105.4016,7.274604651162791
2003-02-03,0,25.7418,27.782083333333333
2003-02-04,0,23.294,35.37
2003-02-05,0,22.0716,38.83881944444445
2003-02-06,0,23.3016,32.27757894736842
2003-02-07,0,24.531999999999996,34.8402375
2003-02-08,0,96.9172,8.49709493670886
2003-02-09,0,88.34400000000001,9.592465277777778
2003-02-10,0,23.3168,33.51915789473684
2003-02-11,0,25.7754,31.61701190476191
2003-02-12,0,25.779600000000002,31.623166666666666
2003-02-13,0,25.7838,30.34457142857143
2003-02-14,0,23.332,33.20710526315789
2003-02-15,0,98.256,8.48265
2003-02-16,0,89.6732,9.473958904109589
2003-02-17,0,22.1148,33.00091666666667
2003-02-18,0,25.804800000000004,28.475714285714286
2003-02-19,0,23.351000000000003,36.488881578947364
2003-02-20,0,22.125600000000002,34.94991666666667
2003-02-21,0,24.588,34.87092500000001
2003-02-22,0,97.1384,7.966367088607595
2003-02-23,0,106.9926,7.590336206896551
2003-02-24,0,24.6,33.088750000000005
2003-02-25,0,25.8342,32.80696428571428
2003-02-26,0,25.8384,29.317333333333334
2003-02-27,0,22.150799999999997,37.28768055555555
2003-02-28,0,24.616,29.248949999999997
2003-03-01,0,86.17,8.432107142857143
2003-03-02,0,105.8832,7.778965116279069
2003-03-03,0,25.8594,32.23125
2003-03-04,0,22.1688,37.610416666666666
2003-03-05,0,25.8678,28.31308333333333
2003-03-06,0,25.872,32.68
2003-03-07,0,23.4118,32.527881578947365
2003-03-08,0,110.916,6.624566666666667
2003-03-09,0,99.8406,7.648888888888889
2003-03-10,0,24.656000000000002,30.3385
2003-03-11,0,22.194000000000003,35.86805555555556
2003-03-12,0,23.4308,31.607763157894738
2003-03-13,0,22.2012,39.03955555555555
2003-03-14,0,22.2048,36.89377777777778
2003-03-15,0,98.70400000000001,8.189634375
2003-03-16,0,108.592,6.682812500000001
2003-03-17,0,24.683999999999997,29.539337500000002
2003-03-18,0,22.2192,36.204
2003-03-19,0,25.926599999999997,30.85325
2003-03-20,0,22.226399999999998,38.37383333333333
2003-03-21,0,23.464999999999996,31.32236842105263
2003-03-22,0,112.40320000000001,7.394285714285715
2003-03-23,0,106.2444,7.13342441860465
2003-03-24,0,22.2408,37.39666666666667
2003-03-25,0,25.9518,31.25896428571429
2003-03-26,0,24.72,31.339
2003-03-27,0,23.4878,35.85797368421053
2003-03-28,0,22.2552,38.36119444444444
2003-03-29,0,111.294,7.126625
2003-03-30,0,112.54880000000001,7.348747252747254
2003-03-31,0,25.977000000000004,28.02369047619048
2003-04-01,0,22.2696,34.42927777777778
2003-04-02,0,23.5106,36.51375
2003-04-03,0,25.9896,27.916380952380955
2003-04-04,0,25.9938,29.095464285714286
2003-04-05,0,100.278,8.025277777777777
2003-04-06,0,84.1976,8.645305147058824
2003-04-07,0,23.5296,35.387578947368425
2003-04-08,0,26.010599999999997,29.241535714285714
2003-04-09,0,26.014799999999997,31.967833333333335
2003-04-10,0,23.540999999999997,32.46875
2003-04-11,0,24.784000000000002,32.475
2003-04-12,0,106.58840000000001,6.994799418604651
2003-04-13,0,90.49080000000001,8.27763698630137
2003-04-14,0,24.796,34.8982875
2003-04-15,0,22.32,38.78333333333333
2003-04-16,0,26.0442,30.215333333333334
2003-04-17,0,24.808,33.617925
2003-04-18,0,26.052599999999998,29.607547619047622
2003-04-19,0,111.672,7.141044444444444
2003-04-20,0,94.316,7.8075
2003-04-21,0,23.582800000000002,36.031
2003-04-22,0,23.5866,35.421302631578946
2003-04-23,0,26.0736,33.480000000000004
2003-04-24,0,24.836,34.70496249999999
2003-04-25,0,24.84,33.865
2003-04-26,0,101.8604,8.007146341463415
2003-04-27,0,103.11919999999999,7.55112048192771
2003-04-28,0,23.609399999999997,35.599302631578944
2003-04-29,0,24.855999999999998,32.522325
2003-04-30,0,23.616999999999997,35.407105263157895
2003-05-01,0,24.864,34.034400000000005
2003-05-02,0,22.3812,33.62066666666667
2003-05-03,0,104.4624,7.531934523809523
2003-05-04,0,103.2354,7.246864457831325
2003-05-05,0,24.88,29.884499999999996
2003-05-06,0,24.884,31.587049999999998
2003-05-07,0,26.1324,30.959
2003-05-08,0,24.892,29.8363875
2003-05-09,0,26.1408,29.478285714285718
2003-05-10,0,84.66000000000001,8.951654411764705
2003-05-11,0,102.10640000000001,8.269189024390244
2003-05-12,0,26.1534,30.7397380952381
2003-05-13,0,22.4208,35.79727777777778
2003-05-14,0,22.4244,38.49125
2003-05-15,0,23.674,36.12828947368421
2003-05-16,0,23.677799999999998,31.386
2003-05-17,0,100.9584,8.72
2003-05-18,0,92.24839999999999,8.733452702702703
2003-05-19,0,24.936,34.086425
2003-05-20,0,26.186999999999998,32.78107142857143
2003-05-21,0,24.944000000000003,34.230349999999994
2003-05-22,0,26.195400000000003,29.052880952380953
2003-05-23,0,26.1996,32.55042857142857
2003-05-24,0,94.8328,8.66847697368421
2003-05-25,0,106.08,7.613411764705883
2003-05-26,0,22.4676,39.88983333333333
2003-05-27,0,22.4712,39.60622222222222
2003-05-28,0,26.220599999999997,31.33316666666667
2003-05-29,0,22.478399999999997,38.455999999999996
2003-05-30,0,24.980000000000004,32.519
2003-05-31,0,94.9392,9.28403947368421
2003-06-01,0,84.95920000000001,9.317283088235293
2003-06-02,0,26.241600000000002,32.61257142857143
2003-06-03,0,23.7462,32.52998684210527
2003-06-04,0,26.25,29.6875
2003-06-05,0,22.5036,36.46527777777777
2003-06-06,0,26.258399999999998,28.63590476190476
2003-06-07,0,106.30099999999999,8.4048
2003-06-08,0,95.0608,8.537749999999999
2003-06-09,0,25.019999999999996,31.792749999999998
2003-06-10,0,26.275199999999998,33.976285714285716
2003-06-11,0,23.776600000000002,32.09536842105263
2003-06-12,0,22.5288,37.317194444444446
2003-06-13,0,23.784200000000002,36.60540789473684
2003-06-14,0,106.42,7.843588235294117
2003-06-15,0,97.6716,8.110708333333333
2003-06-16,0,26.3004,28.314571428571433
2003-06-17,0,22.546799999999998,40.203472222222224
2003-06-18,0,26.3088,31.45866666666667
2003-06-19,0,25.060000000000002,36.196875
2003-06-20,0,26.317200000000003,34.10361904761905
2003-06-21,0,114.05940000000001,7.828151098901098
2003-06-22,0,109.06320000000001,6.827206896551724
2003-06-23,0,22.5684,36.15119444444444
2003-06-24,0,25.08,34.91375
2003-06-25,0,26.3382,28.363000000000003
2003-06-26,0,26.342399999999998,31.129904761904765
2003-06-27,0,25.092,35.9223125
2003-06-28,0,96.61959999999999,9.366487012987013
2003-06-29,0,89.10499999999999,9.695598591549297
2003-06-30,0,25.104,31.524099999999997
2003-07-01,0,26.363400000000002,31.599178571428574
2003-07-02,0,25.112000000000002,36.28625
2003-07-03,0,25.116,33.2577
2003-07-04,0,22.608,36.446666666666665
2003-07-05,0,92.9588,9.527209459459458
2003-07-06,0,100.512,8.23661875
2003-07-07,0,23.8754,36.285868421052626
2003-07-08,0,23.879199999999997,32.538315789473685
2003-07-09,0,26.397000000000002,30.26291666666667
2003-07-10,0,22.629600000000003,33.33116666666666
2003-07-11,0,23.890600000000003,37.148131578947364
2003-07-12,0,111.9264,6.713977528089888
2003-07-13,0,90.5616,8.337520833333333
2003-07-14,0,23.902,35.35947368421053
2003-07-15,0,22.6476,37.40443055555556
2003-07-16,0,22.6512,40.131
2003-07-17,0,22.654799999999998,38.006680555555555
2003-07-18,0,25.176,33.947775
2003-07-19,0,91.907,8.432106164383562
2003-07-20,0,89.4032,9.323943661971832
2003-07-21,0,25.188000000000002,29.8618375
2003-07-22,0,23.9324,35.90092105263158
2003-07-23,0,25.196,30.9329125
2003-07-24,0,26.46,33.69285714285714
2003-07-25,0,25.204,29.884387500000003
2003-07-26,0,109.6548,7.465459770114942
2003-07-27,0,112.1934,7.745955056179775
2003-07-28,0,26.476799999999997,30.56114285714286
2003-07-29,0,22.698,36.913958333333326
2003-07-30,0,22.701600000000003,35.66811111111111
2003-07-31,0,22.7052,39.36025000000001
2003-08-01,0,22.7088,36.861111111111114
2003-08-02,0,89.5878,8.468228873239436
2003-08-03,0,98.436,7.94798076923077
2003-08-04,0,25.244,31.135737499999998
2003-08-05,0,25.247999999999998,32.8016
2003-08-06,0,23.9894,33.20625
2003-08-07,0,22.7304,33.50772222222222
2003-08-08,0,26.522999999999996,33.155476190476186
2003-08-09,0,92.21359999999999,8.684013698630137
