sinteticos/sales_sint_semanal_tend_caio.csv
date,item_nbr,unit_sales,price
2006-01-12,0,27.371399999999998,37.136381578947365
2006-01-13,0,25.9344,39.809000000000005
2006-01-14,0,123.926,8.459723837209303
2006-01-15,0,106.64880000000001,9.937986486486485
2006-01-16,0,30.2694,35.69025
2006-01-17,0,25.9488,43.111111111111114
2006-01-18,0,28.836,37.642062499999994
2006-01-19,0,30.282,33.85928571428572
2006-01-20,0,30.286199999999997,39.114511904761905
2006-01-21,0,121.1616,9.04067857142857
2006-01-22,0,103.86720000000001,11.3905
2006-01-23,0,25.9704,46.432388888888894
2006-01-24,0,28.86,41.019
2006-01-25,0,25.977600000000002,39.368
2006-01-26,0,27.4246,37.05659210526316
2006-01-27,0,30.3156,40.713095238095235
2006-01-28,0,111.1726,9.570798701298699
2006-01-29,0,121.29599999999999,8.459940476190477
2006-01-30,0,27.439799999999998,38.062697368421055
2006-01-31,0,27.443599999999996,41.834763157894734
2006-02-01,0,26.002799999999997,46.06748611111111
2006-02-02,0,26.0064,40.456
2006-02-03,0,28.900000000000002,39.373125
2006-02-04,0,104.0544,9.77136111111111
2006-02-05,0,115.632,10.488603125000001
2006-02-06,0,26.0208,39.963
2006-02-07,0,27.4702,44.09476315789473
2006-02-08,0,27.474,43.937894736842104
2006-02-09,0,28.924,37.541775
2006-02-10,0,26.035200000000003,44.74922222222222
2006-02-11,0,118.62120000000002,8.646387195121951
2006-02-12,0,114.2972,10.692493670886076
2006-02-13,0,30.387,40.30482142857142
2006-02-14,0,26.0496,45.64405555555556
2006-02-15,0,28.948,41.7099375
2006-02-16,0,28.951999999999998,41.17079999999999
2006-02-17,0,28.956,36.8101
2006-02-18,0,114.392,9.675949367088608
2006-02-19,0,127.4416,9.574261363636364
2006-02-20,0,27.519599999999997,43.529736842105265
2006-02-21,0,27.5234,39.018750000000004
2006-02-22,0,30.424799999999998,36.49766666666666
2006-02-23,0,30.429000000000002,35.90875
2006-02-24,0,27.5348,37.72255263157895
2006-02-25,0,123.199,9.297005882352941
2006-02-26,0,101.472,10.733171428571428
2006-02-27,0,26.0964,39.577
2006-02-28,0,27.55,41.52960526315789
2006-03-01,0,29.003999999999998,39.771987499999994
2006-03-02,0,30.458400000000005,38.85171428571429
2006-03-03,0,30.462600000000002,36.55027380952381
2006-03-04,0,107.3592,10.986756756756757
2006-03-05,0,113.17800000000001,10.284663461538461
2006-03-06,0,27.5728,38.359157894736846
2006-03-07,0,26.1252,41.53952777777778
2006-03-08,0,29.032,42.789075000000004
2006-03-09,0,26.1324,39.46647222222222
2006-03-10,0,27.588,39.86631578947368
2006-03-11,0,104.55839999999999,10.217604166666666
2006-03-12,0,113.2872,9.834551282051283
2006-03-13,0,30.504599999999996,35.11753571428571
2006-03-14,0,29.055999999999997,35.3133
2006-03-15,0,27.607000000000003,44.184736842105266
2006-03-16,0,30.517200000000003,37.44680952380953
2006-03-17,0,27.6146,37.43707894736842
2006-03-18,0,126.4632,9.726206896551723
2006-03-19,0,107.5812,10.208304054054054
2006-03-20,0,30.534,38.51571428571429
2006-03-21,0,26.1756,46.50991666666667
2006-03-22,0,29.088,38.2592
2006-03-23,0,27.637400000000003,40.031644736842104
2006-03-24,0,30.550800000000002,41.0797619047619
2006-03-25,0,103.305,11.069630281690142
2006-03-26,0,101.864,12.215785714285714
2006-03-27,0,26.197200000000002,43.24155555555556
2006-03-28,0,26.2008,41.33016666666667
2006-03-29,0,27.6602,45.440131578947366
2006-03-30,0,27.663999999999998,42.22473684210526
2006-03-31,0,27.6678,38.84302631578948
2006-04-01,0,101.948,10.656964285714286
2006-04-02,0,100.5054,11.746478260869564
2006-04-03,0,30.592799999999997,35.60933333333333
2006-04-04,0,26.226000000000003,45.65354166666667
2006-04-05,0,26.2296,44.700444444444436
2006-04-06,0,29.148,41.5727875
2006-04-07,0,29.152,36.391799999999996
2006-04-08,0,103.5038,10.562862676056339
2006-04-09,0,109.35,10.462366666666666
2006-04-10,0,29.163999999999998,37.588725
2006-04-11,0,29.168,38.3812
2006-04-12,0,26.254800000000003,43.526583333333335
2006-04-13,0,27.717200000000002,44.968973684210525
2006-04-14,0,27.721,38.59828947368421
2006-04-15,0,129.8688,9.638539325842697
2006-04-16,0,102.158,10.457517857142859
2006-04-17,0,27.7324,45.57763157894737
2006-04-18,0,27.7362,43.51282894736842
2006-04-19,0,26.28,40.6
2006-04-20,0,29.204,35.758175
2006-04-21,0,27.7476,39.96794736842105
2006-04-22,0,125.6116,9.14301453488372
2006-04-23,0,130.0112,9.367460674157304
2006-04-24,0,29.220000000000002,36.3325625
2006-04-25,0,27.762800000000002,42.15063157894737
2006-04-26,0,29.228,38.15735
2006-04-27,0,30.6936,35.520047619047624
2006-04-28,0,29.236,36.986512499999996
2006-04-29,0,118.422,8.978117283950619
2006-04-30,0,114.0516,9.304679487179488
2006-05-01,0,26.3232,47.339999999999996
2006-05-02,0,29.252000000000002,37.088875
2006-05-03,0,30.7188,36.756499999999996
2006-05-04,0,27.797,40.21657894736842
2006-05-05,0,29.264000000000003,38.3697
2006-05-06,0,121.4622,9.113984939759035
2006-05-07,0,127.3332,9.694862068965516
2006-05-08,0,30.7398,40.77259523809524
2006-05-09,0,29.28,39.105000000000004
2006-05-10,0,26.3556,44.42258333333333
2006-05-11,0,26.359199999999998,47.85402777777778
2006-05-12,0,27.827399999999997,44.261
2006-05-13,0,130.3672,9.219539325842696
2006-05-14,0,125.99000000000001,8.80719476744186
2006-05-15,0,30.7692,35.47078571428572
2006-05-16,0,26.377200000000002,40.861875
2006-05-17,0,27.8464,45.12863157894736
2006-05-18,0,29.316,38.844237500000006
2006-05-19,0,27.854,44.476578947368424
2006-05-20,0,101.1678,10.482851449275362
2006-05-21,0,104.11439999999999,12.128901408450703
2006-05-22,0,27.8654,40.747855263157895
2006-05-23,0,29.336000000000002,38.716575
2006-05-24,0,27.873,43.42809210526316
2006-05-25,0,30.8112,40.80685714285715
2006-05-26,0,26.4132,46.20729166666667
2006-05-27,0,129.1488,8.570704545454547
2006-05-28,0,113.0206,10.990344155844157
2006-05-29,0,30.828,37.13428571428571
2006-05-30,0,29.363999999999997,38.680099999999996
2006-05-31,0,29.368,39.0033
2006-06-01,0,26.4348,48.18918055555556
2006-06-02,0,27.907199999999996,43.65673684210526
2006-06-03,0,102.82999999999998,10.46925
2006-06-04,0,107.25160000000001,10.149253424657536
2006-06-05,0,30.857400000000002,38.913154761904764
2006-06-06,0,29.392,43.166399999999996
2006-06-07,0,26.4564,42.238486111111115
2006-06-08,0,30.87,35.378571428571426
2006-06-09,0,30.8742,40.223
2006-06-10,0,102.928,11.569714285714285
2006-06-11,0,123.53040000000001,9.83202380952381
2006-06-12,0,27.945200000000003,45.89928947368421
2006-06-13,0,26.478,47.92729166666667
2006-06-14,0,30.895200000000003,37.909
2006-06-15,0,27.9566,38.05835526315789
2006-06-16,0,27.9604,41.996263157894745
2006-06-17,0,108.9132,10.806003378378378
2006-06-18,0,119.232,10.61962962962963
2006-06-19,0,29.444,41.346500000000006
2006-06-20,0,27.9756,42.85978947368421
2006-06-21,0,29.451999999999998,42.95025
2006-06-22,0,26.510399999999997,45.255111111111106
2006-06-23,0,27.987,39.53
2006-06-24,0,114.90960000000001,9.957076923076922
2006-06-25,0,129.6592,9.677116477272726
2006-06-26,0,26.5248,42.718666666666664
2006-06-27,0,28.0022,43.828776315789476
2006-06-28,0,29.48,40.768
2006-06-29,0,26.5356,46.012777777777785
2006-06-30,0,26.539199999999997,46.550999999999995
2006-07-01,0,103.22200000000001,10.925142857142857
2006-07-02,0,123.88320000000002,10.16804761904762
2006-07-03,0,30.975,37.49107142857143
2006-07-04,0,28.0288,42.11515789473684
2006-07-05,0,26.5572,48.181777777777775
2006-07-06,0,26.5608,41.9885
2006-07-07,0,29.516,38.3537375
2006-07-08,0,106.27199999999999,10.899166666666666
2006-07-09,0,100.38159999999999,10.744477941176472
2006-07-10,0,28.0516,41.23107894736842
2006-07-11,0,29.531999999999996,38.776725
2006-07-12,0,26.5824,46.284000000000006
2006-07-13,0,29.54,39.108125
2006-07-14,0,28.0668,44.95407894736842
2006-07-15,0,112.28240000000001,10.399884868421054
2006-07-16,0,127.0736,8.913488372093024
2006-07-17,0,31.0338,40.99608333333333
2006-07-18,0,31.038,34.46035714285715
2006-07-19,0,26.607599999999998,48.82013888888889
2006-07-20,0,26.6112,40.30511111111111
2006-07-21,0,31.050600000000003,35.69425
2006-07-22,0,106.4736,11.078493055555555
2006-07-23,0,102.051,11.376612318840579
2006-07-24,0,26.625600000000002,45.838
2006-07-25,0,26.6292,48.24404166666667
2006-07-26,0,31.0716,39.073499999999996
2006-07-27,0,31.0758,40.60317857142857
2006-07-28,0,26.64,40.44444444444445
2006-07-29,0,124.3368,9.049032738095239
2006-07-30,0,118.43199999999999,9.4029375
2006-07-31,0,31.092599999999997,35.82630952380953
2006-08-01,0,28.135199999999998,44.153894736842105
2006-08-02,0,28.138999999999996,40.115526315789474
2006-08-03,0,28.1428,46.02205263157895
2006-08-04,0,26.665200000000002,44.760013888888885
2006-08-05,0,102.2304,12.467739130434781
2006-08-06,0,100.7624,11.804812499999999
2006-08-07,0,28.158,44.532631578947374
2006-08-08,0,29.644,40.9502625
2006-08-09,0,26.6832,40.8765
2006-08-10,0,28.1694,44.46909210526316
2006-08-11,0,26.690400000000004,48.46133333333333
2006-08-12,0,123.08900000000001,9.699789156626506
2006-08-13,0,105.30720000000001,11.860563380281691
2006-08-14,0,29.668,41.4698625
2006-08-15,0,26.7048,41.98441666666667
2006-08-16,0,26.7084,43.95231944444445
2006-08-17,0,26.712,42.800000000000004
2006-08-18,0,26.7156,48.33586111111111
2006-08-19,0,108.3612,10.006883561643836
2006-08-20,0,109.8604,11.717635135135135
2006-08-21,0,31.180799999999998,34.567238095238096
2006-08-22,0,31.185,37.17321428571428
2006-08-23,0,26.733600000000003,44.71425
2006-08-24,0,29.708000000000002,39.52605
2006-08-25,0,28.2264,43.135263157894734
2006-08-26,0,135.2078,9.48454120879121
2006-08-27,0,117.394,10.45892405063291
2006-08-28,0,31.2102,41.11246428571429
2006-08-29,0,28.2416,44.26231578947369
2006-08-30,0,28.2454,44.86171052631579
2006-08-31,0,28.249200000000002,46.22321052631579
2006-09-01,0,26.766000000000002,46.29625000000001
2006-09-02,0,118.976,10.9412
2006-09-03,0,108.5802,11.9481301369863
2006-09-04,0,29.752000000000002,43.939350000000005
2006-09-05,0,26.7804,48.82908333333333
2006-09-06,0,29.759999999999998,42.021
2006-09-07,0,26.787599999999998,46.607791666666664
2006-09-08,0,28.2796,43.4835
2006-09-09,0,113.1336,10.17315789473684
2006-09-10,0,123.57039999999999,9.141939759036145
2006-09-11,0,28.290999999999997,45.115
2006-09-12,0,26.805600000000002,45.56963888888889
2006-09-13,0,26.8092,41.18916666666667
2006-09-14,0,28.302400000000002,42.08168421052632
2006-09-15,0,29.796,42.724624999999996
2006-09-16,0,117.71,10.124050632911393
2006-09-17,0,113.2552,10.970944078947369
2006-09-18,0,28.3176,43.21142105263158
2006-09-19,0,29.811999999999998,43.9610625
2006-09-20,0,28.325200000000002,43.394657894736845
2006-09-21,0,29.82,38.3265625
2006-09-22,0,29.824,40.349999999999994
2006-09-23,0,123.78620000000001,10.580144578313252
2006-09-24,0,104.412,12.523907142857142
2006-09-25,0,28.3442,44.108171052631576
2006-09-26,0,29.84,41.99
2006-09-27,0,26.8596,43.07333333333334
2006-09-28,0,28.3556,46.509394736842104
2006-09-29,0,28.359399999999997,42.17957894736842
2006-09-30,0,135.8448,9.447384615384616
2006-10-01,0,106.00299999999999,12.01943661971831
2006-10-02,0,26.8776,47.50713888888889
2006-10-03,0,26.8812,47.873763888888895
2006-10-04,0,31.3656,39.039
2006-10-05,0,26.8884,48.42765277777777
2006-10-06,0,26.892,43.313055555555565
2006-10-07,0,131.4896,8.934392045454546
2006-10-08,0,104.60799999999999,11.903857142857142
2006-10-09,0,29.892,36.57245
2006-10-10,0,31.390800000000002,35.83821428571429
2006-10-11,0,29.900000000000002,38.2834375
2006-10-12,0,31.3992,39.318571428571424
2006-10-13,0,28.4126,41.333486842105266
2006-10-14,0,116.6568,9.34326923076923
2006-10-15,0,116.6724,11.04752564102564
2006-10-16,0,31.416,37.33714285714286
2006-10-17,0,31.4202,35.87696428571429
2006-10-18,0,31.4244,35.651
2006-10-19,0,28.435399999999998,44.01615789473685
2006-10-20,0,29.936,38.49875
2006-10-21,0,104.78999999999999,11.927767857142856
2006-10-22,0,130.25639999999999,9.561258620689655
2006-10-23,0,28.4506,42.592276315789476
2006-10-24,0,29.952,44.5239
2006-10-25,0,29.956,43.962975
2006-10-26,0,26.964,49.57638888888889
2006-10-27,0,31.4622,36.550511904761905
2006-10-28,0,101.8912,12.100897058823529
2006-10-29,0,127.381,9.567626470588236
2006-10-30,0,31.474800000000002,39.891714285714286
2006-10-31,0,28.481,39.48276315789474
2006-11-01,0,31.483200000000004,36.114666666666665
2006-11-02,0,31.4874,40.76094047619048
2006-11-03,0,31.491600000000002,35.12014285714286
2006-11-04,0,101.9864,11.851117647058825
2006-11-05,0,121.5,10.93364197530864
2006-11-06,0,27.0036,40.992416666666664
2006-11-07,0,31.508399999999998,35.760999999999996
2006-11-08,0,27.0108,40.64375
2006-11-09,0,31.516799999999996,35.61714285714285
2006-11-10,0,31.520999999999997,38.720238095238095
2006-11-11,0,129.1032,8.98357558139535
2006-11-12,0,127.61899999999999,8.956694117647059
2006-11-13,0,28.5304,40.589368421052626
2006-11-14,0,27.0324,47.82306944444445
2006-11-15,0,28.538,40.51618421052631
2006-11-16,0,28.5418,40.779421052631584
2006-11-17,0,28.5456,38.643578947368425
2006-11-18,0,135.234,9.950416666666666
2006-11-19,0,135.252,8.323444444444442
2006-11-20,0,28.557000000000002,43.37618421052632
2006-11-21,0,27.0576,44.888000000000005
2006-11-22,0,30.068,36.983974999999994
2006-11-23,0,27.0648,45.444944444444445
2006-11-24,0,28.572200000000002,39.02822368421052
2006-11-25,0,106.784,10.927887323943661
2006-11-26,0,120.336,9.353559375
2006-11-27,0,31.592399999999998,37.34621428571429
2006-11-28,0,30.092,41.01336249999999
2006-11-29,0,28.591199999999997,45.15294736842105
2006-11-30,0,28.595,42.67006578947369
2006-12-01,0,27.0936,45.31944444444444
2006-12-02,0,102.3672,11.206283088235294
2006-12-03,0,137.0096,8.124131868131869
2006-12-04,0,28.6102,43.984842105263155
2006-12-05,0,31.626,35.68178571428571
2006-12-06,0,30.124,40.5738375
2006-12-07,0,27.115199999999998,41.00644444444444
2006-12-08,0,30.132000000000005,41.2395625
2006-12-09,0,105.47600000000001,11.31782142857143
2006-12-10,0,113.025,11.153066666666668
2006-12-11,0,27.129600000000003,43.93644444444444
2006-12-12,0,30.148000000000003,37.751175
2006-12-13,0,30.152,37.838675
2006-12-14,0,31.663800000000002,39.54538095238095
2006-12-15,0,30.16,38.34075
2006-12-16,0,104.0658,11.351952898550724
2006-12-17,0,126.7056,9.735119047619047
2006-12-18,0,27.154799999999998,48.981625
2006-12-19,0,28.667199999999998,40.038947368421056
2006-12-20,0,30.18,39.760875
2006-12-21,0,27.165599999999998,44.45825
2006-12-22,0,27.169199999999996,43.464805555555564
2006-12-23,0,134.3544,9.251808988764045
2006-12-24,0,126.8232,10.174339285714286
2006-12-25,0,28.69,39.3
2006-12-26,0,28.6938,41.029947368421055
2006-12-27,0,30.208,44.9631
2006-12-28,0,27.190800000000003,42.77652777777778
2006-12-29,0,28.7052,39.755184210526316
2006-12-30,0,117.858,11.261153846153844
2006-12-31,0,108.80640000000001,12.383555555555555
2007-01-01,0,27.2052,48.81322222222223
2007-01-02,0,28.7204,42.540710526315785
2007-01-03,0,30.236,44.5192125
2007-01-04,0,31.752,35.84571428571429
2007-01-05,0,31.7562,35.382535714285716
2007-01-06,0,102.8432,12.2555
2007-01-07,0,134.6214,8.351233146067417
2007-01-08,0,28.743199999999998,43.356947368421054
2007-01-09,0,28.747,39.13085526315789
2007-01-10,0,30.263999999999996,41.447874999999996
2007-01-11,0,28.754599999999996,47.35152631578947
2007-01-12,0,30.272,43.1025
2007-01-13,0,127.1592,10.459568452380951
2007-01-14,0,116.578,9.940324675324675
2007-01-15,0,30.284,44.35425
2007-01-16,0,30.288,38.528349999999996
2007-01-17,0,31.8066,40.45525000000001
2007-01-18,0,30.296000000000003,42.155775
2007-01-19,0,30.300000000000004,41.0115625
2007-01-20,0,109.09440000000001,10.96
2007-01-21,0,109.1088,12.49173263888889
2007-01-22,0,31.8276,35.865761904761904
2007-01-23,0,28.8002,39.12773684210527
2007-01-24,0,27.288,50.081111111111106
2007-01-25,0,31.8402,39.79938095238095
2007-01-26,0,31.8444,35.57414285714286
2007-01-27,0,134.9774,9.541651685393258
2007-01-28,0,119.82719999999999,10.521898734177215
2007-01-29,0,27.305999999999997,41.796458333333334
2007-01-30,0,31.861199999999997,35.90938095238096
2007-01-31,0,31.865399999999998,36.85583333333333
2007-02-01,0,30.351999999999997,38.7045
2007-02-02,0,30.356,39.86345
2007-02-03,0,135.102,8.5336797752809
2007-02-04,0,112.3468,11.935054054054055
2007-02-05,0,31.8864,35.70666666666667
2007-02-06,0,28.8534,39.47125
2007-02-07,0,27.338400000000004,48.44758333333333
2007-02-08,0,31.899,35.95845238095239
2007-02-09,0,30.384,42.7091
2007-02-10,0,115.4744,11.544749999999999
2007-02-11,0,127.6464,9.975547619047619
2007-02-12,0,31.9158,40.61527380952381
2007-02-13,0,28.88,44.810526315789474
2007-02-14,0,27.363599999999998,42.35641666666667
2007-02-15,0,27.3672,41.99605555555556
2007-02-16,0,27.3708,41.360458333333334
2007-02-17,0,132.3096,9.943954022988507
2007-02-18,0,118.63799999999999,11.029503205128206
2007-02-19,0,31.945199999999996,37.905857142857144
2007-02-20,0,30.427999999999997,44.3494875
2007-02-21,0,28.910399999999996,39.99578947368421
2007-02-22,0,27.392400000000002,45.436875
2007-02-23,0,27.396,46.178194444444436
2007-02-24,0,108.0762,11.61580633802817
2007-02-25,0,103.5232,12.203029411764707
2007-02-26,0,31.9746,42.74832142857143
2007-02-27,0,28.933200000000003,46.733131578947365
2007-02-28,0,28.937,42.127105263157894
2007-03-01,0,27.4176,48.14977777777777
2007-03-02,0,31.991400000000002,42.30153571428572
2007-03-03,0,129.506,9.304129411764706
2007-03-04,0,137.142,8.62308611111111
2007-03-05,0,30.48,43.361
2007-03-06,0,32.0082,42.32710714285715
2007-03-07,0,30.488,39.483675000000005
2007-03-08,0,30.491999999999997,37.41995
2007-03-09,0,32.0208,40.76914285714286
2007-03-10,0,129.625,10.502573529411764
2007-03-11,0,126.59159999999999,10.837102409638552
2007-03-12,0,30.507999999999996,44.483737500000004
2007-03-13,0,28.986399999999996,44.47736842105263
2007-03-14,0,30.516000000000002,40.6854875
2007-03-15,0,28.994,46.67171052631579
2007-03-16,0,27.4716,45.403930555555554
2007-03-17,0,134.32319999999999,10.042204545454545
2007-03-18,0,123.6546,9.724305555555556
2007-03-19,0,32.0628,37.59266666666667
2007-03-20,0,30.540000000000003,38.980624999999996
2007-03-21,0,29.016800000000003,40.25257894736842
2007-03-22,0,32.0754,35.95041666666667
2007-03-23,0,27.4968,49.231833333333334
