sinteticos/sales_sint_semanal_tend_caio.csv
date,item_nbr,unit_sales,price
2007-03-24,0,137.502,10.013824999999999
2007-03-25,0,106.96000000000001,12.616
2007-03-26,0,30.564,42.17035
2007-03-27,0,29.0396,45.445263157894736
2007-03-28,0,32.1006,35.66658333333333
2007-03-29,0,27.5184,47.430777777777784
2007-03-30,0,30.58,41.032875
2007-03-31,0,108.57319999999999,12.028323943661972
2007-04-01,0,129.999,9.44265
2007-04-02,0,30.592,39.804899999999996
2007-04-03,0,27.5364,42.75676388888889
2007-04-04,0,29.07,44.275000000000006
2007-04-05,0,32.1342,37.13475
2007-04-06,0,32.1384,35.79409523809524
2007-04-07,0,120.9174,11.474319620253166
2007-04-08,0,137.77200000000002,9.796166666666668
2007-04-09,0,29.089000000000002,42.46940789473684
2007-04-10,0,29.092800000000004,48.080842105263166
2007-04-11,0,30.628,44.6851125
2007-04-12,0,29.1004,43.539815789473685
2007-04-13,0,29.104200000000002,39.51590789473684
2007-04-14,0,137.88,10.138
2007-04-15,0,137.898,9.89898611111111
2007-04-16,0,32.1804,37.59271428571429
2007-04-17,0,32.184599999999996,40.929857142857145
2007-04-18,0,32.1888,39.032
2007-04-19,0,32.193,42.687738095238096
2007-04-20,0,29.130799999999997,44.118394736842106
2007-04-21,0,110.4048,10.532934027777777
2007-04-22,0,111.9528,10.413041095890412
2007-04-23,0,32.2098,41.36367857142857
2007-04-24,0,32.214,36.44678571428572
2007-04-25,0,29.1498,43.36149999999999
2007-04-26,0,30.688,43.034400000000005
2007-04-27,0,32.2266,43.056738095238096
2007-04-28,0,125.85360000000001,10.153432926829266
2007-04-29,0,139.685,8.270398351648351
2007-04-30,0,27.6336,45.155722222222224
2007-05-01,0,27.6372,48.13004166666666
2007-05-02,0,32.2476,36.3315
2007-05-03,0,27.6444,44.43390277777778
2007-05-04,0,29.184,42.62894736842105
2007-05-05,0,107.534,12.264407142857143
2007-05-06,0,121.3756,11.41860759493671
2007-05-07,0,32.2686,40.33667857142857
2007-05-08,0,32.2728,43.36642857142857
2007-05-09,0,29.203,40.9896052631579
2007-05-10,0,32.2812,42.4242619047619
2007-05-11,0,29.2106,44.1693947368421
2007-05-12,0,113.7824,11.816972972972975
2007-05-13,0,112.25939999999999,12.576236301369864
2007-05-14,0,29.222,42.69276315789474
2007-05-15,0,32.3022,37.51739285714285
2007-05-16,0,32.3064,42.064
2007-05-17,0,32.3106,37.52860714285714
2007-05-18,0,29.237199999999998,41.22094736842105
2007-05-19,0,129.276,8.986443452380952
2007-05-20,0,130.83200000000002,9.90614117647059
2007-05-21,0,30.788000000000004,39.679725
2007-05-22,0,29.2524,42.743815789473686
2007-05-23,0,27.7164,49.68425
2007-05-24,0,27.72,42.80555555555556
2007-05-25,0,30.804000000000002,40.206
2007-05-26,0,118.6108,9.900681818181818
2007-05-27,0,140.1946,10.017670329670329
2007-05-28,0,27.7344,43.38977777777778
2007-05-29,0,30.82,39.22425
2007-05-30,0,32.3652,41.912499999999994
2007-05-31,0,32.3694,43.435809523809525
2007-06-01,0,32.373599999999996,38.012
2007-06-02,0,115.63499999999999,11.248756666666667
2007-06-03,0,120.276,11.441410256410256
2007-06-04,0,32.3862,41.46439285714286
2007-06-05,0,32.3904,37.075809523809525
2007-06-06,0,32.3946,36.60183333333333
2007-06-07,0,29.3132,41.60913157894737
2007-06-08,0,29.317000000000004,43.735855263157895
2007-06-09,0,111.11040000000001,12.382625
2007-06-10,0,120.38520000000001,9.881740384615386
2007-06-11,0,30.872,40.140049999999995
2007-06-12,0,30.876,43.5895125
2007-06-13,0,30.880000000000003,38.388000000000005
2007-06-14,0,27.7956,46.673611111111114
2007-06-15,0,30.887999999999998,42.936775
2007-06-16,0,128.2018,10.043999999999999
2007-06-17,0,131.308,10.778176470588237
2007-06-18,0,32.445,43.15208333333333
2007-06-19,0,30.903999999999996,40.608225
2007-06-20,0,32.453399999999995,42.12383333333334
2007-06-21,0,27.8208,50.64688888888889
2007-06-22,0,32.4618,43.498178571428575
2007-06-23,0,129.864,10.375416666666668
2007-06-24,0,115.965,10.97153
2007-06-25,0,29.3816,40.83489473684211
2007-06-26,0,30.932,38.630587500000004
2007-06-27,0,30.936,41.329925
2007-06-28,0,32.487,37.68392857142857
2007-06-29,0,32.491200000000006,37.368761904761904
2007-06-30,0,105.2232,12.037433823529412
2007-07-01,0,122.2604,10.021708860759492
2007-07-02,0,27.860400000000002,42.39954166666667
2007-07-03,0,29.412,45.22894736842105
2007-07-04,0,29.4158,40.446
2007-07-05,0,32.5164,42.94011904761904
2007-07-06,0,29.4234,46.40248684210527
2007-07-07,0,134.7456,9.14703448275862
2007-07-08,0,109.979,11.66125
2007-07-09,0,27.885599999999997,50.032833333333336
2007-07-10,0,29.438599999999997,45.71980263157894
2007-07-11,0,29.4424,41.375894736842106
2007-07-12,0,32.5458,38.56571428571429
2007-07-13,0,32.550000000000004,41.223214285714285
2007-07-14,0,130.2168,10.307330357142856
2007-07-15,0,136.4352,9.283999999999999
2007-07-16,0,27.9108,44.45725
2007-07-17,0,32.5668,38.835499999999996
2007-07-18,0,29.469,40.70776315789473
2007-07-19,0,31.024,40.620450000000005
2007-07-20,0,29.4766,40.36418421052632
2007-07-21,0,116.37,11.353439999999999
2007-07-22,0,131.90300000000002,9.005373529411765
2007-07-23,0,29.488,45.54105263157894
2007-07-24,0,29.4918,40.38807894736842
2007-07-25,0,29.4956,43.953
2007-07-26,0,29.4994,45.65025
2007-07-27,0,27.9504,44.71755555555555
2007-07-28,0,113.369,11.444897260273974
2007-07-29,0,108.72399999999999,11.357214285714287
2007-07-30,0,31.067999999999998,45.085137499999995
2007-07-31,0,31.071999999999996,40.523399999999995
2007-08-01,0,27.968399999999995,49.82736111111111
2007-08-02,0,31.080000000000002,46.45912499999999
2007-08-03,0,31.084,44.0115
2007-08-04,0,136.7872,10.10028409090909
2007-08-05,0,138.3594,9.874120786516853
2007-08-06,0,29.5412,41.00052631578947
2007-08-07,0,29.545,44.66151315789474
2007-08-08,0,27.9936,43.57344444444444
2007-08-09,0,29.5526,43.247960526315794
2007-08-10,0,29.556400000000004,48.248657894736844
2007-08-11,0,138.46620000000001,8.892676966292134
2007-08-12,0,141.596,9.890604395604393
2007-08-13,0,32.6802,36.73041666666667
2007-08-14,0,28.0152,51.430166666666665
2007-08-15,0,29.5754,48.552
2007-08-16,0,31.136,38.6688
2007-08-17,0,28.026,47.58923611111111
2007-08-18,0,141.7052,8.631642857142856
2007-08-19,0,121.4772,11.028875
2007-08-20,0,29.594399999999997,45.2831052631579
2007-08-21,0,31.156,46.334925
2007-08-22,0,29.602,46.10052631578947
2007-08-23,0,32.7222,38.886559523809524
2007-08-24,0,31.168,43.1292
2007-08-25,0,137.1568,9.861428977272727
2007-08-26,0,120.02759999999999,10.654227272727272
2007-08-27,0,29.621000000000002,45.061578947368425
2007-08-28,0,32.7432,42.71771428571428
2007-08-29,0,32.7474,39.325500000000005
2007-08-30,0,32.7516,36.74157142857143
2007-08-31,0,28.0764,47.87629166666667
2007-09-01,0,115.44,10.498648648648649
2007-09-02,0,135.7374,9.028913793103449
2007-09-03,0,32.7684,38.544666666666664
2007-09-04,0,32.7726,43.65258333333333
2007-09-05,0,28.0944,49.2345
2007-09-06,0,31.22,45.1681875
2007-09-07,0,32.785199999999996,40.511904761904766
2007-09-08,0,128.0348,10.87459756097561
2007-09-09,0,109.312,12.789314285714285
2007-09-10,0,29.6742,42.46665789473684
2007-09-11,0,32.802,40.21142857142858
2007-09-12,0,31.244,41.20655
2007-09-13,0,31.248,40.10565
2007-09-14,0,29.6894,44.37414473684211
2007-09-15,0,139.0892,9.072573033707865
2007-09-16,0,114.09899999999999,12.603082191780821
2007-09-17,0,28.137600000000003,43.736000000000004
2007-09-18,0,31.268,42.9471
2007-09-19,0,28.144800000000004,46.21088888888889
2007-09-20,0,29.712200000000003,43.695434210526315
2007-09-21,0,31.28,40.83475
2007-09-22,0,114.1866,12.684256849315068
2007-09-23,0,115.7656,11.362317567567567
2007-09-24,0,31.292,45.543525
2007-09-25,0,28.1664,51.748666666666665
2007-09-26,0,28.169999999999998,44.45729166666667
2007-09-27,0,29.738799999999998,47.96163157894737
2007-09-28,0,31.308,45.314212500000004
2007-09-29,0,131.5104,10.445214285714284
2007-09-30,0,139.3562,9.284370786516854
2007-10-01,0,32.885999999999996,39.2725
2007-10-02,0,32.8902,37.163892857142855
2007-10-03,0,29.7616,47.374526315789474
2007-10-04,0,28.1988,47.35648611111111
2007-10-05,0,28.2024,46.03458333333333
2007-10-06,0,141.03,9.91075
2007-10-07,0,119.1072,11.625697368421053
2007-10-08,0,31.348000000000003,41.022
2007-10-09,0,28.216800000000003,42.7375
2007-10-10,0,28.2204,50.532611111111116
2007-10-11,0,28.224,51.205
2007-10-12,0,32.9322,38.439904761904764
2007-10-13,0,127.0404,10.326351851851854
2007-10-14,0,120.7822,10.664415584415584
2007-10-15,0,32.9448,42.53057142857143
2007-10-16,0,28.241999999999997,45.253055555555555
2007-10-17,0,31.384,44.926875
2007-10-18,0,28.2492,46.502541666666666
2007-10-19,0,32.9616,37.82704761904762
2007-10-20,0,136.5726,10.529353448275863
2007-10-21,0,127.16999999999999,10.782407407407408
2007-10-22,0,31.404,43.332575
2007-10-23,0,32.9784,43.80385714285715
2007-10-24,0,29.8414,45.626552631578946
2007-10-25,0,29.8452,45.36265789473684
2007-10-26,0,28.278,45.7
2007-10-27,0,142.97920000000002,9.417582417582418
2007-10-28,0,111.56940000000002,13.23111267605634
2007-10-29,0,28.288800000000002,47.81550000000001
2007-10-30,0,29.8642,44.13225
2007-10-31,0,33.012,44.1
2007-11-01,0,29.8718,48.3881052631579
2007-11-02,0,28.3032,44.603
2007-11-03,0,133.671,10.274314705882352
2007-11-04,0,132.1152,10.193857142857143
2007-11-05,0,29.887,43.267565789473686
2007-11-06,0,29.8908,44.900026315789475
2007-11-07,0,33.041399999999996,43.73625
2007-11-08,0,29.8984,48.798947368421054
2007-11-09,0,29.902199999999997,49.709868421052626
2007-11-10,0,119.624,10.869967105263157
2007-11-11,0,111.76820000000001,12.145218309859157
2007-11-12,0,31.488,47.159099999999995
2007-11-13,0,33.0666,39.60157142857143
2007-11-14,0,31.496,44.938775
2007-11-15,0,33.074999999999996,42.15029761904762
2007-11-16,0,29.928800000000003,40.98457894736842
2007-11-17,0,141.786,9.303052777777777
2007-11-18,0,133.92600000000002,10.236082352941176
2007-11-19,0,31.516000000000002,43.0797375
2007-11-20,0,33.096000000000004,37.839999999999996
2007-11-21,0,29.9478,40.833302631578945
2007-11-22,0,29.9516,48.26455263157895
2007-11-23,0,33.1086,40.72441666666667
2007-11-24,0,111.9528,11.683408450704226
2007-11-25,0,140.353,9.66994382022472
2007-11-26,0,31.543999999999997,41.488150000000005
2007-11-27,0,31.548,39.514162500000005
2007-11-28,0,33.129599999999996,44.034
2007-11-29,0,29.978199999999998,46.953973684210524
2007-11-30,0,31.559999999999995,41.770625
2007-12-01,0,135.7252,10.216308139534883
2007-12-02,0,137.3208,9.090310344827586
2007-12-03,0,31.572,43.77054999999999
2007-12-04,0,28.4184,43.374750000000006
2007-12-05,0,33.159,40.8775
2007-12-06,0,30.004800000000003,43.91663157894737
2007-12-07,0,28.4292,46.458958333333335
2007-12-08,0,107.4128,13.69455882352941
2007-12-09,0,139.0224,9.38812784090909
2007-12-10,0,30.020000000000003,42.67105263157895
2007-12-11,0,30.0238,46.03693421052632
2007-12-12,0,33.1884,45.1095
2007-12-13,0,30.0314,44.597013157894736
2007-12-14,0,28.4544,46.50611111111111
2007-12-15,0,118.575,11.623416666666666
2007-12-16,0,135.98319999999998,10.258622093023256
2007-12-17,0,33.209399999999995,42.017583333333334
2007-12-18,0,30.050399999999996,49.35584210526315
2007-12-19,0,28.472399999999997,46.73170833333334
2007-12-20,0,30.057999999999996,44.82407894736842
2007-12-21,0,33.2262,41.95964285714285
2007-12-22,0,123.4272,11.675076923076922
2007-12-23,0,140.8514,9.767525280898877
2007-12-24,0,30.0732,41.93886842105263
2007-12-25,0,31.66,47.1084375
2007-12-26,0,31.664,43.225
2007-12-27,0,28.501200000000004,49.667902777777776
2007-12-28,0,28.504800000000003,48.32991666666666
2007-12-29,0,133.0392,10.872714285714286
2007-12-30,0,139.392,10.8125
2007-12-31,0,31.684,42.1315875
2008-01-01,0,31.688000000000002,44.81995
2008-01-02,0,33.2766,45.081916666666665
2008-01-03,0,30.1112,48.832421052631574
2008-01-04,0,31.7,45.185625
2008-01-05,0,141.0828,10.097174157303371
2008-01-06,0,133.1736,11.173910714285714
2008-01-07,0,30.126399999999997,45.396631578947364
2008-01-08,0,30.1302,41.300486842105265
2008-01-09,0,28.548,44.4675
2008-01-10,0,28.5516,43.31875
2008-01-11,0,31.728,43.58495
2008-01-12,0,122.1682,10.44451948051948
2008-01-13,0,141.2252,9.58294382022472
2008-01-14,0,28.566,46.52229166666667
2008-01-15,0,31.744000000000003,43.2633
2008-01-16,0,33.3354,38.48383333333333
2008-01-17,0,33.339600000000004,45.097
2008-01-18,0,31.756,46.7515125
2008-01-19,0,123.864,11.2775
2008-01-20,0,141.34980000000002,10.469991573033708
2008-01-21,0,30.1796,45.03165789473684
2008-01-22,0,33.3606,44.964190476190474
2008-01-23,0,28.598399999999998,50.922666666666665
2008-01-24,0,33.369,44.729107142857146
2008-01-25,0,33.3732,44.735547619047615
2008-01-26,0,133.5096,9.862258928571428
2008-01-27,0,138.2952,9.443689655172415
2008-01-28,0,30.2062,42.88264473684211
2008-01-29,0,30.209999999999997,49.107236842105266
2008-01-30,0,33.3942,38.313250000000004
2008-01-31,0,33.3984,43.532761904761905
2008-02-01,0,28.6308,49.82983333333333
2008-02-02,0,125.6732,11.531316455696203
2008-02-03,0,135.23499999999999,10.125661764705882
2008-02-04,0,33.4152,41.404761904761905
2008-02-05,0,31.828000000000003,39.133125
2008-02-06,0,31.832,40.0085
2008-02-07,0,28.6524,44.84688888888889
2008-02-08,0,30.248,41.66842105263158
2008-02-09,0,132.1526,10.797936746987952
2008-02-10,0,133.76160000000002,10.98172619047619
2008-02-11,0,31.852,43.0835625
2008-02-12,0,33.4488,40.954952380952385
2008-02-13,0,33.453,43.94583333333333
2008-02-14,0,30.270799999999998,50.22852631578947
2008-02-15,0,28.681199999999997,44.22109722222223
2008-02-16,0,119.52,11.42752
2008-02-17,0,109.97219999999999,11.741249999999999
2008-02-18,0,28.691999999999997,47.33791666666667
2008-02-19,0,30.289799999999996,48.797
2008-02-20,0,31.888,46.8867
2008-02-21,0,31.892,47.416399999999996
2008-02-22,0,31.896,44.023375
2008-02-23,0,121.22,11.563815789473685
2008-02-24,0,119.64,10.998826666666666
2008-02-25,0,30.312600000000003,43.147236842105265
2008-02-26,0,30.3164,46.642421052631576
2008-02-27,0,30.320200000000003,43.894236842105265
2008-02-28,0,33.516000000000005,39.553333333333335
2008-02-29,0,33.5202,44.129892857142856
2008-03-01,0,126.1156,11.511462025316455
2008-03-02,0,137.3076,10.758691860465118
2008-03-03,0,31.936,46.269
2008-03-04,0,28.746,45.111458333333324
2008-03-05,0,33.541199999999996,39.83683333333334
2008-03-06,0,30.3506,50.28801315789474
2008-03-07,0,28.7568,50.177722222222215
2008-03-08,0,129.4218,11.475765432098765
2008-03-09,0,139.02599999999998,10.043103448275861
2008-03-10,0,33.5622,40.19825
2008-03-11,0,30.369600000000002,46.92
2008-03-12,0,28.7748,48.951
2008-03-13,0,31.976,42.3137
2008-03-14,0,31.98,40.1338125
2008-03-15,0,110.34479999999999,13.307608695652174
2008-03-16,0,126.35260000000001,11.912613924050632
2008-03-17,0,30.392400000000002,49.998868421052634
2008-03-18,0,31.996000000000002,46.280887500000006
2008-03-19,0,30.400000000000002,43.8421052631579
2008-03-20,0,33.6042,38.75553571428571
2008-03-21,0,32.008,41.924474999999994
2008-03-22,0,134.4504,10.525342261904761
2008-03-23,0,136.068,11.2064
2008-03-24,0,30.419,42.76736842105263
2008-03-25,0,33.6252,43.20366666666667
2008-03-26,0,32.028,44.7572125
2008-03-27,0,28.828799999999998,47.498666666666665
2008-03-28,0,28.8324,51.788722222222226
2008-03-29,0,142.57799999999997,10.298398876404494
2008-03-30,0,140.9936,10.357159090909091
2008-03-31,0,32.048,39.9684
2008-04-01,0,28.8468,48.70138888888889
2008-04-02,0,28.8504,46.467749999999995
2008-04-03,0,28.854,53.099652777777784
2008-04-04,0,28.857599999999998,44.824444444444445
2008-04-05,0,144.306,9.433966666666667
2008-04-06,0,112.25200000000001,12.356692857142857
2008-04-07,0,32.076,42.8159
2008-04-08,0,28.872,45.7275
2008-04-09,0,28.875600000000002,51.58484722222222
2008-04-10,0,32.088,44.677475
2008-04-11,0,28.8828,52.379875
2008-04-12,0,118.7552,12.22081081081081
2008-04-13,0,141.24,9.599502840909091
2008-04-14,0,32.104,46.89855
2008-04-15,0,33.7134,41.743726190476195
2008-04-16,0,33.7176,39.156
2008-04-17,0,33.721799999999995,43.26182142857143
2008-04-18,0,30.513999999999996,42.2725
2008-04-19,0,141.3456,9.74752272727273
2008-04-20,0,136.544,10.13435294117647
2008-04-21,0,30.5254,42.10546052631578
2008-04-22,0,32.136,46.336475
2008-04-23,0,28.926,50.31979166666667
2008-04-24,0,30.5368,42.030842105263154
2008-04-25,0,33.7554,40.37897619047619
2008-04-26,0,146.29160000000002,9.860934065934066
2008-04-27,0,120.58500000000001,11.450106666666667
2008-04-28,0,33.768,40.396190476190476
2008-04-29,0,28.9476,45.179750000000006
2008-04-30,0,32.168,47.35744999999999
2008-05-01,0,32.172,45.6914625
2008-05-02,0,28.9584,51.85166666666667
2008-05-03,0,139.983,10.972385057471264
2008-05-04,0,109.4256,12.38230882352941
2008-05-05,0,32.188,40.608337500000005
2008-05-06,0,28.9728,45.42044444444445
2008-05-07,0,32.196,45.1136
2008-05-08,0,32.199999999999996,40.801874999999995
2008-05-09,0,30.593799999999998,47.687026315789474
2008-05-10,0,109.5072,14.233632352941177
2008-05-11,0,140.1222,9.36346551724138
2008-05-12,0,33.8268,46.10292857142857
2008-05-13,0,30.608999999999998,47.89973684210526
2008-05-14,0,30.6128,48.834947368421055
2008-05-15,0,33.839400000000005,44.69433333333333
2008-05-16,0,33.8436,39.491190476190475
2008-05-17,0,143.45020000000002,9.319466292134832
2008-05-18,0,111.22800000000001,11.894565217391305
2008-05-19,0,32.244,45.013875
2008-05-20,0,32.248000000000005,45.991274999999995
2008-05-21,0,32.252,45.026625
2008-05-22,0,30.6432,42.94168421052631
2008-05-23,0,30.647,45.550657894736844
2008-05-24,0,117.7636,11.881527397260273
2008-05-25,0,121.005,10.6005
2008-05-26,0,32.272,47.62065
2008-05-27,0,30.6622,49.94806578947369
2008-05-28,0,32.28,41.3595
2008-05-29,0,29.0556,52.44325
2008-05-30,0,30.673599999999997,42.804210526315785
2008-05-31,0,145.314,9.764669444444445
2008-06-01,0,143.7172,10.332808988764045
2008-06-02,0,29.07,50.50763888888889
2008-06-03,0,29.0736,45.30605555555556
2008-06-04,0,33.9234,38.33375
2008-06-05,0,33.927600000000005,40.52997619047619
2008-06-06,0,30.700200000000002,48.34211842105263
2008-06-07,0,138.976,9.632093023255814
2008-06-08,0,138.9932,9.448194767441858
2008-06-09,0,33.9444,40.97442857142857
2008-06-10,0,30.715400000000002,49.30140789473684
2008-06-11,0,30.7192,49.40157894736842
2008-06-12,0,32.34,44.0155625
