sinteticos/sales_sint_semanal_tend_caio.csv
date,item_nbr,unit_sales,price
2008-06-13,0,33.9612,46.14335714285714
2008-06-14,0,137.47899999999998,11.318355882352941
2008-06-15,0,139.1136,10.240511627906976
2008-06-16,0,33.9738,46.331678571428576
2008-06-17,0,32.36,46.173625
2008-06-18,0,33.9822,39.67583333333333
2008-06-19,0,30.749599999999997,45.44478947368422
2008-06-20,0,29.134800000000002,50.93168055555555
2008-06-21,0,137.598,10.536676470588235
2008-06-22,0,119.806,12.536097972972975
2008-06-23,0,32.384,40.0037
2008-06-24,0,30.7686,50.986342105263155
2008-06-25,0,32.392,44.628674999999994
2008-06-26,0,34.015800000000006,39.29803571428572
2008-06-27,0,32.400000000000006,48.635
2008-06-28,0,144.1978,9.37491573033708
2008-06-29,0,139.3544,10.467191860465116
2008-06-30,0,34.0326,41.77240476190477
2008-07-01,0,34.0368,42.53942857142857
2008-07-02,0,30.799,49.267565789473686
2008-07-03,0,32.424,44.501325
2008-07-04,0,30.8066,45.07334210526316
2008-07-05,0,124.86319999999999,12.023597402597403
2008-07-06,0,128.1222,10.213563291139241
2008-07-07,0,30.817999999999998,46.77631578947368
2008-07-08,0,34.066199999999995,40.29566666666667
2008-07-09,0,29.203199999999995,48.30233333333334
2008-07-10,0,32.452,43.1225625
2008-07-11,0,32.456,45.084975
2008-07-12,0,142.824,9.419289772727273
2008-07-13,0,115.24719999999999,12.70356338028169
2008-07-14,0,30.8446,50.380868421052625
2008-07-15,0,32.472,40.39465
2008-07-16,0,30.852200000000003,47.116539473684206
2008-07-17,0,30.856,50.683157894736844
2008-07-18,0,29.2356,50.53931944444445
2008-07-19,0,121.83,11.347719999999999
2008-07-20,0,144.5894,10.984626404494383
2008-07-21,0,29.2464,48.581722222222226
2008-07-22,0,34.125,39.69642857142857
2008-07-23,0,29.2536,53.247055555555555
2008-07-24,0,34.1334,45.13766666666666
2008-07-25,0,32.512,48.5595
2008-07-26,0,138.19299999999998,10.525758823529412
2008-07-27,0,139.83599999999998,9.555029069767441
2008-07-28,0,29.2716,48.03520833333333
2008-07-29,0,29.275199999999998,45.565555555555555
2008-07-30,0,34.1586,39.995749999999994
2008-07-31,0,30.909200000000002,42.804
2008-08-01,0,32.54,42.7208125
2008-08-02,0,122.03999999999999,11.441386666666666
2008-08-03,0,143.2112,9.205107954545456
2008-08-04,0,30.924400000000002,46.397
2008-08-05,0,32.556000000000004,47.8313
2008-08-06,0,34.188,40.290000000000006
2008-08-07,0,30.9358,43.40976315789474
2008-08-08,0,30.939600000000002,47.73863157894736
2008-08-09,0,128.6594,10.7145
2008-08-10,0,112.3872,14.184463768115942
2008-08-11,0,32.58,42.6020625
2008-08-12,0,34.2132,43.72671428571428
2008-08-13,0,34.2174,43.13725
2008-08-14,0,30.9624,47.966842105263154
2008-08-15,0,30.966199999999997,43.27026315789473
2008-08-16,0,138.54999999999998,10.157205882352942
2008-08-17,0,110.85359999999999,14.144257352941176
2008-08-18,0,30.977599999999995,42.44147368421053
2008-08-19,0,29.3508,52.753375000000005
2008-08-20,0,34.2468,44.62733333333333
2008-08-21,0,30.989,44.24802631578947
2008-08-22,0,30.9928,50.65694736842105
2008-08-23,0,137.0376,11.1828125
2008-08-24,0,119.1068,12.894205479452054
2008-08-25,0,32.636,44.922725
2008-08-26,0,32.64,48.4195
2008-08-27,0,32.644000000000005,42.2499
2008-08-28,0,32.648,48.88065
2008-08-29,0,32.652,47.5444125
2008-08-30,0,135.5224,10.184963855421685
2008-08-31,0,142.071,10.7475
2008-09-01,0,29.3976,48.86813888888889
2008-09-02,0,31.034599999999998,49.32027631578947
2008-09-03,0,34.3056,40.448
2008-09-04,0,31.042199999999998,48.10776315789474
2008-09-05,0,34.314,38.75214285714286
2008-09-06,0,137.2728,11.738244047619046
2008-09-07,0,120.94559999999998,11.533351351351353
2008-09-08,0,32.692,48.597075000000004
2008-09-09,0,31.0612,46.25342105263158
2008-09-10,0,29.43,50.12534722222222
2008-09-11,0,32.704,47.541000000000004
2008-09-12,0,31.072599999999998,46.27276315789474
2008-09-13,0,143.93280000000001,9.46190909090909
2008-09-14,0,112.87020000000001,12.329152173913045
2008-09-15,0,32.72,47.028999999999996
2008-09-16,0,34.3602,38.98257142857143
2008-09-17,0,32.728,45.695475
2008-09-18,0,32.732,48.75461249999999
2008-09-19,0,29.462400000000002,52.28355555555556
2008-09-20,0,142.419,10.59168103448276
2008-09-21,0,142.4364,9.808477011494253
2008-09-22,0,32.748,44.469562499999995
2008-09-23,0,32.751999999999995,48.69870000000001
2008-09-24,0,32.756,40.8874375
2008-09-25,0,34.397999999999996,45.87904761904762
2008-09-26,0,29.487599999999997,50.037375
2008-09-27,0,126.15679999999999,11.978883116883116
2008-09-28,0,149.1126,10.295475274725275
2008-09-29,0,31.1372,45.53044736842105
2008-09-30,0,31.141000000000002,43.45401315789474
2008-10-01,0,34.4232,39.321
2008-10-02,0,32.788,43.9017
2008-10-03,0,34.431599999999996,39.33192857142858
2008-10-04,0,139.383,10.20564117647059
2008-10-05,0,126.28000000000002,11.594805194805195
2008-10-06,0,32.804,44.286150000000006
2008-10-07,0,32.808,45.3726
2008-10-08,0,34.452600000000004,45.104499999999994
2008-10-09,0,32.816,41.603100000000005
2008-10-10,0,29.538,51.13548611111111
2008-10-11,0,121.4488,12.51312162162162
2008-10-12,0,116.5394,12.789887323943661
2008-10-13,0,32.832,46.4015
2008-10-14,0,34.4778,40.250249999999994
2008-10-15,0,31.197999999999997,43.070263157894736
2008-10-16,0,31.2018,47.34590789473685
2008-10-17,0,29.5632,54.49066666666666
2008-10-18,0,142.90619999999998,11.234040229885057
2008-10-19,0,137.9952,10.520416666666666
2008-10-20,0,34.503,38.995357142857145
2008-10-21,0,32.864,43.025400000000005
2008-10-22,0,32.868,45.82795
2008-10-23,0,29.584799999999998,52.83175
2008-10-24,0,29.588400000000004,49.430097222222216
2008-10-25,0,116.724,11.668943661971833
2008-10-26,0,128.2476,10.947221153846154
2008-10-27,0,32.888000000000005,49.019324999999995
2008-10-28,0,29.602800000000002,50.861958333333334
2008-10-29,0,31.2512,51.70863157894737
2008-10-30,0,32.9,45.698125
2008-10-31,0,32.903999999999996,46.517375
2008-11-01,0,149.7314,10.16545054945055
2008-11-02,0,120.1288,11.83213698630137
2008-11-03,0,34.5618,38.98496428571429
2008-11-04,0,31.273999999999997,50.419736842105266
2008-11-05,0,31.2778,45.00346052631579
2008-11-06,0,29.635199999999998,51.22666666666667
2008-11-07,0,29.638799999999996,48.01908333333334
2008-11-08,0,130.09720000000002,12.224544303797467
2008-11-09,0,116.937,13.323609154929578
2008-11-10,0,31.2968,44.844157894736846
2008-11-11,0,29.6532,50.86002777777778
2008-11-12,0,32.952,44.33275
2008-11-13,0,34.60380000000001,46.96732142857143
2008-11-14,0,29.664,50.27777777777778
2008-11-15,0,136.8006,10.185382530120481
2008-11-16,0,150.0044,8.972917582417583
2008-11-17,0,29.6748,52.612347222222226
2008-11-18,0,29.6784,47.086
2008-11-19,0,34.629,42.00375
2008-11-20,0,29.6856,46.696444444444445
2008-11-21,0,32.988,45.474925
2008-11-22,0,138.5664,10.28957142857143
2008-11-23,0,136.9334,11.135512048192773
2008-11-24,0,29.7,54.47569444444445
2008-11-25,0,31.3538,44.74630263157895
2008-11-26,0,29.707199999999997,52.17411111111111
2008-11-27,0,31.361399999999996,45.99928947368421
2008-11-28,0,29.7144,47.7555
2008-11-29,0,148.59,10.862347222222223
2008-11-30,0,120.5376,13.045890410958904
2008-12-01,0,29.7252,52.109291666666664
2008-12-02,0,31.380399999999998,50.5195
2008-12-03,0,29.732400000000002,52.42611111111111
2008-12-04,0,33.040000000000006,40.8375
2008-12-05,0,29.739600000000003,53.85241666666667
2008-12-06,0,142.1064,10.745226744186047
2008-12-07,0,148.734,9.623475
2008-12-08,0,34.708800000000004,40.989714285714285
2008-12-09,0,34.713,46.963035714285716
2008-12-10,0,33.064,41.4162
2008-12-11,0,34.7214,46.71642857142857
2008-12-12,0,34.7256,41.70447619047619
2008-12-13,0,128.9964,12.371278846153846
2008-12-14,0,135.628,11.52560975609756
2008-12-15,0,31.429799999999997,52.04505263157895
2008-12-16,0,29.779199999999996,55.550000000000004
2008-12-17,0,29.782799999999998,47.88058333333333
2008-12-18,0,29.7864,53.443694444444446
2008-12-19,0,33.1,41.558437500000004
2008-12-20,0,140.692,10.272
2008-12-21,0,139.0536,10.763895833333335
2008-12-22,0,34.7676,45.92071428571429
2008-12-23,0,31.460200000000004,50.76144736842105
2008-12-24,0,29.808000000000003,48.33111111111111
2008-12-25,0,34.7802,40.825607142857145
2008-12-26,0,34.784400000000005,41.43804761904762
2008-12-27,0,144.1242,11.301206896551724
2008-12-28,0,130.8872,11.894126582278481
2008-12-29,0,33.14,42.435125
2008-12-30,0,34.8012,44.409904761904755
2008-12-31,0,31.4906,44.20140789473684
2009-01-01,0,29.8368,49.194
2009-01-02,0,29.8404,53.35143055555555
2009-01-03,0,112.744,12.54308823529412
2009-01-04,0,137.6306,11.48552108433735
2009-01-05,0,34.8264,45.314571428571426
2009-01-06,0,29.854799999999997,50.848416666666665
2009-01-07,0,33.176,43.308125000000004
2009-01-08,0,33.18,47.3263125
2009-01-09,0,33.184,46.876799999999996
2009-01-10,0,112.8392,12.152724264705883
2009-01-11,0,129.4488,11.625339743589743
2009-01-12,0,29.876400000000004,52.714999999999996
2009-01-13,0,33.2,45.625
2009-01-14,0,34.864200000000004,43.97983333333333
2009-01-15,0,34.8684,43.725071428571425
2009-01-16,0,33.212,43.9092875
2009-01-17,0,122.89920000000001,11.572891891891892
2009-01-18,0,151.151,9.352005494505493
2009-01-19,0,31.5628,52.487842105263155
2009-01-20,0,31.5666,52.687315789473686
2009-01-21,0,29.9088,53.6935
2009-01-22,0,34.8978,46.89941666666667
2009-01-23,0,34.902,40.72714285714286
2009-01-24,0,119.6784,12.616552083333334
2009-01-25,0,121.3552,12.620712328767123
2009-01-26,0,31.589399999999998,44.93646052631579
2009-01-27,0,33.256,43.061175
2009-01-28,0,33.26,48.5533125
2009-01-29,0,33.264,44.53615
2009-01-30,0,31.6046,44.96103947368421
2009-01-31,0,118.1156,13.940274647887323
2009-02-01,0,128.1126,12.879538961038962
2009-02-02,0,33.28,47.946
2009-02-03,0,33.284000000000006,48.501625
2009-02-04,0,34.952400000000004,46.634166666666665
2009-02-05,0,31.6274,52.802684210526316
2009-02-06,0,29.9664,52.997277777777775
2009-02-07,0,134.865,11.801388888888889
2009-02-08,0,123.2248,12.177
2009-02-09,0,34.9734,41.86857142857143
2009-02-10,0,31.6464,50.717473684210525
2009-02-11,0,33.316,48.096562500000005
2009-02-12,0,34.986,41.798452380952384
2009-02-13,0,33.324,50.1257125
2009-02-14,0,144.9768,10.323793103448274
2009-02-15,0,136.66119999999998,10.440582317073172
2009-02-16,0,33.336,45.28745
2009-02-17,0,30.006,53.79
2009-02-18,0,31.6768,48.07010526315789
2009-02-19,0,30.0132,46.87527777777778
2009-02-20,0,33.352,44.211450000000006
2009-02-21,0,116.746,13.603360714285715
2009-02-22,0,113.424,13.7625
2009-02-23,0,33.364000000000004,49.4599875
2009-02-24,0,31.699600000000004,45.50107894736843
2009-02-25,0,35.040600000000005,39.862
2009-02-26,0,30.038400000000003,54.56999999999999
2009-02-27,0,33.38,46.91618750000001
2009-02-28,0,118.5132,12.338176056338028
2009-03-01,0,146.9072,10.686545454545454
2009-03-02,0,30.052799999999998,53.17094444444444
2009-03-03,0,35.065799999999996,46.98110714285715
2009-03-04,0,33.4,45.110625
2009-03-05,0,30.063599999999997,54.009430555555554
2009-03-06,0,31.737599999999997,52.91505263157895
2009-03-07,0,133.648,11.3052375
2009-03-08,0,120.29759999999999,13.456798611111111
2009-03-09,0,31.749000000000002,48.77526315789474
2009-03-10,0,30.0816,53.841833333333334
2009-03-11,0,33.428,48.2803125
2009-03-12,0,30.0888,47.31602777777778
2009-03-13,0,31.7642,50.351052631578945
2009-03-14,0,143.792,10.034418604651162
2009-03-15,0,142.137,9.98065
2009-03-16,0,31.7756,49.49976315789474
2009-03-17,0,30.1068,53.89306944444444
2009-03-18,0,35.1288,44.27166666666667
2009-03-19,0,30.114,50.225208333333335
2009-03-20,0,31.7908,50.495868421052634
2009-03-21,0,142.239,11.48385294117647
2009-03-22,0,117.152,12.867685714285715
2009-03-23,0,33.476,49.3723
2009-03-24,0,31.805999999999997,52.947631578947366
2009-03-25,0,35.1582,40.45275
2009-03-26,0,33.488,42.941900000000004
2009-03-27,0,31.8174,45.402157894736845
2009-03-28,0,142.35799999999998,11.451388235294118
2009-03-29,0,128.975,12.85836038961039
2009-03-30,0,35.1792,46.363428571428564
2009-03-31,0,31.8326,49.212355263157896
2009-04-01,0,33.512,45.098025
2009-04-02,0,30.1644,49.91073611111111
2009-04-03,0,30.168000000000003,49.917500000000004
2009-04-04,0,137.44840000000002,10.66644512195122
2009-04-05,0,115.67160000000001,13.373188405797102
2009-04-06,0,31.855400000000003,47.50377631578947
2009-04-07,0,33.536,47.8114
2009-04-08,0,31.863,52.76388157894736
2009-04-09,0,35.2212,47.83314285714286
2009-04-10,0,30.1932,50.785625
2009-04-11,0,122.4648,12.600082191780821
2009-04-12,0,124.1572,12.731047297297296
2009-04-13,0,35.238,41.17285714285715
2009-04-14,0,31.8858,48.819500000000005
2009-04-15,0,33.568,47.401199999999996
2009-04-16,0,33.571999999999996,43.618700000000004
2009-04-17,0,31.897199999999998,43.780263157894744
2009-04-18,0,141.036,10.9384375
2009-04-19,0,142.732,10.985235294117647
2009-04-20,0,30.2292,49.210597222222226
2009-04-21,0,31.912399999999998,50.71523684210526
2009-04-22,0,35.2758,41.57533333333333
2009-04-23,0,35.28,46.161904761904765
2009-04-24,0,33.604,43.5733875
2009-04-25,0,139.47320000000002,11.504313253012048
2009-04-26,0,146.2122,10.530129310344828
2009-04-27,0,35.296800000000005,44.512142857142855
2009-04-28,0,33.620000000000005,47.669687499999995
2009-04-29,0,30.2616,56.16216666666667
2009-04-30,0,35.3094,40.56214285714286
2009-05-01,0,33.632,45.4666
2009-05-02,0,142.953,11.026335294117647
2009-05-03,0,139.606,11.427469879518073
2009-05-04,0,33.644,45.67028749999999
2009-05-05,0,30.283199999999997,48.69272222222222
2009-05-06,0,31.969399999999997,46.623868421052634
2009-05-07,0,30.290399999999998,54.36933333333333
2009-05-08,0,35.343,44.22517857142857
2009-05-09,0,119.5072,12.899661971830986
2009-05-10,0,122.8882,13.843373287671232
2009-05-11,0,35.3556,42.56519047619048
2009-05-12,0,35.3598,42.48260714285715
2009-05-13,0,31.996000000000002,46.27736842105263
2009-05-14,0,33.684000000000005,50.9266125
2009-05-15,0,33.688,48.243
2009-05-16,0,153.29860000000002,10.971357142857144
2009-05-17,0,131.4144,12.516102564102564
2009-05-18,0,32.015,48.360197368421055
2009-05-19,0,32.0188,52.959105263157895
2009-05-20,0,32.0226,49.74135526315789
2009-05-21,0,35.3976,47.044
2009-05-22,0,35.4018,45.63528571428572
2009-05-23,0,150.054,10.205814606741573
2009-05-24,0,114.66159999999999,14.260963235294119
2009-05-25,0,35.4144,41.14142857142857
2009-05-26,0,35.4186,47.07566666666666
2009-05-27,0,33.736,45.161550000000005
2009-05-28,0,35.427,40.007380952380956
2009-05-29,0,30.369600000000002,52.9815
2009-05-30,0,146.8038,9.638181034482757
2009-05-31,0,145.1336,10.313738372093024
2009-06-01,0,33.756,45.470887499999996
2009-06-02,0,33.76,46.221
2009-06-03,0,30.387600000000003,53.533861111111115
2009-06-04,0,32.0796,51.016868421052635
2009-06-05,0,33.772000000000006,43.355475
2009-06-06,0,150.3032,11.019629213483146
2009-06-07,0,126.67500000000001,12.060900000000002
2009-06-08,0,30.4056,52.43225
2009-06-09,0,33.788,42.82025
2009-06-10,0,30.4128,47.27411111111111
2009-06-11,0,32.1062,45.47810526315789
2009-06-12,0,32.11,51.65986842105263
2009-06-13,0,131.8356,12.800435897435898
2009-06-14,0,133.5416,10.659189873417722
2009-06-15,0,33.812,46.48808749999999
2009-06-16,0,30.434399999999997,52.695638888888894
2009-06-17,0,32.129,50.81171052631579
2009-06-18,0,35.5152,41.096761904761905
2009-06-19,0,30.4452,53.85611111111111
2009-06-20,0,123.4868,11.570116438356166
2009-06-21,0,120.1178,13.552267605633803
2009-06-22,0,33.839999999999996,51.2875
2009-06-23,0,35.5362,41.213142857142856
2009-06-24,0,32.1556,48.797552631578945
2009-06-25,0,32.159400000000005,51.84821052631579
2009-06-26,0,35.5488,46.205714285714286
2009-06-27,0,132.054,11.628173076923076
2009-06-28,0,118.524,12.292235714285715
2009-06-29,0,30.4812,50.50595833333334
2009-06-30,0,33.872,42.0075
2009-07-01,0,30.4884,52.594208333333334
2009-07-02,0,30.491999999999997,54.05375
2009-07-03,0,33.884,49.3086
2009-07-04,0,123.6912,12.640986301369862
2009-07-05,0,137.2626,10.886592592592592
2009-07-06,0,35.590799999999994,47.24635714285714
2009-07-07,0,30.509999999999998,54.193749999999994
2009-07-08,0,33.904,45.9774
2009-07-09,0,35.6034,40.94547619047619
2009-07-10,0,32.2164,51.85402631578947
2009-07-11,0,115.31439999999999,13.583183823529412
2009-07-12,0,132.28799999999998,11.795384615384616
2009-07-13,0,33.92400000000001,50.870799999999996
2009-07-14,0,30.535200000000003,48.52908333333333
2009-07-15,0,30.538800000000002,56.33036111111112
2009-07-16,0,35.6328,41.25109523809524
2009-07-17,0,33.94,42.3838125
2009-07-18,0,125.5928,11.507195945945947
2009-07-19,0,118.818,12.7279
2009-07-20,0,32.2544,50.544
2009-07-21,0,33.956,42.406462499999996
2009-07-22,0,35.658,41.284166666666664
2009-07-23,0,33.964,48.129675
2009-07-24,0,32.2696,45.74063157894737
2009-07-25,0,142.6824,10.347476190476192
2009-07-26,0,129.1088,11.117743421052632
2009-07-27,0,32.281,50.39401315789474
2009-07-28,0,35.6832,44.886761904761904
2009-07-29,0,33.988,51.448162499999995
2009-07-30,0,33.992,45.456625
2009-07-31,0,30.5964,56.86741666666667
2009-08-01,0,142.79999999999998,10.066964285714285
2009-08-02,0,129.2152,13.546213815789473
2009-08-03,0,34.008,49.982074999999995
2009-08-04,0,35.7126,44.839357142857146
2009-08-05,0,34.016000000000005,47.1814
2009-08-06,0,34.02,42.966125
2009-08-07,0,32.3228,50.27044736842106
2009-08-08,0,154.8274,9.507491758241757
2009-08-09,0,144.636,10.356623529411765
2009-08-10,0,35.7378,43.623714285714286
2009-08-11,0,34.04,44.6845
2009-08-12,0,32.3418,50.40276315789474
2009-08-13,0,35.7504,47.12885714285714
2009-08-14,0,35.754599999999996,43.5575119047619
2009-08-15,0,154.95479999999998,10.507214285714284
2009-08-16,0,122.61599999999999,12.525000000000002
2009-08-17,0,30.657600000000002,55.848055555555554
2009-08-18,0,30.6612,56.06429166666666
2009-08-19,0,35.7756,48.9565
2009-08-20,0,32.3722,45.41080263157895
2009-08-21,0,30.672,49.40222222222222
2009-08-22,0,144.85700000000003,11.613308823529412
2009-08-23,0,143.1696,11.685964285714286
2009-08-24,0,30.6828,52.034083333333335
2009-08-25,0,32.391200000000005,52.965
2009-08-26,0,32.395,48.71447368421053
2009-08-27,0,32.3988,45.354052631578945
2009-08-28,0,32.4026,48.826460526315785
2009-08-29,0,129.6256,12.975894736842106
2009-08-30,0,133.0524,11.655471153846154
