sinteticos/sales_sint_semanal_tend_caio.csv
date,item_nbr,unit_sales,price
2009-08-31,0,34.12,49.227374999999995
2009-09-01,0,32.4178,50.63606578947369
2009-09-02,0,32.4216,47.47142105263158
2009-09-03,0,32.425399999999996,52.631881578947365
2009-09-04,0,35.8428,49.15038095238095
2009-09-05,0,153.63,9.669916666666667
2009-09-06,0,151.9408,11.113483146067416
2009-09-07,0,35.8554,47.91378571428571
2009-09-08,0,34.152,43.7204
2009-09-09,0,32.4482,51.38423684210526
2009-09-10,0,35.868,41.47
2009-09-11,0,35.87220000000001,44.797130952380954
2009-09-12,0,153.756,10.16075
2009-09-13,0,117.89340000000001,14.621394927536231
2009-09-14,0,30.7584,52.80800000000001
2009-09-15,0,30.762,47.785
2009-09-16,0,32.4748,49.74402631578947
2009-09-17,0,34.188,50.8479125
2009-09-18,0,35.9016,46.546
2009-09-19,0,124.8154,12.30590410958904
2009-09-20,0,135.09,13.021360759493671
2009-09-21,0,30.7836,56.94712500000001
2009-09-22,0,32.4976,45.013894736842104
2009-09-23,0,30.790799999999997,51.926875
2009-09-24,0,35.9268,43.79521428571429
2009-09-25,0,34.22,51.562875
2009-09-26,0,131.7624,11.800116883116884
2009-09-27,0,150.60320000000002,10.734375
2009-09-28,0,30.8088,51.96125
2009-09-29,0,34.236,43.1807875
2009-09-30,0,34.24,45.738
2009-10-01,0,32.531800000000004,44.96805263157895
2009-10-02,0,30.823200000000003,56.50494444444444
2009-10-03,0,138.72060000000002,11.3445
2009-10-04,0,121.6088,13.210366197183097
2009-10-05,0,30.834000000000003,57.36791666666666
2009-10-06,0,30.837600000000002,52.01625
2009-10-07,0,32.5546,50.380289473684215
2009-10-08,0,32.5584,49.689894736842106
2009-10-09,0,30.848399999999998,50.354875
2009-10-10,0,155.974,11.04304945054945
2009-10-11,0,140.5644,11.171841463414633
2009-10-12,0,32.5736,49.61652631578947
2009-10-13,0,36.0066,42.55304761904762
2009-10-14,0,32.581199999999995,48.33407894736842
2009-10-15,0,32.584999999999994,45.45
2009-10-16,0,32.5888,53.43073684210526
2009-10-17,0,132.0858,11.144094155844156
2009-10-18,0,133.8168,10.92980769230769
2009-10-19,0,34.316,44.621362500000004
2009-10-20,0,30.887999999999998,49.79638888888889
2009-10-21,0,32.6078,51.071999999999996
2009-10-22,0,30.895200000000003,48.65116666666667
2009-10-23,0,34.332,48.720775
2009-10-24,0,145.928,10.885270588235294
2009-10-25,0,147.662,10.848313953488372
2009-10-26,0,30.9096,52.68055555555556
2009-10-27,0,36.065400000000004,45.25103571428571
2009-10-28,0,34.352000000000004,45.812549999999995
2009-10-29,0,32.6382,47.93052631578948
2009-10-30,0,32.641999999999996,48.436184210526314
2009-10-31,0,144.3288,11.296130952380953
2009-11-01,0,151.2192,11.237022727272729
2009-11-02,0,36.090599999999995,43.29817857142857
2009-11-03,0,34.376,46.13355
2009-11-04,0,32.660999999999994,54.26427631578947
2009-11-05,0,34.384,43.39215
2009-11-06,0,36.1074,41.693059523809524
2009-11-07,0,134.1288,11.080416666666666
2009-11-08,0,134.1444,13.005980769230769
2009-11-09,0,34.4,47.12
2009-11-10,0,32.6838,47.10619736842106
2009-11-11,0,30.967200000000002,49.51858333333334
2009-11-12,0,36.132600000000004,47.6092619047619
2009-11-13,0,34.416000000000004,47.71510000000001
2009-11-14,0,156.61100000000002,10.09125
2009-11-15,0,144.5808,11.159994047619046
2009-11-16,0,34.428,45.7370875
2009-11-17,0,34.432,49.166700000000006
2009-11-18,0,36.1578,45.835166666666666
2009-11-19,0,30.996,56.54652777777777
2009-11-20,0,32.7218,53.07671052631579
2009-11-21,0,129.18,12.762786666666667
2009-11-22,0,122.3046,13.88568309859155
2009-11-23,0,31.010399999999997,57.42225
2009-11-24,0,32.736999999999995,47.79414473684211
2009-11-25,0,36.1872,41.888
2009-11-26,0,31.0212,48.558375
2009-11-27,0,36.1956,47.15904761904762
2009-11-28,0,131.0088,11.654062499999998
2009-11-29,0,149.988,11.692758620689656
2009-11-30,0,31.0356,48.795569444444446
2009-12-01,0,32.763600000000004,46.835184210526315
2009-12-02,0,32.7674,51.45525
2009-12-03,0,31.046400000000002,55.37988888888889
2009-12-04,0,31.05,56.44618055555556
2009-12-05,0,141.4664,12.717749999999999
2009-12-06,0,143.2082,11.39455421686747
2009-12-07,0,31.0608,54.455444444444446
2009-12-08,0,36.2418,41.05128571428572
2009-12-09,0,34.519999999999996,48.832
2009-12-10,0,34.524,47.884525000000004
2009-12-11,0,36.2544,41.794285714285714
2009-12-12,0,119.13539999999999,12.887601449275362
2009-12-13,0,148.5048,11.983604651162791
2009-12-14,0,31.086,58.32291666666667
2009-12-15,0,31.089599999999997,56.84577777777778
2009-12-16,0,31.0932,48.04945833333334
2009-12-17,0,31.0968,49.85916666666667
2009-12-18,0,31.1004,54.42787499999999
2009-12-19,0,117.504,15.280000000000001
2009-12-20,0,117.5176,13.090830882352941
2009-12-21,0,31.111200000000004,54.555388888888885
2009-12-22,0,31.114800000000002,54.77483333333333
2009-12-23,0,34.576,50.6415
2009-12-24,0,31.122,53.40881944444444
2009-12-25,0,34.584,47.21405
2009-12-26,0,148.7284,12.11515988372093
2009-12-27,0,148.7456,10.404837209302325
2009-12-28,0,32.8662,47.60496052631579
2009-12-29,0,34.6,51.255
2009-12-30,0,31.1436,50.687875
2009-12-31,0,32.8776,46.113368421052634
2010-01-01,0,36.3426,43.18478571428572
2010-01-02,0,117.69439999999999,13.310080882352942
2010-01-03,0,124.63199999999999,12.333055555555555
2010-01-04,0,31.161599999999996,52.528666666666666
2010-01-05,0,32.8966,49.972
2010-01-06,0,31.1688,58.285888888888884
2010-01-07,0,31.1724,51.911
2010-01-08,0,32.908,51.60421052631579
2010-01-09,0,138.576,12.329421875
2010-01-10,0,150.71880000000002,9.995827586206897
2010-01-11,0,32.9194,46.78463157894737
2010-01-12,0,36.3888,43.42933333333333
2010-01-13,0,36.393,48.18
2010-01-14,0,34.664,43.408725
2010-01-15,0,32.9346,55.484868421052624
2010-01-16,0,124.8192,12.62025
2010-01-17,0,152.5744,11.394565340909091
2010-01-18,0,36.414,45.746071428571426
2010-01-19,0,32.949799999999996,51.98111842105263
2010-01-20,0,36.422399999999996,49.04600000000001
2010-01-21,0,36.4266,47.95625
2010-01-22,0,36.4308,42.389714285714284
2010-01-23,0,128.39,13.846114864864864
2010-01-24,0,150.96239999999997,11.646344827586207
2010-01-25,0,34.708,43.6629375
2010-01-26,0,34.712,45.300200000000004
2010-01-27,0,31.2444,57.48584722222222
2010-01-28,0,36.456,44.8
2010-01-29,0,34.724,49.0623875
2010-01-30,0,140.6484,12.850753086419754
2010-01-31,0,151.0842,11.612810344827587
2010-02-01,0,31.262400000000003,54.214888888888886
2010-02-02,0,34.74,45.725750000000005
2010-02-03,0,34.744,45.635625
2010-02-04,0,36.4854,50.24003571428571
2010-02-05,0,36.4896,49.51438095238096
2010-02-06,0,151.1886,11.59978448275862
2010-02-07,0,123.398,14.59475352112676
2010-02-08,0,34.763999999999996,48.4533
2010-02-09,0,36.5064,43.221714285714285
2010-02-10,0,34.772,49.523687499999994
2010-02-11,0,33.0372,48.796157894736844
2010-02-12,0,31.302,56.8575
2010-02-13,0,149.57119999999998,10.246418604651161
2010-02-14,0,156.546,11.673783333333333
2010-02-15,0,33.0524,47.20089473684211
2010-02-16,0,31.3164,52.075180555555555
2010-02-17,0,36.54,41.983333333333334
2010-02-18,0,31.3236,55.72529166666667
2010-02-19,0,36.5484,45.20340476190476
2010-02-20,0,142.72920000000002,12.423435975609754
2010-02-21,0,139.264,11.941200000000002
2010-02-22,0,31.338,48.26326388888889
2010-02-23,0,36.565200000000004,42.56647619047619
2010-02-24,0,31.345200000000002,49.88141666666667
2010-02-25,0,34.832,50.198350000000005
2010-02-26,0,31.3524,54.926624999999994
2010-02-27,0,123.682,13.655387323943662
2010-02-28,0,130.665,13.18581
2010-03-01,0,36.5904,42.50780952380952
2010-03-02,0,34.852,48.399075
2010-03-03,0,33.1132,50.24250000000001
2010-03-04,0,31.374,56.46951388888889
2010-03-05,0,34.864,45.1386
2010-03-06,0,139.47199999999998,12.588356250000002
2010-03-07,0,148.20600000000002,10.3058
2010-03-08,0,34.876,46.31399999999999
2010-03-09,0,34.88,46.99550000000001
2010-03-10,0,36.6282,45.958333333333336
2010-03-11,0,34.888,45.077175
2010-03-12,0,33.147400000000005,55.58527631578947
2010-03-13,0,150.05280000000002,10.710313953488372
2010-03-14,0,129.13,12.344341216216216
2010-03-15,0,36.6492,47.2757619047619
2010-03-16,0,36.653400000000005,46.27001190476191
2010-03-17,0,33.1664,48.80842105263158
2010-03-18,0,33.1702,53.086026315789475
2010-03-19,0,36.666,47.57630952380953
2010-03-20,0,141.44219999999999,12.240749999999998
2010-03-21,0,139.712,12.6369875
2010-03-22,0,31.4388,48.86826388888889
2010-03-23,0,33.1892,46.811052631578946
2010-03-24,0,31.445999999999998,57.905069444444436
2010-03-25,0,36.691199999999995,50.284000000000006
2010-03-26,0,34.94799999999999,48.936525
2010-03-27,0,125.8272,12.171229166666667
2010-03-28,0,138.0762,12.735063291139241
2010-03-29,0,36.708,47.82214285714286
2010-03-30,0,34.964,47.1233375
2010-03-31,0,33.2196,48.89684210526316
2010-04-01,0,34.972,44.8126125
2010-04-02,0,33.2272,48.501894736842104
2010-04-03,0,152.163,10.682758620689656
2010-04-04,0,127.69160000000001,14.324794520547947
2010-04-05,0,33.2386,50.86517105263158
2010-04-06,0,34.992000000000004,51.7179
2010-04-07,0,33.2462,49.14497368421053
2010-04-08,0,36.75,44.285714285714285
2010-04-09,0,33.2538,52.11527631578947
2010-04-10,0,126.02879999999999,13.512166666666667
2010-04-11,0,133.0456,12.420101973684211
2010-04-12,0,31.5144,55.139555555555546
2010-04-13,0,36.771,45.32982142857143
2010-04-14,0,36.7752,45.88966666666667
2010-04-15,0,33.276599999999995,51.44115789473684
2010-04-16,0,36.7836,49.041642857142854
2010-04-17,0,154.1584,10.073474431818182
2010-04-18,0,154.176,11.8825
2010-04-19,0,31.5396,51.95558333333334
2010-04-20,0,35.048,50.25895
2010-04-21,0,31.546800000000005,50.67513888888889
2010-04-22,0,35.056000000000004,49.98074999999999
2010-04-23,0,33.307,50.57467105263159
2010-04-24,0,136.74960000000002,11.649000000000001
2010-04-25,0,129.7516,12.201537162162163
2010-04-26,0,36.8256,50.307047619047616
2010-04-27,0,36.8298,47.63136904761905
2010-04-28,0,35.08,43.70625
2010-04-29,0,33.3298,53.988
2010-04-30,0,35.088,47.312050000000006
2010-05-01,0,119.3128,14.402911764705882
2010-05-02,0,122.836,15.131535714285715
2010-05-03,0,33.345,51.253618421052636
2010-05-04,0,35.104,43.74
2010-05-05,0,35.108,46.759212500000004
2010-05-06,0,31.6008,51.31319444444445
2010-05-07,0,33.3602,52.71296052631579
2010-05-08,0,135.212,13.362402597402596
2010-05-09,0,136.9836,13.41723717948718
2010-05-10,0,36.8844,47.3405
2010-05-11,0,35.132000000000005,46.2115625
2010-05-12,0,33.379200000000004,55.10252631578947
2010-05-13,0,31.626,51.791875
2010-05-14,0,36.9012,45.511023809523806
2010-05-15,0,156.4086,11.13366011235955
2010-05-16,0,121.2744,14.701260869565218
2010-05-17,0,36.9138,46.82672619047619
2010-05-18,0,36.918,43.67964285714285
2010-05-19,0,33.4058,55.15207894736842
2010-05-20,0,36.9264,47.03028571428571
2010-05-21,0,31.654799999999998,54.875708333333336
2010-05-22,0,128.39239999999998,12.411678082191782
2010-05-23,0,160.069,9.915068681318681
2010-05-24,0,31.665599999999998,49.69949999999999
2010-05-25,0,36.947399999999995,50.95896428571429
2010-05-26,0,31.672800000000002,52.96141666666667
2010-05-27,0,35.196,51.5708875
2010-05-28,0,31.68,49.18333333333333
2010-05-29,0,142.5762,11.918194444444444
2010-05-30,0,128.5092,14.40163698630137
2010-05-31,0,33.45140000000001,51.02751315789474
2010-06-01,0,33.455200000000005,52.06089473684211
2010-06-02,0,35.22,52.1959375
2010-06-03,0,31.701600000000003,54.42516666666667
2010-06-04,0,36.9894,44.146726190476194
2010-06-05,0,128.5968,12.835068493150684
2010-06-06,0,121.5642,15.221891304347826
2010-06-07,0,35.24,52.7175
2010-06-08,0,31.7196,58.79947222222222
2010-06-09,0,33.4856,49.44173684210526
2010-06-10,0,33.489399999999996,47.392013157894745
2010-06-11,0,33.4932,55.41771052631579
2010-06-12,0,135.751,12.432954545454544
2010-06-13,0,128.71359999999999,14.695150684931507
2010-06-14,0,35.268,52.2761875
2010-06-15,0,35.272,52.18514999999999
2010-06-16,0,33.5122,54.115710526315794
2010-06-17,0,33.516,55.974736842105266
2010-06-18,0,35.284,52.4007
2010-06-19,0,146.4452,11.968602409638553
2010-06-20,0,153.5202,10.880264367816093
2010-06-21,0,31.766400000000004,53.79
2010-06-22,0,37.065000000000005,51.048809523809524
2010-06-23,0,35.304,47.836425
2010-06-24,0,37.0734,46.86882142857143
2010-06-25,0,35.312,44.0325
2010-06-26,0,132.435,11.873983333333333
2010-06-27,0,137.748,12.297115384615385
2010-06-28,0,33.5578,51.21061842105263
2010-06-29,0,37.0944,48.76352380952381
2010-06-30,0,37.0986,45.41275
2010-07-01,0,31.8024,49.071305555555554
2010-07-02,0,37.107,43.18577380952381
2010-07-03,0,157.2808,10.653438202247191
2010-07-04,0,130.7876,12.020263513513513
2010-07-05,0,37.1196,43.57554761904762
2010-07-06,0,37.1238,47.12732142857143
2010-07-07,0,33.592,55.39578947368421
2010-07-08,0,31.8276,53.906875
2010-07-09,0,33.5996,56.23539473684211
2010-07-10,0,145.02519999999998,11.262356707317073
2010-07-11,0,139.73520000000002,11.344012658227847
2010-07-12,0,35.38,44.618437500000006
2010-07-13,0,31.8456,53.178444444444445
2010-07-14,0,35.388000000000005,45.6106875
2010-07-15,0,35.392,49.5405
2010-07-16,0,33.6262,49.05625
2010-07-17,0,129.21,12.850342465753425
2010-07-18,0,129.2246,12.609996575342466
2010-07-19,0,37.178399999999996,45.335952380952385
2010-07-20,0,33.6414,48.254618421052626
2010-07-21,0,31.874399999999998,51.7055
2010-07-22,0,33.649,48.26690789473684
2010-07-23,0,33.6528,51.167368421052636
2010-07-24,0,147.0262,11.430515060240966
2010-07-25,0,120.46879999999999,13.664830882352943
2010-07-26,0,31.892400000000002,56.75944444444445
2010-07-27,0,33.668,51.400263157894734
2010-07-28,0,35.444,45.5938
2010-07-29,0,35.448,46.7789
2010-07-30,0,37.2246,51.20310714285714
2010-07-31,0,140.05120000000002,11.646683544303796
2010-08-01,0,154.251,12.1591091954023
2010-08-02,0,33.6908,54.026999999999994
2010-08-03,0,33.6946,50.92847368421053
2010-08-04,0,35.472,46.71625
2010-08-05,0,35.476,44.263125
2010-08-06,0,35.480000000000004,52.827375
2010-08-07,0,143.7102,12.365243827160496
2010-08-08,0,133.07999999999998,12.35904
2010-08-09,0,33.7174,55.00740789473684
2010-08-10,0,35.495999999999995,48.42510000000001
2010-08-11,0,33.725,51.29111842105264
2010-08-12,0,31.953599999999998,58.413666666666664
2010-08-13,0,31.957199999999997,50.215875
2010-08-14,0,142.048,12.6540375
2010-08-15,0,131.4092,13.362358108108108
2010-08-16,0,37.296,48.21809523809523
2010-08-17,0,35.524,53.8863375
2010-08-18,0,31.9752,57.582388888888886
2010-08-19,0,33.7554,55.07727631578947
2010-08-20,0,33.7592,48.030157894736845
2010-08-21,0,161.70700000000002,11.329271978021978
2010-08-22,0,149.28480000000002,11.641238095238096
2010-08-23,0,33.7706,48.77486842105263
2010-08-24,0,31.9968,54.66822222222222
2010-08-25,0,37.333800000000004,47.521833333333326
2010-08-26,0,33.782000000000004,55.64526315789474
2010-08-27,0,37.3422,50.35209523809524
2010-08-28,0,120.9312,14.565382352941176
2010-08-29,0,131.6164,14.186067567567568
2010-08-30,0,35.576,53.48185
2010-08-31,0,32.022,59.76076388888889
2010-09-01,0,37.3632,43.052
2010-09-02,0,33.8086,53.30475
2010-09-03,0,32.032799999999995,59.564083333333336
2010-09-04,0,121.02640000000001,14.810625
2010-09-05,0,121.04,13.941176470588236
2010-09-06,0,37.3842,45.336690476190476
2010-09-07,0,32.0472,53.3385
2010-09-08,0,35.612,50.57920000000001
2010-09-09,0,32.0544,54.559555555555555
2010-09-10,0,33.839000000000006,52.5266447368421
2010-09-11,0,140.7148,13.185006329113925
2010-09-12,0,144.29340000000002,12.909885802469136
2010-09-13,0,32.0688,60.2985
2010-09-14,0,33.8542,49.639381578947365
2010-09-15,0,33.858000000000004,49.95789473684211
2010-09-16,0,35.644,45.3893625
2010-09-17,0,32.0832,51.867555555555555
2010-09-18,0,160.434,11.341966666666668
2010-09-19,0,135.4928,12.860249999999999
2010-09-20,0,32.094,55.844722222222224
2010-09-21,0,37.447199999999995,51.077047619047626
2010-09-22,0,33.8846,49.06456578947368
2010-09-23,0,32.1048,58.61519444444445
2010-09-24,0,32.1084,59.83244444444445
2010-09-25,0,121.312,14.18029411764706
2010-09-26,0,132.0308,13.273027027027025
2010-09-27,0,32.1192,59.08491666666667
2010-09-28,0,32.1228,52.70995833333333
2010-09-29,0,37.4808,44.714
2010-09-30,0,33.915000000000006,49.00986842105263
2010-10-01,0,33.918800000000005,53.29192105263158
2010-10-02,0,155.3298,12.52830459770115
2010-10-03,0,158.91840000000002,11.268449438202248
2010-10-04,0,35.716,54.214537500000006
2010-10-05,0,33.934,51.753684210526316
2010-10-06,0,32.1516,53.754555555555555
2010-10-07,0,32.1552,56.846000000000004
2010-10-08,0,35.732,47.3005125
2010-10-09,0,159.02519999999998,11.321550561797752
2010-10-10,0,141.173,13.710474683544305
2010-10-11,0,37.5312,45.91542857142857
2010-10-12,0,32.173199999999994,60.07868055555555
2010-10-13,0,35.751999999999995,54.17685000000001
2010-10-14,0,32.1804,57.66801388888889
2010-10-15,0,33.972,51.29657894736842
2010-10-16,0,153.7852,12.257764534883721
2010-10-17,0,152.014,11.048723529411765
2010-10-18,0,37.5606,43.308261904761906
2010-10-19,0,32.1984,51.08433333333333
2010-10-20,0,33.991,53.942368421052635
2010-10-21,0,35.784000000000006,52.741575
2010-10-22,0,32.2092,55.84975
2010-10-23,0,161.06400000000002,10.1337
2010-10-24,0,161.082,10.223297222222223
2010-10-25,0,34.01,52.72105263157895
2010-10-26,0,37.5942,51.58684523809524
2010-10-27,0,37.5984,50.64666666666666
2010-10-28,0,35.812,51.49567499999999
2010-10-29,0,32.2344,52.80572222222223
2010-10-30,0,148.653,12.363795180722892
2010-10-31,0,130.7576,13.841260273972603
2010-11-01,0,35.827999999999996,47.940925
2010-11-02,0,35.831999999999994,50.035925
2010-11-03,0,35.836,50.539649999999995
2010-11-04,0,34.048,47.44578947368421
2010-11-05,0,37.6362,45.87052380952381
2010-11-06,0,130.8452,12.651945205479452
2010-11-07,0,157.7488,10.315704545454546
2010-11-08,0,34.0632,56.691105263157894
2010-11-09,0,34.067,49.99085526315789
2010-11-10,0,32.2776,50.45133333333333
2010-11-11,0,35.868,50.6900375
2010-11-12,0,34.0784,54.30821052631579
2010-11-13,0,129.1536,14.637503472222221
2010-11-14,0,129.168,14.556319444444446
2010-11-15,0,37.678200000000004,46.497499999999995
2010-11-16,0,34.0936,52.97184210526315
2010-11-17,0,32.3028,54.371430555555555
2010-11-18,0,35.896,54.322875
2010-11-19,0,34.105,50.26348684210526
2010-11-20,0,147.2064,12.742146341463416
2010-11-21,0,145.42739999999998,11.448472222222222
