sinteticos/sales_sint_semanal_tend_caio.csv
date,item_nbr,unit_sales,price
2010-11-22,0,37.7076,45.49359523809524
2010-11-23,0,34.1202,48.81888157894737
2010-11-24,0,35.92,46.48350000000001
2010-11-25,0,32.3316,53.982597222222225
2010-11-26,0,35.928,45.0983
2010-11-27,0,123.9654,14.433032608695653
2010-11-28,0,156.3216,12.618390804597702
2010-11-29,0,35.940000000000005,51.104
2010-11-30,0,34.1468,57.58326315789474
2010-12-01,0,32.3532,53.579458333333335
2010-12-02,0,34.1544,50.03010526315789
2010-12-03,0,35.956,53.126850000000005
2010-12-04,0,149.234,11.696204819277108
2010-12-05,0,158.2416,11.94109659090909
2010-12-06,0,34.1696,49.31905263157895
2010-12-07,0,32.3748,50.84436111111111
2010-12-08,0,35.976,53.5598
2010-12-09,0,37.778999999999996,50.53982142857143
2010-12-10,0,34.184799999999996,49.34373684210527
2010-12-11,0,152.94899999999998,11.383964705882352
2010-12-12,0,127.77159999999999,15.37643661971831
2010-12-13,0,37.7958,43.423142857142864
2010-12-14,0,34.2,50.526315789473685
2010-12-15,0,34.2038,55.48061842105264
2010-12-16,0,37.8084,50.965119047619034
2010-12-17,0,34.2114,57.17932894736842
2010-12-18,0,156.6696,10.902
2010-12-19,0,144.08,12.607874999999998
2010-12-20,0,37.8252,47.940690476190476
2010-12-21,0,36.028000000000006,52.5459375
2010-12-22,0,37.833600000000004,50.43133333333333
2010-12-23,0,37.8378,44.33553571428571
2010-12-24,0,34.238,50.589473684210525
2010-12-25,0,136.9672,12.17461184210526
2010-12-26,0,129.7728,13.436791666666666
2010-12-27,0,34.2494,57.77794736842105
2010-12-28,0,32.4504,52.090999999999994
2010-12-29,0,34.257,57.68690789473685
2010-12-30,0,32.4576,55.88933333333333
2010-12-31,0,36.068,48.6030625
2011-01-01,0,160.5204,12.094567415730339
2011-01-02,0,129.87359999999998,13.61559375
2011-01-03,0,36.08,47.719
2011-01-04,0,36.084,50.0309875
2011-01-05,0,36.088,54.850425
2011-01-06,0,36.092,54.456112499999996
2011-01-07,0,36.096,52.657500000000006
2011-01-08,0,137.18,12.882236842105264
2011-01-09,0,155.24720000000002,11.549040697674418
2011-01-10,0,34.302600000000005,55.766526315789484
2011-01-11,0,34.306400000000004,49.85810526315788
2011-01-12,0,36.116,51.084512499999995
2011-01-13,0,36.120000000000005,49.28412500000001
2011-01-14,0,36.124,55.01234999999999
2011-01-15,0,130.0608,13.693444444444445
2011-01-16,0,153.561,11.576970588235296
2011-01-17,0,37.9428,50.69071428571428
2011-01-18,0,36.14,47.205625
2011-01-19,0,32.5296,60.15838888888888
2011-01-20,0,32.5332,53.58
2011-01-21,0,34.3444,51.61242105263158
2011-01-22,0,135.58499999999998,12.38006
2011-01-23,0,157.296,12.475862068965515
2011-01-24,0,36.164,49.653175
2011-01-25,0,36.168,53.68035
2011-01-26,0,37.9806,45.00249999999999
2011-01-27,0,34.3672,57.789789473684216
2011-01-28,0,34.371,51.44565789473684
2011-01-29,0,124.83480000000002,14.080499999999999
2011-01-30,0,157.4178,11.145557471264368
2011-01-31,0,34.382400000000004,55.806526315789476
2011-02-01,0,36.196,51.4129875
2011-02-02,0,34.39,53.49013157894737
2011-02-03,0,38.0142,50.702130952380955
2011-02-04,0,38.0184,49.46228571428571
2011-02-05,0,148.4692,13.257987804878049
2011-02-06,0,148.4856,12.54754268292683
2011-02-07,0,36.22,51.95475
2011-02-08,0,38.035199999999996,45.93838095238096
2011-02-09,0,38.0394,45.272666666666666
2011-02-10,0,34.4204,56.51202631578948
2011-02-11,0,32.612399999999994,51.37612500000001
2011-02-12,0,139.524,11.985324675324675
2011-02-13,0,141.3516,13.409163461538462
2011-02-14,0,38.0604,46.356500000000004
2011-02-15,0,32.6268,59.46462499999999
2011-02-16,0,36.256,52.2144
2011-02-17,0,32.634,52.646527777777784
2011-02-18,0,36.264,55.151275
2011-02-19,0,130.56480000000002,15.181645833333333
2011-02-20,0,159.5968,10.772613636363635
2011-02-21,0,36.276,45.69071249999999
2011-02-22,0,36.28,54.371625
2011-02-23,0,34.4698,52.56769736842105
2011-02-24,0,38.1024,44.395999999999994
2011-02-25,0,36.292,53.68545
2011-02-26,0,130.66559999999998,14.045395833333332
2011-02-27,0,145.2,13.677031249999999
2011-02-28,0,38.1192,45.86014285714286
2011-03-01,0,34.492599999999996,48.568276315789475
2011-03-02,0,38.1276,43.948166666666665
2011-03-03,0,32.6844,53.972208333333334
2011-03-04,0,34.504,50.07473684210527
2011-03-05,0,147.1122,13.268802469135801
2011-03-06,0,159.8432,10.423943181818183
2011-03-07,0,38.1486,50.807428571428574
2011-03-08,0,32.7024,58.72127777777778
2011-03-09,0,38.157,52.64875000000001
2011-03-10,0,38.1612,52.27021428571429
2011-03-11,0,38.165400000000005,51.12139285714285
2011-03-12,0,127.23200000000001,14.00957142857143
2011-03-13,0,129.06380000000001,13.55761971830986
2011-03-14,0,32.724000000000004,61.12444444444444
2011-03-15,0,32.7276,52.36675000000001
2011-03-16,0,32.7312,55.5201111111111
2011-03-17,0,34.553399999999996,54.414776315789474
2011-03-18,0,36.376,50.08162500000001
2011-03-19,0,143.701,13.03909810126582
2011-03-20,0,138.2592,12.064105263157895
2011-03-21,0,36.388,53.74383750000001
2011-03-22,0,34.572399999999995,56.15323684210526
2011-03-23,0,38.215799999999994,49.558166666666665
2011-03-24,0,38.22,51.3
2011-03-25,0,38.2242,47.3522738095238
2011-03-26,0,125.6076,13.385913043478261
2011-03-27,0,151.1098,12.984325301204818
2011-03-28,0,36.416,55.51239999999999
2011-03-29,0,36.42,47.312937500000004
2011-03-30,0,36.42400000000001,48.2307
2011-03-31,0,32.7852,59.56393055555555
2011-04-01,0,34.6104,56.969368421052636
2011-04-02,0,147.5658,11.963277777777776
2011-04-03,0,153.048,13.106339285714284
2011-04-04,0,36.444,50.5923625
2011-04-05,0,38.2704,52.728
2011-04-06,0,34.6294,53.802
2011-04-07,0,38.2788,50.03633333333334
2011-04-08,0,32.814,59.735416666666666
2011-04-09,0,123.9776,13.516720588235295
2011-04-10,0,162.2826,12.40350561797753
2011-04-11,0,38.2956,46.29192857142858
2011-04-12,0,38.2998,49.293928571428566
2011-04-13,0,38.303999999999995,48.33333333333334
2011-04-14,0,36.484,46.695750000000004
2011-04-15,0,34.6636,49.266342105263156
2011-04-16,0,166.0386,11.202598901098902
2011-04-17,0,166.0568,11.248615384615382
2011-04-18,0,36.5,54.1328125
2011-04-19,0,38.3292,43.82235714285715
2011-04-20,0,36.508,47.64453749999999
2011-04-21,0,36.512,53.1368
2011-04-22,0,36.516000000000005,52.5336625
2011-04-23,0,124.168,15.78176470588235
2011-04-24,0,138.7912,13.212875
2011-04-25,0,36.528,51.94315
2011-04-26,0,38.3586,50.92807142857142
2011-04-27,0,36.536,47.38055000000001
2011-04-28,0,32.885999999999996,53.66840277777778
2011-04-29,0,36.544,45.968399999999995
2011-04-30,0,164.46599999999998,10.193852777777778
2011-05-01,0,135.2424,15.01131081081081
2011-05-02,0,36.556,48.5287875
2011-05-03,0,38.388,45.15761904761905
2011-05-04,0,34.7358,51.95243421052632
2011-05-05,0,36.568,50.582175
2011-05-06,0,36.572,50.791962500000004
2011-05-07,0,140.8176,14.516415584415585
2011-05-08,0,162.781,12.492050561797752
2011-05-09,0,38.4132,46.8395
2011-05-10,0,34.7586,50.382763157894736
2011-05-11,0,32.9328,58.73349999999999
2011-05-12,0,36.596000000000004,53.8852625
2011-05-13,0,32.94,59.20069444444445
2011-05-14,0,151.9066,11.98098795180723
2011-05-15,0,131.7888,13.869722222222224
2011-05-16,0,34.7814,49.66893421052631
2011-05-17,0,34.7852,52.14268421052631
2011-05-18,0,34.789,55.90467105263159
2011-05-19,0,32.9616,57.884944444444436
2011-05-20,0,36.628,49.553775
2011-05-21,0,133.7068,13.494226027397263
2011-05-22,0,150.20759999999999,13.531999999999998
2011-05-23,0,32.976,58.25333333333334
2011-05-24,0,36.644,55.698825
2011-05-25,0,36.648,50.502374999999994
2011-05-26,0,32.9868,54.8735
2011-05-27,0,36.656,49.49425
2011-05-28,0,144.807,12.583401898734175
2011-05-29,0,144.8228,13.07593670886076
2011-05-30,0,38.501400000000004,45.40463095238095
2011-05-31,0,36.672000000000004,50.7437
2011-06-01,0,38.5098,45.99925
2011-06-02,0,38.514,46.393928571428575
2011-06-03,0,34.8498,52.143881578947365
2011-06-04,0,139.4144,14.32788157894737
2011-06-05,0,150.4372,11.661475609756097
2011-06-06,0,34.8612,51.41015789473684
2011-06-07,0,38.535,43.98928571428572
2011-06-08,0,34.8688,55.833473684210524
2011-06-09,0,36.708,55.7058125
2011-06-10,0,33.0408,59.63125000000001
2011-06-11,0,159.7146,12.43302011494253
2011-06-12,0,143.208,14.341217948717949
2011-06-13,0,34.8878,59.2046052631579
2011-06-14,0,38.5644,52.59857142857143
2011-06-15,0,34.8954,52.22046052631579
2011-06-16,0,33.0624,61.72100000000001
2011-06-17,0,38.577,47.16119047619047
2011-06-18,0,156.162,10.954794117647058
2011-06-19,0,141.4798,12.174175324675327
2011-06-20,0,33.076800000000006,61.29627777777777
2011-06-21,0,34.9182,53.551750000000006
2011-06-22,0,38.598,49.627500000000005
2011-06-23,0,36.764,53.958212499999995
2011-06-24,0,34.9296,52.60126315789474
2011-06-25,0,165.474,11.174341666666667
2011-06-26,0,141.5876,12.929493506493506
2011-06-27,0,38.619,53.56017857142857
2011-06-28,0,34.9448,54.136736842105265
2011-06-29,0,36.788,49.079537499999994
2011-06-30,0,36.792,47.5484
2011-07-01,0,33.1164,61.037
2011-07-02,0,145.35999999999999,12.896835443037974
2011-07-03,0,136.17479999999998,13.29891891891892
2011-07-04,0,38.6484,53.70357142857143
2011-07-05,0,38.6526,53.51480952380952
2011-07-06,0,36.816,48.50615
2011-07-07,0,38.661,45.42053571428571
2011-07-08,0,38.6652,44.44916666666666
2011-07-09,0,154.6776,11.480029761904762
2011-07-10,0,160.2192,12.170482758620691
2011-07-11,0,34.9942,54.87068421052631
2011-07-12,0,34.998000000000005,58.65828947368421
2011-07-13,0,35.0018,54.01973684210526
2011-07-14,0,35.0056,54.78268421052632
2011-07-15,0,33.1668,55.43775000000001
2011-07-16,0,164.0092,10.40593820224719
2011-07-17,0,141.911,12.269155844155843
2011-07-18,0,36.864,54.944500000000005
2011-07-19,0,33.1812,59.91562499999999
2011-07-20,0,36.872,53.725175
2011-07-21,0,35.032199999999996,57.3167105263158
2011-07-22,0,38.724,44.72071428571428
2011-07-23,0,136.4708,14.414523648648649
2011-07-24,0,151.2408,12.358067073170734
2011-07-25,0,33.2028,55.04841666666666
2011-07-26,0,33.2064,52.428000000000004
2011-07-27,0,33.21,59.51701388888888
2011-07-28,0,35.0588,58.33965789473684
2011-07-29,0,35.0626,48.820750000000004
2011-07-30,0,132.88320000000002,13.856180555555554
2011-07-31,0,142.1266,14.614490259740258
2011-08-01,0,38.766000000000005,51.24154761904762
2011-08-02,0,36.924,47.636912499999994
2011-08-03,0,38.7744,48.019999999999996
2011-08-04,0,36.932,53.308675
2011-08-05,0,36.936,46.5221
2011-08-06,0,166.23,10.453874999999998
2011-08-07,0,142.2344,13.450350649350652
2011-08-08,0,38.7954,50.59871428571429
2011-08-09,0,36.952,56.327325
2011-08-10,0,38.803799999999995,50.31675
2011-08-11,0,38.808,51.205714285714286
2011-08-12,0,36.964,54.2875875
2011-08-13,0,151.5688,13.06658536585366
2011-08-14,0,146.0394,12.41667088607595
2011-08-15,0,33.2784,61.48649999999999
2011-08-16,0,36.98,51.73737500000001
2011-08-17,0,38.8332,51.832
2011-08-18,0,38.8374,45.653035714285714
2011-08-19,0,38.8416,46.44409523809525
2011-08-20,0,129.48600000000002,14.023299999999997
2011-08-21,0,138.75,14.41
2011-08-22,0,38.8542,53.82795238095239
2011-08-23,0,37.008,56.11359999999999
2011-08-24,0,37.012,53.335012500000005
2011-08-25,0,37.016,55.92085
2011-08-26,0,37.019999999999996,55.927625
2011-08-27,0,135.1376,13.910794520547947
2011-08-28,0,168.4774,10.93371978021978
2011-08-29,0,38.8836,48.564904761904764
2011-08-30,0,35.1842,51.07539473684211
2011-08-31,0,33.336,61.37638888888888
2011-09-01,0,35.1918,57.28351315789473
2011-09-02,0,37.048,55.665225
2011-09-03,0,140.7976,13.970993421052633
2011-09-04,0,168.6048,10.329999999999998
2011-09-05,0,37.06,49.796625000000006
2011-09-06,0,33.3576,53.61419444444444
2011-09-07,0,35.214600000000004,55.36714473684211
2011-09-08,0,33.3648,62.010000000000005
2011-09-09,0,37.076,52.301425
2011-09-10,0,159.44400000000002,11.731860465116279
2011-09-11,0,146.4818,13.950768987341775
2011-09-12,0,37.088,56.4564
2011-09-13,0,33.3828,57.451388888888886
2011-09-14,0,38.9508,48.75750000000001
2011-09-15,0,37.1,55.649375
2011-09-16,0,35.2488,55.75410526315789
2011-09-17,0,144.72119999999998,12.256326923076925
2011-09-18,0,126.18079999999999,13.908257352941174
2011-09-19,0,38.971799999999995,45.83017857142857
2011-09-20,0,35.263999999999996,53.92894736842106
2011-09-21,0,33.4116,61.41741666666666
2011-09-22,0,33.4152,54.638194444444444
2011-09-23,0,37.132,52.700587500000005
2011-09-24,0,154.1144,13.149602409638552
2011-09-25,0,131.847,15.694823943661971
2011-09-26,0,37.144,52.512525000000004
2011-09-27,0,33.4332,57.08822222222222
2011-09-28,0,37.152,52.421600000000005
2011-09-29,0,33.440400000000004,52.842375
2011-09-30,0,37.160000000000004,56.26837499999999
2011-10-01,0,152.3724,11.981506097560976
2011-10-02,0,159.82240000000002,11.859488372093024
2011-10-03,0,39.0306,47.48729761904762
2011-10-04,0,39.0348,46.308166666666665
2011-10-05,0,35.321,59.59302631578947
2011-10-06,0,35.324799999999996,50.21263157894736
2011-10-07,0,39.047399999999996,52.843988095238096
2011-10-08,0,143.1892,13.093597402597403
2011-10-09,0,158.083,11.76505294117647
2011-10-10,0,37.199999999999996,54.883750000000006
2011-10-11,0,37.20399999999999,52.2963
2011-10-12,0,37.208,49.293124999999996
2011-10-13,0,33.4908,58.35163888888889
2011-10-14,0,35.3552,57.90947368421053
2011-10-15,0,169.351,11.909917582417583
2011-10-16,0,134.00639999999999,14.218256944444446
2011-10-17,0,37.228,56.90295
2011-10-18,0,33.5088,54.001999999999995
2011-10-19,0,37.236000000000004,51.931250000000006
2011-10-20,0,35.378,55.43644736842105
2011-10-21,0,37.244,47.996025
2011-10-22,0,134.0928,15.642722222222224
2011-10-23,0,139.695,13.965839999999998
2011-10-24,0,39.1188,49.48809523809524
2011-10-25,0,37.26,53.00812500000001
2011-10-26,0,37.263999999999996,56.23694999999999
2011-10-27,0,37.268,56.6595625
2011-10-28,0,37.272,56.146499999999996
2011-10-29,0,164.0144,10.942321022727272
2011-10-30,0,128.61599999999999,16.428985507246377
2011-10-31,0,39.148199999999996,52.699666666666666
2011-11-01,0,37.288,51.388349999999996
2011-11-02,0,33.5628,63.462875000000004
2011-11-03,0,37.296,54.62625
2011-11-04,0,33.57,53.418749999999996
2011-11-05,0,128.6988,14.872166666666667
2011-11-06,0,152.9628,13.277503048780488
2011-11-07,0,33.5808,56.214
2011-11-08,0,37.316,56.845425000000006
2011-11-09,0,33.588,54.02930555555555
2011-11-10,0,39.190200000000004,48.79585714285714
2011-11-11,0,35.461600000000004,52.29426315789474
2011-11-12,0,167.994,11.318991666666667
2011-11-13,0,156.8112,11.856107142857143
2011-11-14,0,35.473,52.31309210526316
2011-11-15,0,37.344,50.745400000000004
2011-11-16,0,33.6132,61.36958333333333
2011-11-17,0,35.4844,52.88047368421053
2011-11-18,0,33.6204,58.14136111111112
2011-11-19,0,127.02399999999999,13.95110294117647
2011-11-20,0,149.456,12.485434375
2011-11-21,0,39.236399999999996,53.130595238095225
2011-11-22,0,33.6348,55.85175
2011-11-23,0,37.376,52.88010000000001
2011-11-24,0,39.249,54.24249999999999
2011-11-25,0,33.6456,59.69708333333333
2011-11-26,0,160.76839999999999,12.860203488372095
2011-11-27,0,134.6112,15.739458333333332
2011-11-28,0,39.265800000000006,45.12435714285715
2011-11-29,0,37.400000000000006,48.325624999999995
2011-11-30,0,35.5338,54.06173684210526
2011-12-01,0,35.5376,49.782315789473685
2011-12-02,0,39.2826,51.31128571428572
2011-12-03,0,138.4392,14.450162162162162
2011-12-04,0,136.583,15.222123287671232
2011-12-05,0,33.6816,54.66216666666667
2011-12-06,0,39.2994,51.53483333333333
2011-12-07,0,37.432,53.282250000000005
2011-12-08,0,35.5642,51.80380263157895
2011-12-09,0,35.568,55.44
2011-12-10,0,127.30959999999999,15.73835294117647
2011-12-11,0,127.32319999999999,15.77097794117647
2011-12-12,0,39.324600000000004,53.06522619047618
2011-12-13,0,39.3288,53.17114285714286
2011-12-14,0,39.333,49.89125
2011-12-15,0,35.5908,58.67207894736842
2011-12-16,0,39.3414,52.39335714285715
2011-12-17,0,127.40480000000001,14.121
2011-12-18,0,163.0206,11.663692528735632
2011-12-19,0,39.354,52.11321428571429
2011-12-20,0,39.358200000000004,47.734630952380954
2011-12-21,0,33.739200000000004,56.510999999999996
2011-12-22,0,35.6174,53.543131578947374
2011-12-23,0,35.6212,52.22731578947367
2011-12-24,0,136.875,15.631421232876713
2011-12-25,0,155.6416,11.807132530120484
2011-12-26,0,39.3834,48.16774999999999
2011-12-27,0,33.760799999999996,53.99155555555556
2011-12-28,0,39.391799999999996,45.98475
2011-12-29,0,37.519999999999996,53.10825
2011-12-30,0,33.7716,52.84686111111111
2011-12-31,0,168.87599999999998,10.919883333333333
2012-01-01,0,133.2386,14.020862676056337
2012-01-02,0,39.4128,54.8952380952381
2012-01-03,0,39.417,52.705714285714286
2012-01-04,0,39.4212,51.01483333333333
2012-01-05,0,37.548,55.563875
2012-01-06,0,39.4296,44.93571428571428
2012-01-07,0,148.3462,14.548012658227846
2012-01-08,0,161.508,11.194796511627906
2012-01-09,0,35.6858,51.22926315789474
2012-01-10,0,35.6896,50.352
2012-01-11,0,33.8148,59.80012500000001
2012-01-12,0,33.8184,63.88766666666666
2012-01-13,0,35.701,57.108092105263154
2012-01-14,0,142.8192,14.16825
2012-01-15,0,133.4374,14.22167957746479
2012-01-16,0,37.592,50.388
2012-01-17,0,37.596,55.643375000000006
2012-01-18,0,35.72,58.91052631578948
2012-01-19,0,39.484199999999994,48.80580952380952
2012-01-20,0,37.608,57.553700000000006
2012-01-21,0,146.6868,14.48978846153846
2012-01-22,0,167.3912,12.771247191011236
2012-01-23,0,37.62,50.53506250000001
2012-01-24,0,37.624,51.171524999999995
2012-01-25,0,35.7466,57.964052631578944
2012-01-26,0,35.750400000000006,58.192210526315804
2012-01-27,0,37.636,50.97956249999999
2012-01-28,0,154.324,13.179085365853659
2012-01-29,0,137.4006,15.756222602739726
2012-01-30,0,33.8832,61.92166666666666
2012-01-31,0,35.769400000000005,50.256605263157894
2012-02-01,0,37.656,49.747775
2012-02-02,0,35.777,60.78730263157894
2012-02-03,0,33.8976,64.172
2012-02-04,0,129.9546,14.180815217391304
2012-02-05,0,133.7356,15.383598591549294
2012-02-06,0,33.9084,53.671125
2012-02-07,0,37.68,55.571999999999996
2012-02-08,0,39.5682,49.9245
2012-02-09,0,39.572399999999995,52.436976190476194
2012-02-10,0,35.8074,51.42463157894737
2012-02-11,0,131.936,15.223371428571427
2012-02-12,0,158.34,13.665550595238097
2012-02-13,0,33.9336,60.269305555555555
2012-02-14,0,39.5934,51.565214285714276
2012-02-15,0,39.5976,50.267
