sinteticos/sales_sint_semanal_tend_caio.csv
date,item_nbr,unit_sales,price
2012-02-16,0,35.830200000000005,49.90855263157895
2012-02-17,0,35.834,50.91276315789474
2012-02-18,0,158.4408,12.395577380952384
2012-02-19,0,156.5712,13.511518072289157
2012-02-20,0,35.8454,56.14602631578947
2012-02-21,0,39.6228,48.19428571428572
2012-02-22,0,35.853,52.05282894736842
2012-02-23,0,33.9696,58.349000000000004
2012-02-24,0,39.6354,45.198214285714286
2012-02-25,0,162.3336,11.675837209302324
2012-02-26,0,164.2386,13.16775
2012-02-27,0,37.76,52.75000000000001
2012-02-28,0,37.763999999999996,52.8617625
2012-02-29,0,37.768,50.968575
2012-03-01,0,35.883399999999995,56.21260526315789
2012-03-02,0,33.998400000000004,53.00955555555555
2012-03-03,0,171.899,11.87868131868132
2012-03-04,0,141.69,13.851439999999998
2012-03-05,0,34.0092,64.17373611111111
2012-03-06,0,34.0128,63.008
2012-03-07,0,35.906200000000005,55.25201315789474
2012-03-08,0,37.800000000000004,49.96062499999999
2012-03-09,0,39.6942,46.78232142857143
2012-03-10,0,153.1224,12.860604938271607
2012-03-11,0,166.3728,11.646889204545454
2012-03-12,0,39.7068,54.34714285714286
2012-03-13,0,39.711,45.99922619047619
2012-03-14,0,39.7152,52.346666666666664
2012-03-15,0,39.7194,47.620964285714294
2012-03-16,0,37.832,56.88005
2012-03-17,0,139.9932,12.91712162162162
2012-03-18,0,141.9,14.720400000000001
2012-03-19,0,34.059599999999996,58.169375
2012-03-20,0,35.9556,59.79071052631579
2012-03-21,0,35.959399999999995,55.0095
2012-03-22,0,35.9632,59.47073684210527
2012-03-23,0,39.753,46.96059523809524
2012-03-24,0,168.4948,10.79652808988764
2012-03-25,0,147.6852,13.32466987179487
2012-03-26,0,35.9784,56.267631578947366
2012-03-27,0,35.982200000000006,52.1512105263158
2012-03-28,0,34.092,56.46666666666666
2012-03-29,0,37.884,50.7201125
2012-03-30,0,34.0992,56.597666666666676
2012-03-31,0,138.3058,13.580013698630134
2012-04-01,0,138.3204,14.77145890410959
2012-04-02,0,34.11,61.443749999999994
2012-04-03,0,39.7992,51.15871428571428
2012-04-04,0,39.803399999999996,47.128083333333336
2012-04-05,0,34.1208,61.23
2012-04-06,0,34.1244,58.88194444444444
2012-04-07,0,136.512,14.36888888888889
2012-04-08,0,166.8656,11.902312499999999
2012-04-09,0,36.0316,59.597210526315784
2012-04-10,0,34.138799999999996,59.26318055555556
2012-04-11,0,37.936,56.418600000000005
2012-04-12,0,37.94,58.122249999999994
2012-04-13,0,37.944,50.49170000000001
2012-04-14,0,147.9972,13.818576923076924
2012-04-15,0,166.9888,11.381636363636362
2012-04-16,0,37.956,56.5579625
2012-04-17,0,36.062000000000005,59.98855263157895
2012-04-18,0,37.964,58.375625
2012-04-19,0,37.968,54.77340000000001
2012-04-20,0,36.0734,59.898
2012-04-21,0,134.8148,13.548528169014084
2012-04-22,0,144.324,14.111759868421053
2012-04-23,0,34.1856,53.808
2012-04-24,0,39.8874,54.825880952380956
2012-04-25,0,36.0924,59.26236842105264
2012-04-26,0,39.8958,48.768071428571425
2012-04-27,0,34.199999999999996,63.98611111111111
2012-04-28,0,129.21359999999999,14.876750000000001
2012-04-29,0,148.2312,14.306249999999999
2012-04-30,0,34.2108,61.17436111111111
2012-05-01,0,39.9168,51.428952380952374
2012-05-02,0,39.921,52.85249999999999
2012-05-03,0,34.2216,56.23411111111111
2012-05-04,0,36.126599999999996,54.17615789473684
2012-05-05,0,163.5376,11.772697674418604
2012-05-06,0,144.5368,14.862759868421053
2012-05-07,0,39.942,55.11238095238095
2012-05-08,0,34.2396,54.730458333333324
2012-05-09,0,38.048,54.0512
2012-05-10,0,39.9546,48.03764285714286
2012-05-11,0,36.1532,55.00492105263157
2012-05-12,0,131.307,16.62893115942029
2012-05-13,0,142.74,14.164946666666667
2012-05-14,0,34.2612,63.52262499999999
2012-05-15,0,38.072,50.89505
2012-05-16,0,36.1722,56.38232894736842
2012-05-17,0,39.983999999999995,52.33714285714286
2012-05-18,0,34.2756,55.386500000000005
2012-05-19,0,169.49159999999998,11.681842696629214
2012-05-20,0,158.0818,12.527783132530121
2012-05-21,0,40.0008,49.520380952380954
2012-05-22,0,40.005,51.35297619047619
2012-05-23,0,34.2936,60.03725
2012-05-24,0,40.0134,53.69979761904762
2012-05-25,0,36.2064,58.686105263157884
2012-05-26,0,171.52200000000002,10.94555
2012-05-27,0,158.198,13.514397590361447
2012-05-28,0,34.3116,55.09604166666666
2012-05-29,0,40.034400000000005,55.76271428571428
2012-05-30,0,36.2254,53.66807894736843
2012-05-31,0,36.2292,59.176552631578936
2012-06-01,0,38.14,58.038
2012-06-02,0,150.6688,13.77645569620253
2012-06-03,0,165.9438,13.099879310344827
2012-06-04,0,40.059599999999996,54.074
2012-06-05,0,36.2482,58.31238157894736
2012-06-06,0,34.344,58.00083333333333
2012-06-07,0,36.2558,56.977460526315795
2012-06-08,0,36.2596,52.15115789473684
2012-06-09,0,143.14499999999998,14.038996666666666
2012-06-10,0,173.70080000000002,11.806681318681319
2012-06-11,0,38.18,50.84275
2012-06-12,0,34.3656,60.41547222222222
2012-06-13,0,38.188,58.440112500000005
2012-06-14,0,34.3728,55.562
2012-06-15,0,36.2862,57.48077631578947
2012-06-16,0,139.43,15.16746575342466
2012-06-17,0,154.7262,12.641756172839505
2012-06-18,0,38.208,49.9223
2012-06-19,0,40.1226,50.197964285714285
2012-06-20,0,34.394400000000005,59.40277777777778
2012-06-21,0,36.309,55.38236842105263
2012-06-22,0,36.3128,53.36242105263158
2012-06-23,0,156.7348,12.000670731707316
2012-06-24,0,172.04399999999998,11.101627777777779
2012-06-25,0,38.236,49.6422
2012-06-26,0,38.239999999999995,58.100999999999985
2012-06-27,0,34.419599999999996,59.33248611111111
2012-06-28,0,34.423199999999994,61.83666666666667
2012-06-29,0,38.251999999999995,56.08764999999999
2012-06-30,0,133.896,14.19177142857143
2012-07-01,0,131.997,15.268043478260871
2012-07-02,0,36.3508,57.14423684210526
2012-07-03,0,40.1814,48.75030952380953
2012-07-04,0,38.272,48.516299999999994
2012-07-05,0,40.1898,53.046190476190475
2012-07-06,0,38.28,58.704499999999996
2012-07-07,0,135.90820000000002,13.79206690140845
2012-07-08,0,139.7512,13.679972602739724
2012-07-09,0,36.3774,56.96532894736842
2012-07-10,0,36.3812,57.64886842105263
2012-07-11,0,34.47,57.166666666666664
2012-07-12,0,34.4736,61.818666666666665
2012-07-13,0,40.2234,47.37771428571428
2012-07-14,0,147.5012,14.788694805194805
2012-07-15,0,143.685,14.269736666666669
2012-07-16,0,40.236,54.135714285714286
2012-07-17,0,34.4916,62.331430555555556
2012-07-18,0,40.2444,50.06166666666667
2012-07-19,0,38.331999999999994,53.643750000000004
2012-07-20,0,38.336,54.2938
2012-07-21,0,143.775,15.596083333333334
2012-07-22,0,159.1276,13.215198795180724
2012-07-23,0,36.4306,56.493421052631575
2012-07-24,0,36.4344,52.206
2012-07-25,0,40.2738,52.1475
2012-07-26,0,38.36,51.1105
2012-07-27,0,36.445800000000006,57.53709210526317
2012-07-28,0,134.288,15.097371428571426
2012-07-29,0,168.8368,13.133619318181818
2012-07-30,0,34.5384,54.30930555555557
2012-07-31,0,34.542,62.67187499999999
2012-08-01,0,40.303200000000004,46.971000000000004
2012-08-02,0,36.4686,56.78544736842107
2012-08-03,0,40.3116,47.80078571428571
2012-08-04,0,140.1454,14.341482876712329
2012-08-05,0,172.79999999999998,12.517777777777777
2012-08-06,0,34.5636,62.83508333333332
2012-08-07,0,34.5672,64.75394444444444
2012-08-08,0,36.4914,57.84385526315789
2012-08-09,0,36.4952,51.737210526315785
2012-08-10,0,40.341,51.52755952380953
2012-08-11,0,159.4596,13.012686746987951
2012-08-12,0,165.2404,13.586049418604649
2012-08-13,0,34.5888,58.343111111111114
2012-08-14,0,34.5924,62.65438888888889
2012-08-15,0,38.440000000000005,57.794624999999996
2012-08-16,0,40.366200000000006,47.3605
2012-08-17,0,40.370400000000004,47.67357142857143
2012-08-18,0,173.03400000000002,12.895575
2012-08-19,0,149.9784,13.970141025641027
2012-08-20,0,34.614000000000004,58.151250000000005
2012-08-21,0,34.6176,57.32033333333333
2012-08-22,0,38.468,57.410762500000004
2012-08-23,0,40.3956,54.78585714285714
2012-08-24,0,34.6284,57.938833333333335
2012-08-25,0,132.756,14.74144927536232
2012-08-26,0,142.39079999999998,14.999375
2012-08-27,0,40.4124,55.529785714285715
2012-08-28,0,36.5674,62.28982894736843
2012-08-29,0,38.495999999999995,52.71419999999999
2012-08-30,0,38.5,52.0734375
2012-08-31,0,38.504,49.81515000000001
2012-09-01,0,155.9574,12.30146296296296
2012-09-02,0,132.8664,14.098652173913043
2012-09-03,0,34.6644,54.890027777777775
2012-09-04,0,40.446000000000005,51.574523809523804
2012-09-05,0,38.524,54.80685
2012-09-06,0,40.4544,53.33342857142857
2012-09-07,0,40.458600000000004,51.28413095238095
2012-09-08,0,152.2172,13.03296835443038
2012-09-09,0,163.79500000000002,12.596941176470587
2012-09-10,0,34.6896,64.65005555555554
2012-09-11,0,40.4754,49.66275
2012-09-12,0,38.552,50.74825
2012-09-13,0,36.6282,53.08438157894736
2012-09-14,0,38.56,50.544
2012-09-15,0,161.9688,12.370002976190476
2012-09-16,0,173.55599999999998,12.987005555555555
2012-09-17,0,38.571999999999996,56.0714625
2012-09-18,0,36.6472,62.441526315789474
2012-09-19,0,36.651,52.324999999999996
2012-09-20,0,36.6548,56.199000000000005
2012-09-21,0,36.6586,55.18151315789474
2012-09-22,0,146.6496,13.540947368421053
2012-09-23,0,150.52439999999999,14.664490384615386
2012-09-24,0,36.67,61.80197368421052
2012-09-25,0,34.7436,65.48326388888889
2012-09-26,0,40.5384,56.135000000000005
2012-09-27,0,34.7508,56.60504166666666
2012-09-28,0,34.754400000000004,64.18383333333334
2012-09-29,0,154.48000000000002,13.225921875000001
2012-09-30,0,135.184,15.48805714285714
2012-10-01,0,34.7652,64.32631944444444
2012-10-02,0,34.7688,54.71375000000001
2012-10-03,0,34.7724,59.53062499999999
2012-10-04,0,36.708,54.580789473684206
2012-10-05,0,34.7796,58.22116666666666
2012-10-06,0,160.3892,14.219246987951806
2012-10-07,0,141.07979999999998,14.774568493150685
2012-10-08,0,40.5888,48.99285714285715
2012-10-09,0,40.593,50.64898809523809
2012-10-10,0,34.7976,65.71716666666667
2012-10-11,0,38.668,52.977037499999994
2012-10-12,0,38.672,56.66704999999999
2012-10-13,0,166.3068,12.701093023255813
2012-10-14,0,154.72000000000003,13.3843125
2012-10-15,0,40.6182,47.07114285714285
2012-10-16,0,36.753600000000006,58.536
2012-10-17,0,36.757400000000004,59.91217105263158
2012-10-18,0,36.7612,52.95705263157895
2012-10-19,0,36.765,62.437171052631584
2012-10-20,0,147.0752,13.356473684210526
2012-10-21,0,166.4444,12.889380813953487
2012-10-22,0,40.6476,54.754047619047626
2012-10-23,0,34.8444,59.78866666666667
2012-10-24,0,34.848,56.90222222222222
2012-10-25,0,38.724,52.84558750000001
2012-10-26,0,34.855199999999996,57.63883333333334
2012-10-27,0,158.8012,14.189292682926828
2012-10-28,0,154.944,13.2431
2012-10-29,0,34.866,56.81437499999999
2012-10-30,0,36.8068,57.373315789473686
2012-10-31,0,36.8106,54.17944736842106
2012-11-01,0,36.8144,58.872631578947356
2012-11-02,0,38.756,51.482324999999996
2012-11-03,0,135.66,15.610964285714289
2012-11-04,0,137.6122,13.985165492957744
2012-11-05,0,34.891200000000005,65.06927777777777
2012-11-06,0,38.772000000000006,55.74386249999999
2012-11-07,0,34.8984,62.0655
2012-11-08,0,38.78,59.778125
2012-11-09,0,36.8448,53.091368421052636
2012-11-10,0,145.455,13.944189999999999
2012-11-11,0,131.8928,16.82039705882353
2012-11-12,0,40.7358,51.779761904761905
2012-11-13,0,34.92,61.74583333333333
2012-11-14,0,34.9236,55.34802777777778
2012-11-15,0,38.808,51.776900000000005
2012-11-16,0,36.871399999999994,59.43232894736841
2012-11-17,0,151.3824,13.920820512820514
2012-11-18,0,174.69,12.525527777777778
2012-11-19,0,36.8828,56.474447368421046
2012-11-20,0,36.8866,55.9081052631579
2012-11-21,0,34.9488,56.48105555555556
2012-11-22,0,34.9524,60.35820833333333
2012-11-23,0,38.839999999999996,54.11087500000001
2012-11-24,0,134.01180000000002,14.897072463768117
2012-11-25,0,176.75840000000002,12.445714285714285
2012-11-26,0,38.852000000000004,52.49582500000001
2012-11-27,0,38.856,57.839175000000004
2012-11-28,0,36.917,62.03703947368421
2012-11-29,0,36.9208,54.245631578947375
2012-11-30,0,34.9812,61.26113888888888
2012-12-01,0,167.1496,13.78660465116279
2012-12-02,0,163.2792,12.481663690476193
2012-12-03,0,36.936,58.5157894736842
2012-12-04,0,40.828199999999995,55.233
2012-12-05,0,40.8324,52.12433333333334
2012-12-06,0,36.947399999999995,53.71531578947368
2012-12-07,0,35.0064,62.03733333333333
2012-12-08,0,155.6,13.6328125
2012-12-09,0,175.068,12.313355555555555
2012-12-10,0,38.908,50.5075125
2012-12-11,0,38.912,52.586200000000005
2012-12-12,0,38.916,50.300862499999994
2012-12-13,0,38.92,57.290625000000006
2012-12-14,0,38.92400000000001,59.698212500000004
2012-12-15,0,157.6584,12.882395061728394
2012-12-16,0,144.04840000000002,15.695797297297299
2012-12-17,0,38.936,56.3343
2012-12-18,0,36.993,56.54763157894737
2012-12-19,0,38.944,50.99640000000001
2012-12-20,0,38.948,59.84845
2012-12-21,0,35.0568,58.01061111111111
2012-12-22,0,132.4504,15.8394375
2012-12-23,0,151.944,13.334102564102563
2012-12-24,0,40.9122,55.56778571428571
2012-12-25,0,40.916399999999996,49.12171428571429
2012-12-26,0,35.074799999999996,59.743833333333335
2012-12-27,0,40.9248,51.73533333333334
2012-12-28,0,38.98,58.37287500000001
2012-12-29,0,142.29160000000002,14.586650684931506
2012-12-30,0,152.0532,15.335285256410256
2012-12-31,0,40.9416,50.61342857142858
2013-01-01,0,38.996,51.50973749999999
2013-01-02,0,35.1,55.17361111111111
2013-01-03,0,35.1036,58.70462500000001
2013-01-04,0,37.0576,52.85747368421052
2013-01-05,0,136.542,14.223625
2013-01-06,0,163.8672,12.06280357142857
2013-01-07,0,40.971000000000004,52.008869047619044
2013-01-08,0,40.9752,54.30804761904762
2013-01-09,0,39.028,55.825874999999996
2013-01-10,0,37.0804,55.19844736842104
2013-01-11,0,40.9878,53.596738095238095
2013-01-12,0,150.304,13.196883116883116
2013-01-13,0,154.22379999999998,12.614731012658225
2013-01-14,0,37.0956,58.56705263157895
2013-01-15,0,37.099399999999996,54.07693421052632
2013-01-16,0,41.008799999999994,54.67066666666666
2013-01-17,0,35.153999999999996,59.16375000000001
2013-01-18,0,41.0172,53.63957142857142
2013-01-19,0,134.7846,17.311648550724637
2013-01-20,0,162.1488,14.287614457831326
2013-01-21,0,35.1684,57.972833333333334
2013-01-22,0,35.172,62.48625
2013-01-23,0,37.1298,55.16497368421053
2013-01-24,0,41.0424,50.85671428571428
2013-01-25,0,35.1828,61.77654166666667
2013-01-26,0,148.56480000000002,14.026855263157895
2013-01-27,0,150.535,13.333441558441558
2013-01-28,0,37.1488,59.699894736842104
2013-01-29,0,35.1972,63.38944444444445
2013-01-30,0,39.112,58.70287499999999
2013-01-31,0,35.2044,57.55122222222222
2013-02-01,0,37.164,56.37684210526317
2013-02-02,0,156.49599999999998,13.692871874999998
2013-02-03,0,176.076,11.319022222222223
2013-02-04,0,37.175399999999996,56.511671052631584
2013-02-05,0,37.179199999999994,60.67894736842104
2013-02-06,0,35.226,63.56923611111111
2013-02-07,0,37.1868,56.53097368421052
2013-02-08,0,41.1054,50.73446428571428
2013-02-09,0,172.2688,11.758943181818182
2013-02-10,0,158.5818,13.536145061728394
2013-02-11,0,39.16,57.57449999999999
2013-02-12,0,35.247600000000006,61.781194444444445
2013-02-13,0,37.2096,58.304842105263155
2013-02-14,0,41.1306,56.84046428571428
2013-02-15,0,35.2584,56.183888888888895
2013-02-16,0,162.597,13.695828313253012
2013-02-17,0,178.2872,13.169835164835163
2013-02-18,0,37.2286,55.791500000000006
2013-02-19,0,35.272800000000004,57.43138888888889
2013-02-20,0,37.2362,52.330894736842104
2013-02-21,0,39.2,50.27000000000001
2013-02-22,0,35.2836,59.52898611111112
2013-02-23,0,143.1092,15.282924657534245
2013-02-24,0,166.65099999999998,13.126826470588236
2013-02-25,0,37.255199999999995,56.76263157894737
2013-02-26,0,41.181,50.943214285714284
2013-02-27,0,41.1852,56.19066666666668
2013-02-28,0,37.266600000000004,57.94078947368421
2013-03-01,0,37.2704,55.745368421052625
2013-03-02,0,156.944,12.49776875
2013-03-03,0,178.542,12.851950549450548
2013-03-04,0,41.2062,54.22960714285715
2013-03-05,0,41.2104,55.179904761904766
2013-03-06,0,39.252,50.564587499999995
2013-03-07,0,37.2932,54.6236052631579
2013-03-08,0,37.297000000000004,57.18151315789474
2013-03-09,0,153.1296,14.269487179487179
2013-03-10,0,137.438,15.05187857142857
2013-03-11,0,41.2356,47.97411904761905
2013-03-12,0,35.3484,57.69095833333333
2013-03-13,0,41.244,49.245
2013-03-14,0,41.2482,55.65630952380952
2013-03-15,0,35.3592,58.32322222222221
2013-03-16,0,153.2388,15.185740384615386
2013-03-17,0,170.9376,13.717770114942528
2013-03-18,0,35.37,56.259375
2013-03-19,0,37.3388,58.298052631578955
2013-03-20,0,37.3426,60.51140789473684
2013-03-21,0,37.3464,57.84663157894736
2013-03-22,0,41.2818,52.23825000000001
2013-03-23,0,173.008,13.445681818181818
2013-03-24,0,165.1608,13.561892857142857
2013-03-25,0,41.2944,53.202285714285715
2013-03-26,0,35.3988,55.45161111111111
2013-03-27,0,37.3692,54.74755263157895
2013-03-28,0,39.34,56.43356250000001
2013-03-29,0,41.3112,50.07066666666667
2013-03-30,0,161.3268,12.258643292682926
2013-03-31,0,159.3756,14.239000000000003
2013-04-01,0,37.3882,61.873000000000005
2013-04-02,0,39.36,60.4435
2013-04-03,0,35.4276,62.37816666666667
2013-04-04,0,41.3364,50.20992857142857
2013-04-05,0,35.434799999999996,65.83122222222222
2013-04-06,0,143.7224,16.476493150684934
2013-04-07,0,145.706,15.568395270270267
2013-04-08,0,39.384,51.08565
2013-04-09,0,35.4492,59.59437500000001
2013-04-10,0,35.4528,65.37688888888889
2013-04-11,0,41.3658,47.93208333333334
2013-04-12,0,37.43,52.867105263157896
2013-04-13,0,147.765,14.486136666666665
2013-04-14,0,137.928,17.008485714285715
2013-04-15,0,39.412000000000006,55.109925
2013-04-16,0,37.4452,62.91
2013-04-17,0,37.449,57.67401315789474
2013-04-18,0,37.4528,63.04073684210526
2013-04-19,0,39.428,59.009762499999994
2013-04-20,0,175.4724,12.092662921348314
2013-04-21,0,147.885,15.32607
2013-04-22,0,41.412,52.738095238095234
2013-04-23,0,39.444,49.95388750000001
2013-04-24,0,37.4756,55.037684210526315
2013-04-25,0,35.5068,56.870916666666666
2013-04-26,0,39.455999999999996,60.386
2013-04-27,0,142.05599999999998,15.02125
2013-04-28,0,173.64159999999998,13.550875
2013-04-29,0,37.4946,62.302342105263165
2013-04-30,0,39.472,56.533500000000004
2013-05-01,0,41.4498,56.27591666666666
2013-05-02,0,37.506,60.68947368421053
2013-05-03,0,35.5356,63.575500000000005
2013-05-04,0,144.1312,14.492958904109589
2013-05-05,0,163.89180000000002,13.149144578313255
