sinteticos/sales_sint_semanal_tend_caio.csv
date,item_nbr,unit_sales,price
2014-07-14,0,41.232000000000006,63.294399999999996
2014-07-15,0,37.112399999999994,63.740791666666674
2014-07-16,0,41.24000000000001,62.26062499999999
2014-07-17,0,43.3062,50.877964285714285
2014-07-18,0,41.248000000000005,64.02000000000001
2014-07-19,0,169.1332,14.537365853658535
2014-07-20,0,160.8984,14.98598717948718
2014-07-21,0,43.32299999999999,55.446428571428584
2014-07-22,0,41.264,58.224999999999994
2014-07-23,0,41.267999999999994,61.02635
2014-07-24,0,37.144800000000004,62.12
2014-07-25,0,39.2122,61.79968421052631
2014-07-26,0,160.99200000000002,15.413846153846153
2014-07-27,0,187.8422,13.80225
2014-07-28,0,39.2236,57.28123684210526
2014-07-29,0,39.2274,61.82621052631579
2014-07-30,0,41.296,61.072199999999995
2014-07-31,0,43.365,57.50416666666666
2014-08-01,0,39.2388,66.63181578947369
2014-08-02,0,173.4936,13.21325
2014-08-03,0,163.1824,13.401620253164557
2014-08-04,0,41.316,55.50755
2014-08-05,0,37.187999999999995,64.5325
2014-08-06,0,39.2578,61.63371052631579
2014-08-07,0,39.261599999999994,55.74642105263158
2014-08-08,0,43.3986,55.88689285714286
2014-08-09,0,144.676,16.701192857142857
2014-08-10,0,155.025,16.834116666666667
2014-08-11,0,37.209599999999995,60.55433333333333
2014-08-12,0,39.2806,65.85042105263157
2014-08-13,0,43.4196,60.47466666666667
2014-08-14,0,37.2204,64.85416666666667
2014-08-15,0,41.36,53.705
2014-08-16,0,169.5924,13.356490853658538
2014-08-17,0,161.33520000000001,15.420288461538458
2014-08-18,0,41.372,54.422975
2014-08-19,0,37.2384,65.14844444444445
2014-08-20,0,39.311,61.234342105263146
2014-08-21,0,41.384,55.37505
2014-08-22,0,43.4574,50.407035714285726
2014-08-23,0,180.05520000000004,13.592206896551723
2014-08-24,0,153.1652,17.05560810810811
2014-08-25,0,41.400000000000006,59.13875
2014-08-26,0,43.474199999999996,60.00225
2014-08-27,0,37.2672,69.49055555555556
2014-08-28,0,41.41199999999999,54.2474
2014-08-29,0,39.345200000000006,62.40102631578947
2014-08-30,0,182.248,12.623934659090908
2014-08-31,0,140.8416,18.471220588235294
2014-09-01,0,37.285199999999996,60.43062499999999
2014-09-02,0,37.2888,63.03652777777778
2014-09-03,0,37.2924,64.343125
2014-09-04,0,43.512,61.17428571428571
2014-09-05,0,39.3718,59.61478947368421
2014-09-06,0,140.9232,18.758419117647062
2014-09-07,0,153.3724,17.112780405405402
2014-09-08,0,39.3832,60.619578947368424
2014-09-09,0,43.533,50.504107142857144
2014-09-10,0,39.3908,64.82257894736843
2014-09-11,0,43.541399999999996,50.403380952380964
2014-09-12,0,39.398399999999995,57.5638947368421
2014-09-13,0,153.46120000000002,15.889317567567568
2014-09-14,0,167.994,15.819104938271606
2014-09-15,0,43.55820000000001,58.457190476190476
2014-09-16,0,37.3392,65.86433333333333
2014-09-17,0,41.492000000000004,63.15058750000001
2014-09-18,0,43.57079999999999,53.230928571428564
2014-09-19,0,37.35,66.66666666666666
2014-09-20,0,157.71519999999998,16.90147368421053
2014-09-21,0,188.8614,12.236469780219778
2014-09-22,0,41.51199999999999,61.19145
2014-09-23,0,43.5918,57.39054761904761
2014-09-24,0,37.368,66.05083333333333
2014-09-25,0,39.4478,62.21084210526316
2014-09-26,0,41.528,63.563050000000004
2014-09-27,0,184.8174,13.125657303370785
2014-09-28,0,151.6064,14.975835616438356
2014-09-29,0,43.617,57.76244047619048
2014-09-30,0,41.544,54.20415
2014-10-01,0,39.4706,67.06764473684211
2014-10-02,0,39.474399999999996,59.16910526315789
2014-10-03,0,43.633799999999994,56.11045238095238
2014-10-04,0,182.86400000000003,12.457755681818183
2014-10-05,0,166.25599999999997,14.174540624999999
2014-10-06,0,39.4896,64.0138947368421
2014-10-07,0,43.6506,54.457035714285716
2014-10-08,0,43.6548,56.587666666666664
2014-10-09,0,37.422,68.37472222222222
2014-10-10,0,37.4256,63.81450000000001
2014-10-11,0,143.47859999999997,15.797855072463769
2014-10-12,0,155.97,16.039253333333335
2014-10-13,0,41.596000000000004,56.159025
2014-10-14,0,39.52,56.52368421052632
2014-10-15,0,39.5238,63.45675
2014-10-16,0,41.608000000000004,64.63875
2014-10-17,0,39.5314,61.24322368421052
2014-10-18,0,153.9792,15.154418918918918
2014-10-19,0,160.237,14.046428571428573
2014-10-20,0,39.5428,61.138999999999996
2014-10-21,0,41.628,54.325425
2014-10-22,0,43.7136,59.02400000000001
2014-10-23,0,39.55420000000001,56.82540789473684
2014-10-24,0,39.558,63.269868421052635
2014-10-25,0,143.67180000000002,17.867260869565218
2014-10-26,0,174.92159999999998,13.697821428571427
2014-10-27,0,41.652,64.1260625
2014-10-28,0,39.57319999999999,57.59881578947368
2014-10-29,0,43.743,50.66166666666667
2014-10-30,0,37.49759999999999,59.89622222222222
2014-10-31,0,41.668000000000006,56.6197125
2014-11-01,0,152.10279999999997,17.287835616438354
2014-11-02,0,162.53640000000001,15.154929487179489
2014-11-03,0,37.512,68.81833333333333
2014-11-04,0,37.5156,71.70427777777778
2014-11-05,0,43.7724,59.44833333333334
2014-11-06,0,41.692,57.95145
2014-11-07,0,37.5264,70.15644444444445
2014-11-08,0,173.055,15.244653614457832
2014-11-09,0,150.1344,16.626416666666668
2014-11-10,0,43.7934,52.40963095238095
2014-11-11,0,39.6264,64.87952631578948
2014-11-12,0,41.715999999999994,60.345600000000005
2014-11-13,0,39.63400000000001,61.9153947368421
2014-11-14,0,39.6378,65.76881578947369
2014-11-15,0,168.99840000000003,13.798666666666668
2014-11-16,0,154.40839999999997,17.08137837837838
2014-11-17,0,37.562400000000004,61.452027777777786
2014-11-18,0,37.565999999999995,70.23833333333333
2014-11-19,0,43.8312,60.43533333333334
2014-11-20,0,39.660599999999995,64.44477631578948
2014-11-21,0,43.839600000000004,52.583142857142846
2014-11-22,0,152.4094,14.966633561643835
2014-11-23,0,156.6,16.07946666666667
2014-11-24,0,41.764,63.136687499999994
2014-11-25,0,39.6796,66.21823684210527
2014-11-26,0,39.6834,63.24325
2014-11-27,0,37.5984,61.385999999999996
2014-11-28,0,39.691,59.15552631578948
2014-11-29,0,169.2252,14.722932098765432
2014-11-30,0,171.33079999999998,13.65206707317073
2014-12-01,0,39.7024,58.55273684210527
2014-12-02,0,39.70620000000001,57.191315789473684
2014-12-03,0,41.8,53.983125
2014-12-04,0,37.6236,61.562763888888895
2014-12-05,0,43.898399999999995,59.86266666666666
2014-12-06,0,179.79160000000002,12.448281976744184
2014-12-07,0,156.80999999999997,16.63904
2014-12-08,0,37.638000000000005,60.275625
2014-12-09,0,39.7328,59.72210526315789
2014-12-10,0,43.9194,61.69566666666667
2014-12-11,0,43.92359999999999,58.324333333333335
2014-12-12,0,37.6524,71.073875
2014-12-13,0,150.624,17.343333333333334
2014-12-14,0,190.3902,12.190134615384617
2014-12-15,0,41.848,58.782675000000005
2014-12-16,0,41.852000000000004,59.380325000000006
2014-12-17,0,39.7632,62.014105263157894
2014-12-18,0,43.953,54.31107142857143
2014-12-19,0,39.7708,58.913394736842115
2014-12-20,0,186.3126,14.546205056179772
2014-12-21,0,152.8328,16.990520547945206
2014-12-22,0,39.782199999999996,59.67961842105264
2014-12-23,0,41.88000000000001,64.63274999999999
2014-12-24,0,39.7898,56.078289473684215
2014-12-25,0,41.888000000000005,61.21280000000001
2014-12-26,0,41.891999999999996,60.0351375
2014-12-27,0,180.1528,14.761813953488373
2014-12-28,0,180.17,13.716715116279069
2014-12-29,0,41.904,58.7512
2014-12-30,0,41.907999999999994,53.781975
2014-12-31,0,44.007600000000004,58.10916666666667
2015-01-01,0,44.0118,59.24374999999999
2015-01-02,0,44.016000000000005,57.55714285714286
2015-01-03,0,159.3112,14.782874999999999
2015-01-04,0,157.23,17.03599333333333
2015-01-05,0,44.0286,56.333535714285716
2015-01-06,0,37.7424,65.72938888888889
2015-01-07,0,44.037,61.087916666666665
2015-01-08,0,37.7496,70.74975
2015-01-09,0,44.0454,52.1785
2015-01-10,0,146.832,17.5528
2015-01-11,0,182.50860000000003,12.488396551724138
2015-01-12,0,37.763999999999996,59.83972222222222
2015-01-13,0,44.062200000000004,61.01357142857143
2015-01-14,0,44.066399999999994,59.664
2015-01-15,0,37.774800000000006,60.78156944444444
2015-01-16,0,44.074799999999996,53.00816666666666
2015-01-17,0,153.227,17.33162671232877
2015-01-18,0,146.944,18.2798
2015-01-19,0,41.988,56.269725
2015-01-20,0,39.892399999999995,65.11128947368422
2015-01-21,0,44.095800000000004,57.44633333333332
2015-01-22,0,44.1,60.73214285714286
2015-01-23,0,39.903800000000004,62.00652631578948
2015-01-24,0,184.83520000000001,14.037045454545453
2015-01-25,0,144.9414,18.041927536231885
2015-01-26,0,44.1168,60.64457142857143
2015-01-27,0,44.121,50.91964285714285
2015-01-28,0,42.024,64.40315000000001
2015-01-29,0,44.1294,53.873
2015-01-30,0,39.9304,65.68026315789473
2015-01-31,0,178.653,13.983823529411767
2015-02-01,0,182.87400000000002,14.920862068965516
2015-02-02,0,37.8396,63.53876388888888
2015-02-03,0,42.048,61.1146
2015-02-04,0,37.846799999999995,62.89149999999999
2015-02-05,0,44.15880000000001,55.49833333333333
2015-02-06,0,37.854,61.58319444444445
2015-02-07,0,168.25600000000003,15.58245
2015-02-08,0,143.03119999999998,15.850003676470589
2015-02-09,0,44.1756,56.76807142857143
2015-02-10,0,37.868399999999994,68.48391666666667
2015-02-11,0,44.184000000000005,52.47333333333333
2015-02-12,0,37.8756,68.36606944444445
2015-02-13,0,42.088,61.297875000000005
2015-02-14,0,174.6818,14.2845
2015-02-15,0,164.1744,13.919692307692308
2015-02-16,0,44.205,56.69642857142858
2015-02-17,0,42.104,60.847325
2015-02-18,0,37.8972,63.645652777777784
2015-02-19,0,42.111999999999995,63.24209999999999
2015-02-20,0,37.904399999999995,63.659013888888886
2015-02-21,0,166.374,14.626740506329115
2015-02-22,0,147.43400000000003,16.33885714285714
2015-02-23,0,40.0216,66.97484210526315
2015-02-24,0,37.918800000000005,64.48015277777779
2015-02-25,0,40.029199999999996,64.73084210526315
2015-02-26,0,44.24700000000001,56.52892857142857
2015-02-27,0,37.92959999999999,72.712
2015-02-28,0,189.66600000000003,14.331991666666665
2015-03-01,0,177.03839999999997,13.937970238095238
2015-03-02,0,37.940400000000004,60.14869444444444
2015-03-03,0,37.944,71.815
2015-03-04,0,40.055800000000005,59.25463157894737
2015-03-05,0,37.9512,67.72169444444444
2015-03-06,0,44.2806,60.21178571428571
2015-03-07,0,147.616,15.577171428571429
2015-03-08,0,170.829,13.315864197530864
2015-03-09,0,37.9656,63.77258333333333
2015-03-10,0,44.297399999999996,53.41773809523809
2015-03-11,0,44.3016,52.059333333333335
2015-03-12,0,37.9764,64.1905
2015-03-13,0,44.31000000000001,54.79880952380953
2015-03-14,0,173.0364,13.19086280487805
2015-03-15,0,179.38400000000001,15.002258823529411
2015-03-16,0,42.211999999999996,55.04916250000001
2015-03-17,0,42.21600000000001,58.99595
2015-03-18,0,37.998,65.02708333333332
2015-03-19,0,44.3352,61.658952380952385
2015-03-20,0,38.005199999999995,69.68645833333333
2015-03-21,0,147.812,18.56982857142857
2015-03-22,0,185.83839999999998,14.935937500000001
2015-03-23,0,40.128,65.53631578947368
2015-03-24,0,44.3562,55.88632142857143
2015-03-25,0,38.0232,64.67630555555557
2015-03-26,0,40.1394,58.13297368421051
2015-03-27,0,42.256,56.06895
2015-03-28,0,169.04,14.108375000000002
2015-03-29,0,188.0748,14.644578651685391
2015-03-30,0,40.1546,61.05256578947369
2015-03-31,0,38.044799999999995,60.33155555555555
2015-04-01,0,38.0484,61.13527777777777
2015-04-02,0,44.394,55.14142857142857
2015-04-03,0,40.16980000000001,61.32996052631579
2015-04-04,0,192.41039999999998,14.357999999999999
2015-04-05,0,150.13660000000002,16.887580985915495
2015-04-06,0,38.066399999999994,66.35313888888889
2015-04-07,0,38.07000000000001,67.55694444444444
2015-04-08,0,44.4192,56.43000000000001
2015-04-09,0,42.30800000000001,61.1730875
2015-04-10,0,44.42759999999999,61.91492857142857
2015-04-11,0,162.91660000000002,16.918753246753248
2015-04-12,0,156.584,16.991554054054056
2015-04-13,0,42.324,64.3124625
2015-04-14,0,42.328,54.73717500000001
2015-04-15,0,42.332,59.773962499999996
2015-04-16,0,38.1024,72.14622222222222
2015-04-17,0,38.106,61.903125
2015-04-18,0,169.376,15.78694375
2015-04-19,0,175.7442,15.42005421686747
2015-04-20,0,40.2344,57.40184210526316
2015-04-21,0,42.355999999999995,62.2086375
2015-04-22,0,44.47800000000001,59.252500000000005
2015-04-23,0,40.245799999999996,59.56515789473685
2015-04-24,0,42.36800000000001,59.11069999999999
2015-04-25,0,152.5392,16.887677083333333
2015-04-26,0,192.81080000000003,12.809571428571429
2015-04-27,0,40.260999999999996,61.8625
2015-04-28,0,38.1456,68.23822222222222
2015-04-29,0,44.5074,58.381750000000004
2015-04-30,0,44.5116,61.701428571428565
2015-05-01,0,38.15639999999999,65.993125
2015-05-02,0,163.24,16.332467532467533
2015-05-03,0,159.01500000000001,17.025773333333333
2015-05-04,0,42.408,58.81225
2015-05-05,0,44.5326,59.10417857142858
2015-05-06,0,44.5368,53.73666666666666
2015-05-07,0,44.541,54.08529761904762
2015-05-08,0,40.3028,61.55423684210526
2015-05-09,0,156.9836,17.850844594594594
2015-05-10,0,182.45759999999999,13.099279069767443
2015-05-11,0,44.5578,56.39567857142857
2015-05-12,0,38.196,69.1386111111111
2015-05-13,0,38.199600000000004,60.602694444444445
2015-05-14,0,42.44799999999999,64.4004
2015-05-15,0,42.452000000000005,65.60872499999999
2015-05-16,0,152.84159999999997,15.122020833333336
2015-05-17,0,163.471,14.17275974025974
2015-05-18,0,40.340799999999994,65.28757894736842
2015-05-19,0,44.59140000000001,62.51050000000001
2015-05-20,0,40.3484,66.69323684210526
2015-05-21,0,42.476,64.8080125
2015-05-22,0,44.604,61.2702380952381
2015-05-23,0,144.4456,16.730636029411766
2015-05-24,0,159.33,16.004593333333332
2015-05-25,0,44.6166,59.91463095238096
2015-05-26,0,44.6208,54.42142857142857
2015-05-27,0,40.375,64.08223684210526
2015-05-28,0,44.6292,61.766833333333345
2015-05-29,0,40.3826,62.82884210526315
2015-05-30,0,189.17839999999998,12.629988764044944
2015-05-31,0,161.5608,16.692378289473684
2015-06-01,0,44.646,57.55071428571428
2015-06-02,0,44.6502,52.85584523809524
2015-06-03,0,44.65440000000001,54.696
2015-06-04,0,38.2788,60.74141666666666
2015-06-05,0,38.2824,69.71269444444444
2015-06-06,0,157.398,15.787077702702703
2015-06-07,0,146.7768,19.132347826086953
2015-06-08,0,42.547999999999995,60.5926375
2015-06-09,0,38.296800000000005,60.50522222222222
2015-06-10,0,40.4282,62.399842105263154
2015-06-11,0,40.432,62.40631578947369
2015-06-12,0,44.6922,58.19032142857143
2015-06-13,0,193.6844,13.800774725274724
2015-06-14,0,153.2592,15.569427083333334
2015-06-15,0,42.576,57.381800000000005
2015-06-16,0,44.709,61.659107142857145
2015-06-17,0,44.7132,53.28266666666667
2015-06-18,0,38.3292,68.46690277777778
2015-06-19,0,44.721599999999995,59.151428571428575
2015-06-20,0,185.2926,14.029867816091956
2015-06-21,0,187.44,12.583380681818182
2015-06-22,0,38.34360000000001,66.61870833333333
2015-06-23,0,44.7384,58.25671428571429
2015-06-24,0,42.61200000000001,60.93456249999999
2015-06-25,0,42.616,59.010075
2015-06-26,0,40.489000000000004,69.23651315789475
2015-06-27,0,149.18399999999997,18.001542857142855
2015-06-28,0,157.7236,14.7465
2015-06-29,0,44.7636,55.41852380952382
2015-06-30,0,44.7678,53.0095119047619
2015-07-01,0,44.77199999999999,58.19
2015-07-02,0,42.644000000000005,56.3960875
2015-07-03,0,38.3832,72.19661111111111
2015-07-04,0,153.5472,16.037895833333334
2015-07-05,0,159.96,17.42741333333333
2015-07-06,0,42.66,60.76868749999999
2015-07-07,0,44.7972,52.242428571428576
2015-07-08,0,40.5346,62.199513157894735
2015-07-09,0,44.8056,53.634380952380944
2015-07-10,0,44.809799999999996,61.582321428571426
2015-07-11,0,160.04999999999998,16.600166666666667
2015-07-12,0,157.93079999999998,14.931239864864864
2015-07-13,0,42.688,56.823
2015-07-14,0,44.8266,57.80769047619048
2015-07-15,0,44.8308,55.04966666666667
2015-07-16,0,38.42999999999999,65.03750000000001
2015-07-17,0,42.70400000000001,58.90265
2015-07-18,0,190.05059999999997,13.401014044943821
2015-07-19,0,175.1192,15.431689024390245
2015-07-20,0,44.8518,60.37852380952381
2015-07-21,0,44.856,61.76761904761905
2015-07-22,0,38.4516,60.64070833333334
2015-07-23,0,42.728,61.23865000000001
2015-07-24,0,44.8686,56.25361904761905
2015-07-25,0,168.8072,14.771164556962026
2015-07-26,0,194.467,12.186071428571427
2015-07-27,0,44.8812,54.65671428571429
2015-07-28,0,42.748,54.48937500000001
2015-07-29,0,40.614399999999996,61.697263157894724
2015-07-30,0,38.480399999999996,68.49584722222222
2015-07-31,0,44.897999999999996,52.48750000000001
2015-08-01,0,147.53580000000002,18.433967391304346
2015-08-02,0,173.2104,15.79437037037037
2015-08-03,0,44.9106,58.38878571428571
2015-08-04,0,38.4984,62.20316666666666
2015-08-05,0,42.78,55.1403125
2015-08-06,0,38.505599999999994,61.27333333333333
2015-08-07,0,38.50920000000001,69.62984722222221
2015-08-08,0,184.0056,14.349656976744185
2015-08-09,0,184.02280000000002,14.661279069767442
2015-08-10,0,40.66,60.62499999999999
2015-08-11,0,44.9442,54.74135714285715
2015-08-12,0,40.6676,68.16931578947369
2015-08-13,0,44.952600000000004,59.835166666666666
2015-08-14,0,42.816,66.3511
2015-08-15,0,145.588,17.518952205882353
2015-08-16,0,171.296,14.7409875
2015-08-17,0,42.828,60.30473750000001
2015-08-18,0,38.5488,62.56266666666667
2015-08-19,0,44.9778,60.45008333333333
2015-08-20,0,44.982,60.918690476190484
2015-08-21,0,38.559599999999996,61.098375000000004
2015-08-22,0,192.81600000000003,12.166977777777777
2015-08-23,0,184.2636,13.044784883720931
2015-08-24,0,44.9988,54.699071428571436
2015-08-25,0,38.574,63.55229166666667
2015-08-26,0,45.007200000000005,54.24766666666667
2015-08-27,0,40.724599999999995,58.55771052631578
2015-08-28,0,42.872,60.980450000000005
2015-08-29,0,156.49739999999997,17.274523972602744
2015-08-30,0,171.52,14.002875
2015-08-31,0,38.595600000000005,68.45204166666667
2015-09-01,0,45.0324,56.0172380952381
2015-09-02,0,38.6028,72.11224999999999
2015-09-03,0,45.040800000000004,54.63961904761904
2015-09-04,0,42.9,56.648125
2015-09-05,0,171.61599999999999,16.412625
2015-09-06,0,171.632,16.262328125
2015-09-07,0,38.6208,66.33955555555555
2015-09-08,0,45.0618,63.585964285714276
2015-09-09,0,40.774,69.90236842105263
2015-09-10,0,40.777800000000006,61.45894736842105
2015-09-11,0,42.928,57.297149999999995
2015-09-12,0,148.11540000000002,17.244336956521742
2015-09-13,0,165.3036,15.833551948051948
2015-09-14,0,42.940000000000005,62.9124375
2015-09-15,0,40.7968,66.48663157894737
