sinteticos/sales_sint_semanal_tend_caio.csv
date,item_nbr,unit_sales,price
2015-09-16,0,42.94800000000001,65.2379
2015-09-17,0,45.099599999999995,57.03685714285714
2015-09-18,0,45.10380000000001,61.912214285714285
2015-09-19,0,165.396,16.539025974025975
2015-09-20,0,193.33800000000002,12.311541666666665
2015-09-21,0,45.1164,60.07566666666668
2015-09-22,0,45.1206,59.501892857142856
2015-09-23,0,38.6784,74.43333333333334
2015-09-24,0,40.831,58.85467105263159
2015-09-25,0,40.8348,61.297210526315794
2015-09-26,0,150.458,19.145892857142854
2015-09-27,0,148.3224,16.882405797101452
2015-09-28,0,38.6964,73.92991666666666
2015-09-29,0,38.699999999999996,68.52083333333333
2015-09-30,0,40.8538,66.5890657894737
2015-10-01,0,45.15840000000001,56.65447619047618
2015-10-02,0,40.861399999999996,65.06277631578948
2015-10-03,0,159.15920000000003,17.46493243243243
2015-10-04,0,193.58999999999997,13.087958333333331
2015-10-05,0,43.024,57.68235
2015-10-06,0,38.725199999999994,67.89245833333332
2015-10-07,0,45.183600000000006,52.85583333333333
2015-10-08,0,38.7324,71.97262500000001
2015-10-09,0,43.040000000000006,56.608
2015-10-10,0,154.95839999999998,15.454916666666664
2015-10-11,0,167.8872,14.924596153846153
2015-10-12,0,38.7468,70.23936111111111
2015-10-13,0,40.9032,59.74026315789473
2015-10-14,0,43.06,64.32693750000001
2015-10-15,0,45.2172,52.550380952380955
2015-10-16,0,38.7612,66.6055138888889
2015-10-17,0,176.5952,15.515634146341464
2015-10-18,0,185.2268,14.34111918604651
2015-10-19,0,43.08,61.673125
2015-10-20,0,38.7756,67.58275
2015-10-21,0,38.779199999999996,73.69716666666667
2015-10-22,0,38.78280000000001,61.35272222222222
2015-10-23,0,45.2508,58.06221428571429
2015-10-24,0,174.555,16.02013888888889
2015-10-25,0,148.7088,16.82463768115942
2015-10-26,0,45.263400000000004,52.95875000000001
2015-10-27,0,45.267599999999995,62.85857142857142
2015-10-28,0,40.9602,63.949513157894735
2015-10-29,0,40.96399999999999,66.91578947368421
2015-10-30,0,40.967800000000004,69.2391842105263
2015-10-31,0,178.9812,14.997102409638554
2015-11-01,0,166.0582,16.61204220779221
2015-11-02,0,45.2928,62.314761904761895
2015-11-03,0,38.826,63.87430555555556
2015-11-04,0,38.8296,64.56041666666667
2015-11-05,0,38.8332,67.01376388888889
2015-11-06,0,40.9944,61.04621052631579
2015-11-07,0,151.046,16.990907142857143
2015-11-08,0,179.114,13.652921686746987
2015-11-09,0,41.0058,69.82528947368421
2015-11-10,0,45.32640000000001,54.78857142857142
2015-11-11,0,38.8548,64.06254166666666
2015-11-12,0,41.0172,65.07855263157894
2015-11-13,0,38.861999999999995,65.3
2015-11-14,0,194.32800000000003,14.530733333333332
2015-11-15,0,194.34599999999998,12.790527777777779
2015-11-16,0,45.351600000000005,55.40535714285715
2015-11-17,0,41.036199999999994,60.59907894736842
2015-11-18,0,41.040000000000006,69.11578947368422
2015-11-19,0,41.04379999999999,64.60922368421053
2015-11-20,0,38.8872,70.38380555555555
2015-11-21,0,183.651,14.56033823529412
2015-11-22,0,192.3112,13.466730337078653
2015-11-23,0,45.381,62.915416666666665
2015-11-24,0,41.0628,60.51334210526317
2015-11-25,0,41.0666,58.971039473684215
2015-11-26,0,38.9088,63.34333333333333
2015-11-27,0,43.236,63.6358875
2015-11-28,0,166.474,17.263051948051945
2015-11-29,0,190.2736,15.273943181818183
2015-11-30,0,45.410399999999996,61.20819047619048
2015-12-01,0,45.41460000000001,56.07428571428571
2015-12-02,0,41.093199999999996,60.433578947368424
2015-12-03,0,43.260000000000005,65.76050000000001
2015-12-04,0,41.10079999999999,61.995789473684205
2015-12-05,0,157.9282,17.045270547945204
2015-12-06,0,194.724,14.127011111111111
2015-12-07,0,43.276,66.7692
2015-12-08,0,43.279999999999994,59.411
2015-12-09,0,38.955600000000004,70.79304166666667
2015-12-10,0,45.452400000000004,54.72257142857142
2015-12-11,0,41.1274,64.75425
2015-12-12,0,164.5248,15.802421052631578
2015-12-13,0,155.88,18.694791666666664
2015-12-14,0,41.1388,69.68702631578948
2015-12-15,0,41.1426,70.21132894736841
2015-12-16,0,43.312,63.63629999999999
2015-12-17,0,43.316,66.2228875
2015-12-18,0,45.486,57.69273809523809
2015-12-19,0,194.958,13.790708333333331
2015-12-20,0,179.8112,15.340289156626508
2015-12-21,0,38.998799999999996,71.69895833333334
2015-12-22,0,39.00240000000001,64.87708333333333
2015-12-23,0,43.339999999999996,63.189875
2015-12-24,0,45.5112,58.43052380952381
2015-12-25,0,45.51539999999999,56.79696428571428
2015-12-26,0,162.57000000000002,17.380466666666667
2015-12-27,0,188.59859999999998,14.730227011494254
2015-12-28,0,41.192,66.42
2015-12-29,0,39.02759999999999,63.283097222222224
2015-12-30,0,41.199600000000004,61.77149999999999
2015-12-31,0,45.540600000000005,60.6985
2016-01-01,0,41.2072,62.69073684210527
2016-01-02,0,160.506,15.03358108108108
2016-01-03,0,190.8896,12.587215909090908
2016-01-04,0,45.5574,54.979083333333335
2016-01-05,0,39.0528,73.58644444444444
2016-01-06,0,45.565799999999996,57.33525
2016-01-07,0,41.23,62.46973684210526
2016-01-08,0,45.5742,58.167809523809524
2016-01-09,0,156.2688,18.062
2016-01-10,0,151.942,17.700210714285713
2016-01-11,0,43.416,59.00082499999999
2016-01-12,0,45.59100000000001,60.06857142857143
2016-01-13,0,39.081599999999995,67.07555555555555
2016-01-14,0,39.0852,67.766875
2016-01-15,0,39.08879999999999,68.04758333333334
2016-01-16,0,175.91580000000002,13.936487654320988
2016-01-17,0,156.384,16.809930555555557
2016-01-18,0,41.2718,70.97325000000001
2016-01-19,0,39.1032,67.25336111111112
2016-01-20,0,39.1068,71.36976388888888
2016-01-21,0,43.456,59.80050000000001
2016-01-22,0,41.287,67.88677631578948
2016-01-23,0,180.3756,15.749939759036145
2016-01-24,0,180.3922,16.286493975903618
2016-01-25,0,41.2984,59.98705263157895
2016-01-26,0,39.1284,70.59076388888889
2016-01-27,0,43.48,60.823875
2016-01-28,0,39.1356,71.01636111111111
2016-01-29,0,45.662400000000005,62.64019047619047
2016-01-30,0,176.1426,16.455000000000002
2016-01-31,0,158.76040000000003,15.825452054794518
2016-02-01,0,41.324999999999996,66.52631578947368
2016-02-02,0,41.3288,66.1432105263158
2016-02-03,0,41.3326,65.76002631578946
2016-02-04,0,41.336400000000005,62.2573947368421
2016-02-05,0,45.69179999999999,53.98167857142857
2016-02-06,0,169.728,17.036666666666665
2016-02-07,0,191.50559999999996,13.389877840909092
2016-02-08,0,45.7044,55.998
2016-02-09,0,43.532000000000004,61.151062499999995
2016-02-10,0,39.1824,70.14894444444445
2016-02-11,0,43.54,58.074374999999996
2016-02-12,0,43.544,58.8217
2016-02-13,0,158.9502,17.606986301369865
2016-02-14,0,148.0768,19.703294117647058
2016-02-15,0,43.556,56.24368749999999
2016-02-16,0,43.56,56.86750000000001
2016-02-17,0,43.564,59.469637500000005
2016-02-18,0,45.746399999999994,61.70723809523809
2016-02-19,0,43.572,63.067875
2016-02-20,0,189.5556,15.210603448275862
2016-02-21,0,159.067,16.87571917808219
2016-02-22,0,43.583999999999996,57.644200000000005
2016-02-23,0,41.40860000000001,68.36743421052631
2016-02-24,0,41.4124,62.12297368421052
2016-02-25,0,41.4162,61.99900000000001
2016-02-26,0,45.779999999999994,56.33571428571429
2016-02-27,0,187.49720000000002,13.585093023255814
2016-02-28,0,156.98879999999997,17.22535416666667
2016-02-29,0,39.2508,64.91966666666666
2016-03-01,0,39.254400000000004,64.92622222222222
2016-03-02,0,41.439,61.2546052631579
2016-03-03,0,41.4428,62.8248947368421
2016-03-04,0,43.628,61.0518875
2016-03-05,0,189.79919999999998,13.837034482758623
2016-03-06,0,154.9078,17.166295774647885
2016-03-07,0,39.275999999999996,67.16777777777777
2016-03-08,0,43.644,66.89925
2016-03-09,0,39.2832,70.89833333333333
2016-03-10,0,39.2868,66.22434722222222
2016-03-11,0,41.473200000000006,61.179815789473686
2016-03-12,0,185.55499999999998,13.15195588235294
2016-03-13,0,161.5568,16.951
2016-03-14,0,39.301199999999994,66.52654166666666
2016-03-15,0,41.488400000000006,62.77049999999999
2016-03-16,0,43.675999999999995,58.894062500000004
2016-03-17,0,45.864000000000004,54.67809523809524
2016-03-18,0,39.315599999999996,62.144041666666666
2016-03-19,0,172.5676,15.510974683544303
2016-03-20,0,194.42940000000002,13.602314606741574
2016-03-21,0,39.3264,66.84916666666666
2016-03-22,0,45.885,61.4404761904762
2016-03-23,0,41.5188,69.09018421052632
2016-03-24,0,41.5226,64.00302631578947
2016-03-25,0,45.8976,58.386095238095244
2016-03-26,0,192.3504,15.062744318181819
2016-03-27,0,185.81,14.719764705882353
2016-03-28,0,45.910199999999996,60.29535714285715
2016-03-29,0,43.727999999999994,55.99165000000001
2016-03-30,0,41.54540000000001,66.26356578947369
2016-03-31,0,45.922799999999995,55.11004761904762
2016-04-01,0,41.553000000000004,60.39434210526315
2016-04-02,0,192.47359999999998,13.041
2016-04-03,0,148.7432,16.512955882352944
2016-04-04,0,39.376799999999996,73.70683333333332
2016-04-05,0,41.568200000000004,66.30359210526316
2016-04-06,0,45.94799999999999,61.65166666666668
2016-04-07,0,41.5758,64.61649999999999
2016-04-08,0,39.3912,68.21316666666667
2016-04-09,0,179.4652,16.521143292682925
2016-04-10,0,190.4256,14.915999999999999
2016-04-11,0,45.969,59.551607142857144
2016-04-12,0,39.4056,70.7271111111111
2016-04-13,0,39.4092,71.56313888888889
2016-04-14,0,39.4128,67.83983333333333
2016-04-15,0,43.796,68.15065
2016-04-16,0,194.91,12.9126404494382
2016-04-17,0,151.1238,17.77479347826087
2016-04-18,0,45.9984,63.74019047619048
2016-04-19,0,41.621399999999994,59.06319736842105
2016-04-20,0,43.816,61.839225000000006
2016-04-21,0,46.010999999999996,62.1002380952381
2016-04-22,0,43.824000000000005,63.7184
2016-04-23,0,197.22599999999997,13.995116666666666
2016-04-24,0,192.8608,13.154744318181818
2016-04-25,0,39.4524,73.86258333333333
2016-04-26,0,43.84,64.1175
2016-04-27,0,39.459599999999995,74.84584722222223
2016-04-28,0,46.040400000000005,55.62116666666666
2016-04-29,0,41.659400000000005,59.90909210526317
2016-04-30,0,182.0024,15.096060240963856
2016-05-01,0,195.177,15.283398876404496
2016-05-02,0,41.6708,63.72994736842106
2016-05-03,0,43.868,63.41503749999999
2016-05-04,0,39.4848,76.006
2016-05-05,0,43.876,64.30005000000001
2016-05-06,0,39.492,72.00555555555555
2016-05-07,0,182.1186,15.467063253012048
2016-05-08,0,153.608,16.026428571428575
2016-05-09,0,39.50280000000001,67.04072222222221
2016-05-10,0,41.7012,60.368947368421054
2016-05-11,0,39.510000000000005,68.02395833333334
2016-05-12,0,41.7088,65.10652631578947
2016-05-13,0,41.7126,67.73857894736842
2016-05-14,0,153.69199999999998,17.390228571428572
2016-05-15,0,166.88080000000002,15.953269736842103
2016-05-16,0,43.919999999999995,64.74525
2016-05-17,0,41.7278,63.563210526315785
2016-05-18,0,43.928,60.14155
2016-05-19,0,43.932,63.0176875
2016-05-20,0,39.5424,74.32533333333333
2016-05-21,0,160.381,16.447893835616437
2016-05-22,0,199.9452,14.101109890109893
2016-05-23,0,41.7506,62.55015789473685
2016-05-24,0,39.5568,66.72538888888889
2016-05-25,0,43.956,56.93730000000001
2016-05-26,0,39.564,73.39875
2016-05-27,0,41.7658,70.85722368421052
2016-05-28,0,184.66559999999998,14.393238095238097
2016-05-29,0,149.5048,18.51644117647059
2016-05-30,0,41.77720000000001,62.1995
2016-05-31,0,43.98,67.96600000000001
2016-06-01,0,39.58560000000001,65.11283333333334
2016-06-02,0,46.1874,62.3622380952381
2016-06-03,0,43.992000000000004,66.361725
2016-06-04,0,158.38559999999998,18.5398125
2016-06-05,0,158.4,16.84027777777778
2016-06-06,0,46.20419999999999,55.362678571428575
2016-06-07,0,41.8076,68.96115789473683
2016-06-08,0,41.81139999999999,63.17684210526316
2016-06-09,0,46.2168,58.59485714285714
2016-06-10,0,46.221000000000004,58.124285714285705
2016-06-11,0,149.6816,19.53377205882353
2016-06-12,0,200.3274,13.086076923076924
2016-06-13,0,44.032,58.2966
2016-06-14,0,44.036,56.926187500000005
2016-06-15,0,44.04,67.06700000000001
2016-06-16,0,39.6396,69.10370833333333
2016-06-17,0,44.048,63.5762
2016-06-18,0,185.01839999999999,16.002919642857144
2016-06-19,0,193.8464,15.41928409090909
2016-06-20,0,39.654,75.11250000000001
2016-06-21,0,46.267199999999995,64.26933333333334
2016-06-22,0,41.8646,64.5832894736842
2016-06-23,0,39.6648,67.06494444444445
2016-06-24,0,46.2798,59.87545238095238
2016-06-25,0,180.72799999999998,15.91591463414634
2016-06-26,0,185.1528,15.627988095238097
2016-06-27,0,39.679199999999994,63.47266666666666
2016-06-28,0,41.8874,63.830684210526314
2016-06-29,0,39.6864,70.44644444444445
2016-06-30,0,46.305,53.82470238095238
2016-07-01,0,41.8988,71.63313157894737
2016-07-02,0,194.0752,14.869585227272728
2016-07-03,0,187.476,15.307447058823527
2016-07-04,0,39.7044,69.36725
2016-07-05,0,39.708,72.4388888888889
2016-07-06,0,44.123999999999995,56.42437499999999
2016-07-07,0,44.128,67.2144
2016-07-08,0,41.925399999999996,60.19800000000001
2016-07-09,0,150.06240000000003,19.035088235294115
2016-07-10,0,150.076,17.302996323529413
2016-07-11,0,44.144000000000005,56.954299999999996
2016-07-12,0,39.7332,71.09541666666665
2016-07-13,0,46.35960000000001,60.8255
2016-07-14,0,39.740399999999994,70.69129166666667
2016-07-15,0,39.744,71.25611111111111
2016-07-16,0,158.99039999999997,16.560677083333335
2016-07-17,0,154.58800000000002,17.89627857142857
2016-07-18,0,44.172,62.3921375
2016-07-19,0,41.967200000000005,60.924789473684214
2016-07-20,0,44.18,67.1759375
2016-07-21,0,46.3932,62.30911904761904
2016-07-22,0,46.3974,58.72710714285714
2016-07-23,0,176.768,15.543
2016-07-24,0,187.833,14.12771176470588
2016-07-25,0,46.41,63.88928571428571
2016-07-26,0,39.7836,76.49927777777778
2016-07-27,0,41.9976,64.01536842105263
2016-07-28,0,46.422599999999996,65.70353571428572
2016-07-29,0,39.794399999999996,65.90955555555556
2016-07-30,0,196.77900000000002,15.25196629213483
2016-07-31,0,181.3184,14.010951219512197
2016-08-01,0,46.439400000000006,54.59514285714286
2016-08-02,0,39.8088,75.29530555555554
2016-08-03,0,42.02420000000001,69.48651315789475
2016-08-04,0,44.239999999999995,63.00075
2016-08-05,0,46.4562,54.61685714285714
2016-08-06,0,201.32839999999996,15.20357142857143
2016-08-07,0,172.58280000000002,17.287717948717944
2016-08-08,0,46.4688,56.07085714285714
2016-08-09,0,44.260000000000005,65.17087500000001
2016-08-10,0,44.264,65.9323
2016-08-11,0,44.268,58.3886
2016-08-12,0,39.8448,70.19633333333333
2016-08-13,0,174.8902,16.282465189873417
2016-08-14,0,157.194,18.26073943661972
2016-08-15,0,46.4982,57.18889285714286
2016-08-16,0,39.8592,62.949999999999996
2016-08-17,0,44.292,64.97085
2016-08-18,0,46.5108,60.80378571428571
2016-08-19,0,39.87,65.4875
2016-08-20,0,197.1528,14.944179775280901
2016-08-21,0,166.15499999999997,15.95525
2016-08-22,0,39.88080000000001,71.38583333333332
2016-08-23,0,42.100199999999994,67.76801315789474
2016-08-24,0,42.104000000000006,60.08210526315789
2016-08-25,0,46.54019999999999,62.04615476190476
2016-08-26,0,46.5444,54.49080952380953
2016-08-27,0,161.81179999999998,17.299941780821918
2016-08-28,0,195.07840000000002,14.524397727272728
2016-08-29,0,46.557,60.510000000000005
2016-08-30,0,46.5612,56.19342857142857
2016-08-31,0,46.565400000000004,59.68141666666667
2016-09-01,0,39.9168,75.37977777777779
2016-09-02,0,46.5738,55.24928571428572
2016-09-03,0,186.312,14.95482142857143
2016-09-04,0,150.8376,19.440014705882355
2016-09-05,0,46.5864,64.75699999999999
2016-09-06,0,42.1534,65.73730263157896
2016-09-07,0,39.9384,68.4148888888889
2016-09-08,0,46.599000000000004,58.76732142857142
2016-09-09,0,46.603199999999994,54.92704761904762
2016-09-10,0,177.55200000000002,15.334818750000002
2016-09-11,0,197.5444,14.069123595505618
2016-09-12,0,46.61580000000001,55.06359523809524
2016-09-13,0,44.39999999999999,62.62
2016-09-14,0,39.9636,70.98758333333332
2016-09-15,0,44.407999999999994,64.6528
2016-09-16,0,42.1914,69.25872368421052
2016-09-17,0,197.65120000000002,13.424696629213482
2016-09-18,0,188.785,13.84979411764706
2016-09-19,0,46.6452,64.60621428571429
2016-09-20,0,44.428,63.54776249999999
2016-09-21,0,46.6536,55.35333333333334
2016-09-22,0,42.2142,71.42806578947369
2016-09-23,0,39.996,70.77
2016-09-24,0,157.7762,17.267024647887325
2016-09-25,0,157.7904,16.556619718309857
2016-09-26,0,42.2294,65.06917105263157
2016-09-27,0,40.010400000000004,75.71452777777777
2016-09-28,0,46.683,55.51208333333334
2016-09-29,0,44.464000000000006,60.9489
2016-09-30,0,42.2446,63.76372368421053
2016-10-01,0,180.1116,16.20753703703704
2016-10-02,0,202.36579999999998,15.011703296703297
2016-10-03,0,44.480000000000004,68.18350000000001
2016-10-04,0,44.483999999999995,59.71390000000001
2016-10-05,0,42.263600000000004,60.732
2016-10-06,0,40.04279999999999,66.78368055555556
2016-10-07,0,40.046400000000006,70.868
2016-10-08,0,198.025,13.992977528089888
2016-10-09,0,198.0428,14.90456179775281
2016-10-10,0,44.508,67.597725
2016-10-11,0,44.512,65.199
2016-10-12,0,46.7418,55.22716666666667
2016-10-13,0,42.294,72.10960526315789
2016-10-14,0,46.7502,60.544785714285716
2016-10-15,0,191.47039999999998,13.283523255813954
2016-10-16,0,193.7142,13.772727011494252
2016-10-17,0,46.7628,62.85492857142857
2016-10-18,0,46.76700000000001,62.861130952380954
2016-10-19,0,40.0896,69.68499999999999
2016-10-20,0,42.320600000000006,66.29064473684211
2016-10-21,0,40.096799999999995,69.41713888888889
2016-10-22,0,173.7684,17.41828205128205
2016-10-23,0,198.29199999999997,13.330112359550563
2016-10-24,0,42.335800000000006,70.72013157894737
2016-10-25,0,46.79639999999999,63.2667619047619
2016-10-26,0,46.8006,55.062000000000005
2016-10-27,0,40.118399999999994,74.812
2016-10-28,0,44.58,57.319250000000004
2016-10-29,0,191.71120000000002,15.779389534883723
2016-10-30,0,151.5992,18.35413235294118
2016-10-31,0,40.1328,73.00922222222222
2016-11-01,0,46.8258,62.706321428571435
2016-11-02,0,42.37,61.56776315789474
2016-11-03,0,44.604,65.220175
2016-11-04,0,44.608,62.181000000000004
2016-11-05,0,169.5256,15.062509868421051
2016-11-06,0,174.0024,15.523903846153845
2016-11-07,0,42.388999999999996,63.8696052631579
2016-11-08,0,44.62400000000001,65.25229999999999
2016-11-09,0,46.859399999999994,61.78841666666666
2016-11-10,0,40.168800000000005,76.74933333333334
2016-11-11,0,40.172399999999996,72.24177777777777
2016-11-12,0,169.632,17.612894736842104
2016-11-13,0,203.13019999999997,14.711118131868131
2016-11-14,0,44.648,69.228625
2016-11-15,0,46.88459999999999,64.12369047619048
