sinteticos/sales_sint_semanal_tend_caio.csv
date,item_nbr,unit_sales,price
2016-11-16,0,42.4232,68.2057894736842
2016-11-17,0,40.194,67.6254861111111
2016-11-18,0,44.664,58.708650000000006
2016-11-19,0,174.2052,15.413432692307692
2016-11-20,0,196.5568,13.143295454545454
2016-11-21,0,44.676,64.70026250000001
2016-11-22,0,40.212,76.275
2016-11-23,0,40.2156,68.37172222222222
2016-11-24,0,40.2192,71.34527777777778
2016-11-25,0,40.2228,67.396125
2016-11-26,0,151.9664,18.477779411764704
2016-11-27,0,154.21500000000003,18.61730072463768
2016-11-28,0,42.468799999999995,67.61684210526316
2016-11-29,0,40.2372,66.71588888888888
2016-11-30,0,42.4764,73.1208947368421
2016-12-01,0,44.71600000000001,64.1277
2016-12-02,0,44.72,64.3885
2016-12-03,0,152.0616,19.014514705882355
2016-12-04,0,185.6212,16.34640361445783
2016-12-05,0,42.495400000000004,60.294078947368426
2016-12-06,0,42.499199999999995,72.092
2016-12-07,0,42.503,70.35690789473684
2016-12-08,0,40.269600000000004,69.60433333333333
2016-12-09,0,40.2732,69.75265277777778
2016-12-10,0,203.6216,13.91053846153846
2016-12-11,0,190.213,14.084794117647059
2016-12-12,0,40.284,70.62236111111112
2016-12-13,0,42.5258,71.73927631578947
2016-12-14,0,44.768,67.6494
2016-12-15,0,44.772,57.335625
2016-12-16,0,47.0148,55.94564285714285
2016-12-17,0,179.12,16.312
2016-12-18,0,165.70080000000002,16.981851351351352
2016-12-19,0,47.0274,58.511357142857136
2016-12-20,0,42.552400000000006,70.31252631578947
2016-12-21,0,44.79599999999999,59.66414999999999
2016-12-22,0,47.040000000000006,65.32857142857142
2016-12-23,0,44.803999999999995,68.601725
2016-12-24,0,203.87640000000002,14.32203846153846
2016-12-25,0,201.65399999999997,14.000783333333333
2016-12-26,0,44.816,66.70865
2016-12-27,0,42.579,62.43848684210526
2016-12-28,0,44.824,57.536325
2016-12-29,0,47.0694,55.04489285714286
2016-12-30,0,40.3488,70.32177777777778
2016-12-31,0,163.6514,17.02665410958904
2017-01-01,0,154.698,19.384202898550726
2017-01-02,0,42.6018,72.14877631578948
2017-01-03,0,40.3632,68.22183333333334
2017-01-04,0,40.3668,71.34915277777777
2017-01-05,0,42.6132,72.16997368421053
2017-01-06,0,40.37400000000001,71.363125
2017-01-07,0,181.6992,16.77441975308642
2017-01-08,0,163.7682,17.494863013698627
2017-01-09,0,40.3848,70.95833333333333
2017-01-10,0,44.876000000000005,65.0183875
2017-01-11,0,47.123999999999995,64.48333333333332
2017-01-12,0,42.6398,71.9504605263158
2017-01-13,0,42.64359999999999,61.73550000000001
2017-01-14,0,166.1004,15.783483108108106
2017-01-15,0,190.80799999999996,14.884941176470587
2017-01-16,0,44.900000000000006,64.2896875
2017-01-17,0,42.6588,71.582
2017-01-18,0,47.153400000000005,65.9885
2017-01-19,0,40.4208,66.482
2017-01-20,0,42.6702,65.00798684210527
2017-01-21,0,188.664,16.471517857142857
2017-01-22,0,177.4498,15.799772151898734
2017-01-23,0,47.1744,63.949999999999996
2017-01-24,0,40.4388,78.02662500000001
2017-01-25,0,42.6892,66.521
2017-01-26,0,44.94,60.00268749999999
2017-01-27,0,44.944,69.22095
2017-01-28,0,177.54459999999997,15.45268670886076
2017-01-29,0,191.04600000000002,15.959235294117647
2017-01-30,0,42.7082,70.99938157894738
2017-01-31,0,40.464000000000006,67.27111111111111
2017-02-01,0,47.212199999999996,65.22541666666666
2017-02-02,0,47.21640000000001,57.06257142857143
2017-02-03,0,44.971999999999994,65.04305
2017-02-04,0,168.66,16.697719999999997
2017-02-05,0,157.43,17.489678571428573
2017-02-06,0,47.233200000000004,54.88928571428571
2017-02-07,0,40.489200000000004,75.42930555555554
2017-02-08,0,42.7424,62.29705263157895
2017-02-09,0,40.4964,72.73943055555554
2017-02-10,0,47.25,65.52678571428572
2017-02-11,0,155.2638,20.093445652173916
2017-02-12,0,168.78,16.949973333333332
2017-02-13,0,40.510799999999996,75.75827777777778
2017-02-14,0,47.266799999999996,56.64114285714285
2017-02-15,0,42.769,64.63348684210526
2017-02-16,0,47.2752,62.63485714285714
2017-02-17,0,42.7766,68.42498684210527
2017-02-18,0,177.8764,17.594417721518987
2017-02-19,0,162.1296,17.846385416666667
2017-02-20,0,45.03999999999999,66.56175
2017-02-21,0,47.296200000000006,65.71926190476191
2017-02-22,0,42.79559999999999,63.19231578947369
2017-02-23,0,40.546800000000005,73.5515
2017-02-24,0,45.056,70.0518
2017-02-25,0,198.264,13.793593750000001
2017-02-26,0,175.74960000000002,16.188692307692307
2017-02-27,0,40.5612,76.43211111111111
2017-02-28,0,42.818400000000004,67.95794736842106
2017-03-01,0,45.076,68.6739375
2017-03-02,0,47.334,56.729523809523805
2017-03-03,0,40.5756,69.18659722222222
2017-03-04,0,193.8784,16.214232558139535
2017-03-05,0,171.3496,16.42328289473684
2017-03-06,0,40.5864,69.92027777777778
2017-03-07,0,47.355,55.28928571428572
2017-03-08,0,45.104000000000006,62.9405
2017-03-09,0,42.852599999999995,71.93900000000001
2017-03-10,0,47.3676,56.89607142857142
2017-03-11,0,189.48719999999997,13.919479166666667
2017-03-12,0,182.73600000000002,17.323703703703703
2017-03-13,0,47.380199999999995,64.25625
2017-03-14,0,47.38440000000001,66.833
2017-03-15,0,42.87539999999999,65.35117105263159
2017-03-16,0,47.3928,56.317142857142855
2017-03-17,0,47.39699999999999,62.56708333333333
2017-03-18,0,180.57600000000002,17.614774999999998
2017-03-19,0,178.3346,15.918806962025315
2017-03-20,0,42.894400000000005,62.269473684210524
2017-03-21,0,40.6404,64.44915277777778
2017-03-22,0,42.902,73.38394736842105
2017-03-23,0,45.164,59.8164375
2017-03-24,0,40.6512,66.6121111111111
2017-03-25,0,176.17079999999999,17.02303846153846
2017-03-26,0,203.292,14.66895
2017-03-27,0,45.18,70.006
2017-03-28,0,45.184,66.92399999999999
2017-03-29,0,45.188,67.702775
2017-03-30,0,42.932399999999994,72.4925
2017-03-31,0,40.6764,78.38683333333333
2017-04-01,0,189.83999999999997,14.223809523809525
2017-04-02,0,164.99460000000002,17.532866438356166
2017-04-03,0,47.468399999999995,65.49128571428571
2017-04-04,0,42.95140000000001,68.46072368421054
2017-04-05,0,47.4768,67.22133333333333
2017-04-06,0,45.22,58.480875
2017-04-07,0,47.4852,58.03259523809525
2017-04-08,0,192.219,14.884520588235294
2017-04-09,0,189.9744,14.909785714285714
2017-04-10,0,42.9742,69.85703947368421
2017-04-11,0,40.716,65.15347222222222
2017-04-12,0,40.7196,69.169625
2017-04-13,0,42.9856,71.77694736842106
2017-04-14,0,45.251999999999995,68.83927499999999
2017-04-15,0,181.024,14.568525000000001
2017-04-16,0,176.51399999999998,17.092483974358977
2017-04-17,0,43.000800000000005,68.68284210526315
2017-04-18,0,43.004599999999996,63.938250000000004
2017-04-19,0,45.272000000000006,63.842625
2017-04-20,0,45.275999999999996,65.39666249999999
2017-04-21,0,40.752,72.24000000000001
2017-04-22,0,192.457,14.115485294117647
2017-04-23,0,176.62320000000003,15.2845
2017-04-24,0,45.291999999999994,62.5831875
2017-04-25,0,40.766400000000004,67.39277777777778
2017-04-26,0,40.769999999999996,71.84479166666667
2017-04-27,0,40.7736,77.58841666666667
2017-04-28,0,45.308,61.44565
2017-04-29,0,174.4512,15.994987012987012
2017-04-30,0,203.922,12.997325
2017-05-01,0,40.788,70.44486111111111
2017-05-02,0,45.324,58.8867
2017-05-03,0,47.5944,56.82600000000001
2017-05-04,0,45.332,65.0979
2017-05-05,0,40.8024,68.74980555555555
2017-05-06,0,201.763,15.792808988764046
2017-05-07,0,181.37599999999998,16.8929
2017-05-08,0,40.81320000000001,76.52251388888888
2017-05-09,0,47.6196,58.828142857142865
2017-05-10,0,43.08820000000001,69.38013157894737
2017-05-11,0,43.092,61.359736842105264
2017-05-12,0,47.632200000000005,57.73725
2017-05-13,0,156.51959999999997,19.89710869565217
2017-05-14,0,197.3682,14.266206896551726
2017-05-15,0,45.37599999999999,68.39970000000001
2017-05-16,0,45.38,62.58724999999999
2017-05-17,0,43.1148,63.981842105263155
2017-05-18,0,45.388000000000005,68.67821250000001
2017-05-19,0,43.1224,61.27105263157895
2017-05-20,0,206.55180000000001,12.794093406593408
2017-05-21,0,158.9,16.670892857142857
2017-05-22,0,40.8636,66.99397222222221
2017-05-23,0,45.408,60.0416
2017-05-24,0,47.6826,55.83225
2017-05-25,0,40.8744,68.59525
2017-05-26,0,40.878,67.16368055555556
2017-05-27,0,177.15360000000004,15.699961538461539
2017-05-28,0,170.355,17.84856333333333
2017-05-29,0,45.432,61.241675
2017-05-30,0,47.7078,61.29075
2017-05-31,0,47.712,60.92666666666667
2017-06-01,0,47.71619999999999,67.22315476190477
2017-06-02,0,45.44800000000001,60.747225
2017-06-03,0,168.17239999999998,17.154966216216216
2017-06-04,0,204.55200000000002,15.171744444444444
2017-06-05,0,47.73299999999999,60.58589285714285
2017-06-06,0,43.1908,61.51402631578947
2017-06-07,0,43.1946,61.38355263157896
2017-06-08,0,45.472,59.87520000000001
2017-06-09,0,43.2022,73.94734210526316
2017-06-10,0,206.934,14.500906593406594
2017-06-11,0,154.6456,20.894514705882354
2017-06-12,0,40.9392,73.18022222222221
2017-06-13,0,47.7666,57.91591666666667
2017-06-14,0,45.495999999999995,64.83749999999999
2017-06-15,0,40.949999999999996,73.05729166666667
2017-06-16,0,47.779199999999996,57.438571428571436
2017-06-17,0,195.68440000000004,15.143180232558137
2017-06-18,0,184.3236,16.399802469135803
2017-06-19,0,45.516000000000005,66.685075
2017-06-20,0,47.79599999999999,67.22285714285714
2017-06-21,0,45.524,70.98008750000001
2017-06-22,0,40.975199999999994,68.63655555555555
2017-06-23,0,47.808600000000006,64.77014285714286
2017-06-24,0,154.8224,19.660882352941176
2017-06-25,0,207.20700000000002,15.60603021978022
2017-06-26,0,45.544,71.014275
2017-06-27,0,45.548,66.99615
2017-06-28,0,47.8296,60.843999999999994
2017-06-29,0,43.2782,62.6073947368421
2017-06-30,0,47.838,63.9479761904762
2017-07-01,0,154.9176,18.069643382352943
2017-07-02,0,186.8288,14.510780487804876
2017-07-03,0,45.572,60.53922500000001
2017-07-04,0,41.0184,75.78958333333334
2017-07-05,0,47.858999999999995,59.52375
2017-07-06,0,45.583999999999996,70.30295000000001
2017-07-07,0,45.587999999999994,60.562525
2017-07-08,0,164.13120000000004,18.990791666666667
2017-07-09,0,161.86579999999998,19.699514084507044
2017-07-10,0,41.040000000000006,77.56666666666666
2017-07-11,0,45.604,63.576112499999994
2017-07-12,0,41.047200000000004,75.9923888888889
2017-07-13,0,47.892599999999995,56.22573809523809
2017-07-14,0,47.896800000000006,67.13057142857143
2017-07-15,0,200.72799999999998,14.159076704545457
2017-07-16,0,193.90200000000002,13.772647058823527
2017-07-17,0,45.628,67.385325
2017-07-18,0,43.3504,75.1841052631579
2017-07-19,0,43.3542,70.1237894736842
2017-07-20,0,43.358000000000004,73.00697368421054
2017-07-21,0,41.0796,72.29861111111111
2017-07-22,0,184.8744,17.546148148148145
2017-07-23,0,196.3036,15.558959302325581
2017-07-24,0,43.3732,69.7463947368421
2017-07-25,0,45.66,63.401312499999996
2017-07-26,0,43.3808,74.14547368421053
2017-07-27,0,47.95140000000001,57.169488095238094
2017-07-28,0,45.672,67.717
2017-07-29,0,169.0012,16.121290540540542
2017-07-30,0,166.732,18.66321917808219
2017-07-31,0,41.1156,72.80226388888887
2017-08-01,0,41.11919999999999,73.09875000000001
2017-08-02,0,43.4074,74.74388157894737
2017-08-03,0,45.696,61.110699999999994
2017-08-04,0,43.415000000000006,63.098684210526315
2017-08-05,0,155.3936,18.97378676470588
2017-08-06,0,175.97580000000002,16.656116883116884
2017-08-07,0,47.9976,58.347142857142856
2017-08-08,0,48.0018,61.70491666666667
2017-08-09,0,43.434,66.6971052631579
2017-08-10,0,41.1516,74.75550000000001
2017-08-11,0,43.4416,70.416
2017-08-12,0,180.6414,18.15870253164557
2017-08-13,0,189.8044,14.142469879518073
2017-08-14,0,48.027,66.70946428571428
2017-08-15,0,43.4568,73.8758947368421
2017-08-16,0,48.035399999999996,63.36750000000001
2017-08-17,0,45.75200000000001,69.93459999999999
2017-08-18,0,41.1804,71.768125
2017-08-19,0,201.34400000000002,16.104886363636368
2017-08-20,0,189.92059999999998,15.818743975903612
2017-08-21,0,48.056400000000004,58.79840476190477
2017-08-22,0,41.194799999999994,74.69645833333333
2017-08-23,0,43.4872,66.37436842105262
2017-08-24,0,45.779999999999994,69.45925000000001
2017-08-25,0,43.494800000000005,70.09815789473684
2017-08-26,0,171.705,17.65543
2017-08-27,0,203.7744,15.026337078651686
2017-08-28,0,45.796,67.13482499999999
2017-08-29,0,41.22,66.18333333333332
2017-08-30,0,41.2236,67.06058333333334
2017-08-31,0,48.0984,56.36614285714286
2017-09-01,0,41.2308,68.2348611111111
2017-09-02,0,169.51919999999998,16.210763513513513
2017-09-03,0,199.317,15.532284482758621
2017-09-04,0,45.824,59.991299999999995
2017-09-05,0,45.828,59.474187500000006
2017-09-06,0,41.248799999999996,79.45175
2017-09-07,0,48.12780000000001,61.882416666666664
2017-09-08,0,41.256,68.7163888888889
2017-09-09,0,206.29800000000003,14.645399999999999
2017-09-10,0,190.26919999999998,14.24344578313253
2017-09-11,0,48.144600000000004,66.01654761904763
2017-09-12,0,41.270399999999995,77.02666666666667
2017-09-13,0,45.86,62.26675
2017-09-14,0,45.86399999999999,71.1688
2017-09-15,0,43.574600000000004,73.81989473684209
2017-09-16,0,160.552,19.8892
2017-09-17,0,155.9784,17.58945955882353
2017-09-18,0,45.88,69.6255
2017-09-19,0,45.884,71.0719125
2017-09-20,0,41.2992,71.84955555555555
2017-09-21,0,43.5974,72.62198684210526
2017-09-22,0,41.3064,67.64458333333333
2017-09-23,0,160.65,18.92982142857143
2017-09-24,0,190.5016,16.692180722891564
2017-09-25,0,48.203399999999995,68.47467857142857
2017-09-26,0,48.207600000000006,61.246404761904756
2017-09-27,0,48.2118,57.88399999999999
2017-09-28,0,41.328,78.89111111111112
2017-09-29,0,41.331599999999995,75.69611111111111
2017-09-30,0,206.67600000000002,15.286249999999999
2017-10-01,0,199.80419999999998,14.338816091954024
2017-10-02,0,45.93600000000001,65.91815
2017-10-03,0,41.346,67.86125
2017-10-04,0,48.241200000000006,68.40866666666668
2017-10-05,0,45.948,70.000725
2017-10-06,0,45.952,68.172
2017-10-07,0,165.4416,18.137229166666668
2017-10-08,0,183.84,17.3085
2017-10-09,0,43.6658,75.36955263157894
2017-10-10,0,41.3712,75.19266666666668
2017-10-11,0,48.2706,66.7055
2017-10-12,0,43.6772,62.13552631578948
2017-10-13,0,48.278999999999996,58.846964285714286
2017-10-14,0,181.6368,16.441518987341773
2017-10-15,0,183.95200000000003,15.975121875000001
2017-10-16,0,48.291599999999995,58.36388095238096
2017-10-17,0,45.99600000000001,68.2435
2017-10-18,0,46.0,68.77499999999999
2017-10-19,0,41.403600000000004,68.54819444444445
2017-10-20,0,48.30839999999999,60.88659523809523
2017-10-21,0,186.3486,15.7545
2017-10-22,0,193.26719999999997,15.318333333333332
2017-10-23,0,41.418000000000006,69.88743055555555
2017-10-24,0,46.023999999999994,65.6625
2017-10-25,0,46.028000000000006,66.19409999999999
2017-10-26,0,46.032000000000004,62.39124999999999
2017-10-27,0,46.036,71.8552875
2017-10-28,0,184.16,14.845375
2017-10-29,0,209.5002,14.49593956043956
2017-10-30,0,41.4432,67.89
2017-10-31,0,46.052,68.2030875
2017-11-01,0,41.4504,68.77908333333333
2017-11-02,0,48.363,56.58071428571429
2017-11-03,0,46.064,69.53705
2017-11-04,0,165.8448,18.14912847222222
2017-11-05,0,207.32400000000004,15.835433333333334
2017-11-06,0,43.7722,63.667631578947365
2017-11-07,0,48.38400000000001,56.48238095238094
2017-11-08,0,41.4756,74.52375
2017-11-09,0,43.78360000000001,68.53144736842106
2017-11-10,0,48.39659999999999,58.628142857142855
2017-11-11,0,188.99360000000001,17.32609756097561
2017-11-12,0,163.65499999999997,16.97341549295775
2017-11-13,0,48.409200000000006,61.27635714285714
2017-11-14,0,46.10799999999999,59.345962500000006
2017-11-15,0,43.806400000000004,75.7738947368421
2017-11-16,0,46.116,59.225625
2017-11-17,0,43.814,67.61368421052633
2017-11-18,0,205.2518,15.678174157303369
2017-11-19,0,163.7544,18.282661971830986
2017-11-20,0,48.4386,60.564750000000004
2017-11-21,0,46.135999999999996,66.759225
2017-11-22,0,43.833,68.33888157894737
2017-11-23,0,43.8368,66.54315789473684
2017-11-24,0,41.5332,70.39301388888887
2017-11-25,0,196.146,16.736823529411765
2017-11-26,0,168.4694,18.91245205479452
2017-11-27,0,48.467999999999996,63.1145238095238
2017-11-28,0,46.164,61.2695625
2017-11-29,0,46.16799999999999,67.864125
2017-11-30,0,46.172000000000004,68.793075
2017-12-01,0,46.175999999999995,71.0402
2017-12-02,0,166.24800000000002,18.710052083333334
2017-12-03,0,182.4268,18.355379746835442
2017-12-04,0,41.5692,76.02629166666667
2017-12-05,0,48.5016,66.17614285714285
2017-12-06,0,41.5764,74.28254166666666
2017-12-07,0,48.51,59.6577380952381
2017-12-08,0,41.583600000000004,66.67645833333334
2017-12-09,0,159.4176,21.027536231884056
2017-12-10,0,170.9844,16.150368243243246
2017-12-11,0,48.5268,60.30857142857143
2017-12-12,0,48.531,62.45041666666667
2017-12-13,0,46.224,69.80155
2017-12-14,0,46.227999999999994,69.8081625
2017-12-15,0,43.92040000000001,75.43413157894736
2017-12-16,0,184.944,16.135471875
2017-12-17,0,175.71200000000002,17.715789473684207
2017-12-18,0,46.244,59.8016625
2017-12-19,0,43.93560000000001,68.23607894736843
2017-12-20,0,46.251999999999995,67.86727499999999
2017-12-21,0,48.5688,64.13857142857142
2017-12-22,0,48.57299999999999,57.47863095238096
2017-12-23,0,171.17680000000001,16.99127027027027
2017-12-24,0,164.2514,17.45043309859155
2017-12-25,0,48.5856,65.54676190476191
2017-12-26,0,48.589800000000004,60.39428571428571
2017-12-27,0,46.28,63.15575
2017-12-28,0,46.284,61.576075
2017-12-29,0,41.6592,71.21416666666666
2017-12-30,0,208.314,15.888869444444445
2017-12-31,0,180.5544,17.18275
2018-01-01,0,48.615,60.050892857142856
2018-01-02,0,46.304,71.9168
2018-01-03,0,48.6234,66.60991666666666
2018-01-04,0,48.6276,61.95685714285714
2018-01-05,0,46.316,64.3996625
2018-01-06,0,199.176,16.577383720930232
2018-01-07,0,169.0826,17.357188356164382
2018-01-08,0,44.011599999999994,67.11215789473685
2018-01-09,0,41.698800000000006,74.81593055555555
2018-01-10,0,44.0192,70.3278947368421
2018-01-11,0,44.023,64.34565789473685
2018-01-12,0,41.709599999999995,73.5138888888889
2018-01-13,0,208.566,15.204108333333332
2018-01-14,0,169.1848,17.54997260273973
2018-01-15,0,46.356,65.65180000000001
2018-01-16,0,48.678000000000004,57.86678571428571
2018-01-17,0,46.364000000000004,71.48925000000001
2018-01-18,0,46.368,61.69839999999999
2018-01-19,0,46.372,70.0462125
2018-01-20,0,190.1416,14.88973780487805
2018-01-21,0,162.32999999999998,17.065517857142854
2018-01-22,0,41.745599999999996,73.14183333333334
2018-01-23,0,46.388,71.79467500000001
