sinteticos/sales_sint_semanal_tend_caio.csv
date,item_nbr,unit_sales,price
2019-03-30,0,199.66479999999999,15.545493975903613
2019-03-31,0,202.08720000000002,15.000752976190476
2019-04-01,0,48.11999999999999,70.178375
2019-04-02,0,45.717800000000004,72.71751315789473
2019-04-03,0,48.128,69.0879
2019-04-04,0,43.3188,70.94831944444445
2019-04-05,0,43.3224,80.60949999999998
2019-04-06,0,211.816,14.82828125
2019-04-07,0,187.7616,17.402923076923077
2019-04-08,0,43.3332,70.97404166666666
2019-04-09,0,45.7444,68.69702631578947
2019-04-10,0,45.7482,68.70325
2019-04-11,0,45.751999999999995,66.6757894736842
2019-04-12,0,50.572199999999995,68.08616666666667
2019-04-13,0,190.26360000000003,17.226917721518987
2019-04-14,0,190.27939999999998,17.787617088607593
2019-04-15,0,48.176,75.0992
2019-04-16,0,45.770999999999994,79.49493421052632
2019-04-17,0,50.5932,67.19649999999999
2019-04-18,0,45.7786,76.16615789473684
2019-04-19,0,50.601600000000005,62.605333333333334
2019-04-20,0,207.2428,15.674162790697675
2019-04-21,0,195.21,15.517746913580249
2019-04-22,0,45.79379999999999,66.16059210526315
2019-04-23,0,50.6184,68.154
2019-04-24,0,43.3908,72.76558333333334
2019-04-25,0,50.6268,66.58719047619047
2019-04-26,0,50.631,70.93625
2019-04-27,0,180.84,18.721493333333335
2019-04-28,0,176.0322,17.34282876712329
2019-04-29,0,43.4088,80.01691666666666
2019-04-30,0,45.8242,75.23030263157895
2019-05-01,0,48.239999999999995,67.88074999999999
2019-05-02,0,50.6562,68.99957142857143
2019-05-03,0,50.660399999999996,59.65578571428573
2019-05-04,0,166.4694,18.55858333333333
2019-05-05,0,185.7856,19.685298701298702
2019-05-06,0,45.84700000000001,75.4167105263158
2019-05-07,0,48.263999999999996,71.514025
2019-05-08,0,50.681400000000004,67.58775
2019-05-09,0,48.27199999999999,71.52695
2019-05-10,0,45.8622,68.45302631578947
2019-05-11,0,219.67399999999998,14.810686813186813
2019-05-12,0,210.0354,16.6065
2019-05-13,0,43.4592,71.04533333333333
2019-05-14,0,43.4628,81.202
2019-05-15,0,45.8812,79.99507894736843
2019-05-16,0,50.715,61.17619047619047
2019-05-17,0,43.4736,78.30116666666667
2019-05-18,0,190.8166,17.0010917721519
2019-05-19,0,205.326,16.258594117647057
2019-05-20,0,50.7318,71.09025000000001
2019-05-21,0,50.736,68.06285714285714
2019-05-22,0,48.324,64.1312875
2019-05-23,0,50.744400000000006,71.90107142857143
2019-05-24,0,50.748599999999996,71.24785714285714
2019-05-25,0,217.51200000000003,15.178922222222221
2019-05-26,0,195.777,16.52486111111111
2019-05-27,0,43.509600000000006,84.37677777777778
2019-05-28,0,45.9306,66.81376315789474
2019-05-29,0,50.769600000000004,59.4
2019-05-30,0,48.355999999999995,72.63295
2019-05-31,0,43.524,71.77694444444444
2019-06-01,0,193.45599999999996,16.012631250000002
2019-06-02,0,203.1456,17.265226190476188
2019-06-03,0,45.9534,74.43986842105262
2019-06-04,0,48.376000000000005,72.38835000000002
2019-06-05,0,43.542,76.27812499999999
2019-06-06,0,50.803200000000004,64.59457142857143
2019-06-07,0,45.9686,75.63481578947369
2019-06-08,0,212.9248,16.773113636363636
2019-06-09,0,179.0652,19.16077364864865
2019-06-10,0,50.82,63.42857142857143
2019-06-11,0,45.983799999999995,79.02159210526315
2019-06-12,0,48.408,68.138525
2019-06-13,0,48.412000000000006,74.3901
2019-06-14,0,50.8368,65.83085714285714
2019-06-15,0,167.049,21.24434782608696
2019-06-16,0,200.9596,16.391385542168674
2019-06-17,0,48.428000000000004,66.50316249999999
2019-06-18,0,48.431999999999995,71.0912
2019-06-19,0,50.857800000000005,71.415
2019-06-20,0,50.861999999999995,71.81821428571428
2019-06-21,0,48.444,69.5826375
2019-06-22,0,184.10240000000002,17.728026315789474
2019-06-23,0,220.4566,16.57790934065934
2019-06-24,0,48.456,70.85175000000001
2019-06-25,0,43.614000000000004,84.28875
2019-06-26,0,48.464,74.06035
2019-06-27,0,50.8914,60.87880952380953
2019-06-28,0,43.6248,80.45108333333333
2019-06-29,0,220.5658,15.395538461538461
2019-06-30,0,206.04,15.698823529411767
2019-07-01,0,43.6356,82.32629166666666
2019-07-02,0,43.6392,78.31741666666667
2019-07-03,0,48.492,65.34762500000001
2019-07-04,0,46.071200000000005,76.55068421052631
2019-07-05,0,50.925,70.85565476190476
2019-07-06,0,194.01600000000002,17.245300000000004
2019-07-07,0,201.30819999999997,15.785593373493976
2019-07-08,0,48.512,71.6365
2019-07-09,0,48.51599999999999,64.826425
2019-07-10,0,43.668000000000006,76.9825
2019-07-11,0,46.09779999999999,71.61919736842106
2019-07-12,0,46.101600000000005,70.45384210526315
2019-07-13,0,218.394,14.751224999999998
2019-07-14,0,208.7048,16.539168604651163
2019-07-15,0,50.967,63.76113095238095
2019-07-16,0,46.1168,77.65894736842105
2019-07-17,0,48.548,72.3905
2019-07-18,0,48.552,65.01807500000001
2019-07-19,0,43.7004,83.078375
2019-07-20,0,191.81199999999998,15.899177215189875
2019-07-21,0,218.53799999999998,15.968766666666667
2019-07-22,0,46.1396,72.71621052631579
2019-07-23,0,43.714800000000004,85.1201388888889
2019-07-24,0,48.57599999999999,63.1029
2019-07-25,0,51.00900000000001,69.25821428571429
2019-07-26,0,46.154799999999994,75.82213157894738
2019-07-27,0,201.64020000000002,17.22412951807229
2019-07-28,0,208.94559999999998,17.240511627906976
2019-07-29,0,43.7364,75.56544444444445
2019-07-30,0,43.739999999999995,71.70069444444445
2019-07-31,0,51.034200000000006,62.923500000000004
2019-08-01,0,48.60799999999999,67.4696
2019-08-02,0,46.181400000000004,78.21775
2019-08-03,0,182.31,17.102800000000002
2019-08-04,0,192.049,18.850537974683544
2019-08-05,0,46.1928,80.14705263157894
2019-08-06,0,51.0594,68.93432142857144
2019-08-07,0,46.2004,79.72097368421053
2019-08-08,0,48.635999999999996,74.34683749999999
2019-08-09,0,48.64,67.239
2019-08-10,0,189.7116,17.49272115384615
2019-08-11,0,179.9976,18.70389189189189
2019-08-12,0,48.652,69.9082875
2019-08-13,0,43.790400000000005,72.72105555555555
2019-08-14,0,43.794,73.03770833333333
2019-08-15,0,48.664,64.7628
2019-08-16,0,48.66799999999999,76.773125
2019-08-17,0,187.3872,17.2958961038961
2019-08-18,0,175.23359999999997,17.645468750000003
2019-08-19,0,46.246,78.33697368421053
2019-08-20,0,48.684,76.3817125
2019-08-21,0,48.688,75.69030000000001
2019-08-22,0,43.8228,78.36618055555556
2019-08-23,0,46.2612,67.19102631578947
2019-08-24,0,202.10500000000002,17.603990963855424
2019-08-25,0,197.2512,18.178246913580246
2019-08-26,0,48.708,63.8486125
2019-08-27,0,46.2764,71.18621052631579
2019-08-28,0,48.716,74.4800875
2019-08-29,0,46.284,80.17236842105264
2019-08-30,0,46.2878,73.26497368421053
2019-08-31,0,199.7848,18.204841463414635
2019-09-01,0,187.61820000000003,18.91669805194805
2019-09-02,0,46.2992,71.81305263157896
2019-09-03,0,51.17700000000001,70.03940476190475
2019-09-04,0,48.744,74.247075
2019-09-05,0,43.873200000000004,72.09400000000001
2019-09-06,0,43.876799999999996,75.20822222222222
2019-09-07,0,195.024,16.22405
2019-09-08,0,182.84999999999997,20.067400000000003
2019-09-09,0,46.3258,73.62499999999999
2019-09-10,0,43.8912,81.142
2019-09-11,0,48.772000000000006,69.95625
2019-09-12,0,43.8984,73.38288888888889
2019-09-13,0,43.902,80.07534722222222
2019-09-14,0,185.3792,19.924460526315787
2019-09-15,0,214.6672,16.06387784090909
2019-09-16,0,51.2316,73.05361904761905
2019-09-17,0,43.916399999999996,84.92575
2019-09-18,0,51.24,64.8
2019-09-19,0,48.804,74.48665000000001
2019-09-20,0,43.9272,77.01375
2019-09-21,0,212.3322,16.96546264367816
2019-09-22,0,205.02720000000002,16.939380952380954
2019-09-23,0,48.81999999999999,65.54925
2019-09-24,0,51.26520000000001,65.50173809523808
2019-09-25,0,48.827999999999996,72.28515
2019-09-26,0,43.948800000000006,71.29533333333333
2019-09-27,0,51.27779999999999,68.58840476190475
2019-09-28,0,200.24400000000003,16.370701219512195
2019-09-29,0,175.83839999999998,18.99641666666667
2019-09-30,0,46.4056,66.97694736842105
2019-10-01,0,51.2946,66.07660714285716
2019-10-02,0,51.2988,67.15050000000001
2019-10-03,0,43.974000000000004,79.59534722222222
2019-10-04,0,51.3072,71.70228571428572
2019-10-05,0,217.4626,15.97477247191011
2019-10-06,0,168.6084,20.363108695652176
2019-10-07,0,48.876,64.228775
2019-10-08,0,48.879999999999995,75.17399999999999
2019-10-09,0,48.884,74.0586
2019-10-10,0,48.888,76.59015000000001
2019-10-11,0,46.44740000000001,78.56099999999999
2019-10-12,0,198.0288,18.464172839506173
2019-10-13,0,188.26500000000001,18.331737012987013
2019-10-14,0,44.0136,75.15183333333333
2019-10-15,0,48.908,64.4149125
2019-10-16,0,51.3576,68.43733333333333
2019-10-17,0,51.3618,60.69007142857143
2019-10-18,0,48.919999999999995,76.64475
2019-10-19,0,205.48080000000002,17.74899107142857
2019-10-20,0,193.26559999999998,16.03048101265823
2019-10-21,0,46.4854,78.03978947368422
2019-10-22,0,51.3828,63.124380952380946
2019-10-23,0,48.94,71.904
2019-10-24,0,46.4968,78.94768421052632
2019-10-25,0,46.5006,79.69398684210526
2019-10-26,0,200.7032,17.47371951219512
2019-10-27,0,186.0328,19.335516447368423
2019-10-28,0,48.96,71.2335
2019-10-29,0,44.0676,74.00325
2019-10-30,0,48.967999999999996,67.873575
2019-10-31,0,51.4206,70.26875
2019-11-01,0,51.424800000000005,67.464
2019-11-02,0,205.71599999999998,15.060267857142858
2019-11-03,0,215.52960000000002,16.26197159090909
2019-11-04,0,48.988,76.198425
2019-11-05,0,44.092800000000004,71.86222222222223
2019-11-06,0,51.44579999999999,60.53033333333333
2019-11-07,0,44.1,74.53125
2019-11-08,0,49.00399999999999,63.28687500000001
2019-11-09,0,173.97840000000002,18.10621126760563
2019-11-10,0,181.34439999999998,17.183635135135134
2019-11-11,0,49.016000000000005,73.71369999999999
2019-11-12,0,44.118,83.005625
2019-11-13,0,51.4752,71.69
2019-11-14,0,46.5766,71.09684210526315
2019-11-15,0,51.4836,63.12521428571428
2019-11-16,0,205.9512,17.458151785714286
2019-11-17,0,201.064,16.684024390243902
2019-11-18,0,49.044,69.9589625
2019-11-19,0,51.5004,71.326
2019-11-20,0,44.1468,74.77380555555555
2019-11-21,0,51.508799999999994,60.476952380952376
2019-11-22,0,51.513000000000005,61.55517857142858
2019-11-23,0,215.8816,16.03484659090909
2019-11-24,0,213.44580000000002,15.832077586206896
2019-11-25,0,46.618399999999994,77.39336842105263
2019-11-26,0,46.62220000000001,74.58298684210526
2019-11-27,0,51.53399999999999,66.94916666666667
2019-11-28,0,49.084,75.51570000000001
2019-11-29,0,51.542399999999994,73.53638095238095
2019-11-30,0,191.4588,17.23468269230769
2019-12-01,0,166.9264,22.050617647058825
2019-12-02,0,46.645,79.37006578947368
2019-12-03,0,49.104,76.53585
2019-12-04,0,44.1972,77.686
2019-12-05,0,51.5676,67.53373809523809
2019-12-06,0,46.6602,77.76573684210526
2019-12-07,0,167.008,22.22823529411765
2019-12-08,0,218.6018,15.74903651685393
2019-12-09,0,51.584399999999995,69.70664285714285
2019-12-10,0,49.132,73.05742500000001
2019-12-11,0,51.592800000000004,72.943
2019-12-12,0,49.14,74.3399375
2019-12-13,0,51.601200000000006,63.01349999999999
2019-12-14,0,167.1032,22.78148161764706
2019-12-15,0,172.032,20.963428571428572
2019-12-16,0,46.69819999999999,72.78434210526316
2019-12-17,0,49.160000000000004,69.85687499999999
2019-12-18,0,51.62219999999999,73.25708333333334
2019-12-19,0,51.626400000000004,63.047
2019-12-20,0,49.172,64.2289375
2019-12-21,0,181.9512,18.161972972972976
2019-12-22,0,169.671,21.730597826086957
2019-12-23,0,46.7248,76.99115789473684
2019-12-24,0,51.6474,68.72341666666667
2019-12-25,0,44.272800000000004,78.30141666666667
2019-12-26,0,46.7362,75.5248947368421
2019-12-27,0,44.28,75.64722222222223
2019-12-28,0,177.1344,20.796979166666667
2019-12-29,0,172.228,20.9087
2019-12-30,0,49.211999999999996,69.08958750000001
2019-12-31,0,49.215999999999994,64.2915
2020-01-01,0,46.75900000000001,80.6225
2020-01-02,0,49.224,73.34767500000001
2020-01-03,0,46.766600000000004,76.76857894736843
2020-01-04,0,219.08239999999998,17.18434831460674
2020-01-05,0,196.94400000000002,16.645434375
2020-01-06,0,44.315999999999995,82.93999999999998
2020-01-07,0,44.3196,72.42181944444444
2020-01-08,0,51.71039999999999,65.04400000000001
2020-01-09,0,44.326800000000006,78.5625
2020-01-10,0,49.256,74.38955
2020-01-11,0,209.35500000000002,17.937602941176472
2020-01-12,0,187.2032,17.011223684210528
2020-01-13,0,46.8046,71.77360526315789
2020-01-14,0,44.3448,74.82455555555555
2020-01-15,0,44.3484,83.94924999999999
2020-01-16,0,51.744,70.6152380952381
2020-01-17,0,46.8198,77.16155263157894
2020-01-18,0,172.50799999999998,20.905264285714285
2020-01-19,0,189.77419999999998,18.307967532467533
2020-01-20,0,44.366400000000006,85.87366666666667
2020-01-21,0,51.765,61.74821428571428
2020-01-22,0,44.3736,81.7988888888889
2020-01-23,0,51.773399999999995,73.22096428571429
2020-01-24,0,51.77760000000001,69.45142857142858
2020-01-25,0,192.33239999999998,19.208464743589744
2020-01-26,0,197.28000000000003,18.65909375
2020-01-27,0,51.79019999999999,62.050714285714285
2020-01-28,0,49.328,74.93285
2020-01-29,0,49.331999999999994,77.914375
2020-01-30,0,46.8692,68.8987894736842
2020-01-31,0,49.34,73.11075000000001
2020-02-01,0,187.5072,17.227736842105262
2020-02-02,0,202.3268,16.72898780487805
2020-02-03,0,49.352000000000004,66.04385
2020-02-04,0,46.8882,73.40510526315789
2020-02-05,0,46.891999999999996,67.29394736842104
2020-02-06,0,44.4276,82.22225
2020-02-07,0,49.367999999999995,77.69269999999999
2020-02-08,0,167.8648,19.349823529411765
2020-02-09,0,199.97279999999998,16.455802469135804
2020-02-10,0,51.849000000000004,71.71660714285713
2020-02-11,0,44.4456,80.36749999999999
2020-02-12,0,51.857400000000005,65.51541666666667
2020-02-13,0,51.861599999999996,64.17023809523809
2020-02-14,0,51.86580000000001,63.77057142857142
2020-02-15,0,207.48,18.27485119047619
2020-02-16,0,200.08620000000002,18.778197530864198
2020-02-17,0,51.87839999999999,69.59857142857143
2020-02-18,0,44.470800000000004,77.10579166666666
2020-02-19,0,49.416000000000004,69.8271
2020-02-20,0,46.949,67.83118421052632
2020-02-21,0,46.9528,70.52673684210527
2020-02-22,0,175.4694,20.394612676056337
2020-02-23,0,175.4836,18.636718309859155
2020-02-24,0,51.9078,63.42108333333333
2020-02-25,0,46.967999999999996,71.14947368421053
2020-02-26,0,49.444,66.46185
2020-02-27,0,51.9204,66.81938095238095
2020-02-28,0,51.9246,68.44854761904762
2020-02-29,0,222.55200000000002,16.288400000000003
2020-03-01,0,220.09699999999998,16.855955056179777
2020-03-02,0,49.464000000000006,76.1522
2020-03-03,0,44.52119999999999,75.1485
2020-03-04,0,51.945600000000006,71.05
2020-03-05,0,49.476,65.94019999999999
2020-03-06,0,44.532000000000004,78.16875
2020-03-07,0,168.24559999999997,19.230367647058824
2020-03-08,0,175.6824,20.061169014084506
2020-03-09,0,47.017399999999995,81.25709210526317
2020-03-10,0,51.970800000000004,61.60916666666667
2020-03-11,0,51.975,61.614583333333336
2020-03-12,0,49.504000000000005,67.6872
2020-03-13,0,47.0326,81.13597368421053
2020-03-14,0,170.8164,20.364971014492752
2020-03-15,0,225.2978,16.44328021978022
2020-03-16,0,51.996,74.37642857142856
2020-03-17,0,52.0002,61.647083333333335
2020-03-18,0,47.0516,81.47115789473683
2020-03-19,0,47.0554,78.78234210526315
2020-03-20,0,52.0128,66.27114285714286
2020-03-21,0,198.16000000000003,17.00634375
2020-03-22,0,225.4252,16.078032967032968
2020-03-23,0,52.025400000000005,64.7974523809524
2020-03-24,0,47.0744,80.16552631578948
2020-03-25,0,49.556000000000004,76.87575
2020-03-26,0,52.038,61.15345238095238
2020-03-27,0,47.085800000000006,72.84244736842105
2020-03-28,0,190.83679999999998,19.972987012987012
2020-03-29,0,223.074,15.50713888888889
2020-03-30,0,49.57599999999999,66.6549
2020-03-31,0,49.58,68.08512499999999
2020-04-01,0,44.6256,75.81505555555556
2020-04-02,0,49.588,72.086025
2020-04-03,0,49.592,66.1084
2020-04-04,0,193.4244,17.42731730769231
2020-04-05,0,171.12,20.197826086956525
2020-04-06,0,49.604,76.671725
2020-04-07,0,52.0884,61.082142857142856
2020-04-08,0,47.1314,77.57040789473683
2020-04-09,0,52.096799999999995,64.35114285714286
2020-04-10,0,49.62,66.71925
2020-04-11,0,223.30800000000002,14.827799999999998
2020-04-12,0,200.99339999999998,17.356947530864197
2020-04-13,0,47.150400000000005,75.65305263157896
2020-04-14,0,44.672399999999996,80.81374999999998
2020-04-15,0,52.12200000000001,63.026666666666664
2020-04-16,0,44.67959999999999,72.26966666666667
2020-04-17,0,49.648,77.45894999999999
2020-04-18,0,218.4688,16.211647727272727
2020-04-19,0,178.76160000000002,18.111798611111112
2020-04-20,0,44.694,77.526875
2020-04-21,0,49.664,70.0657
2020-04-22,0,44.7012,86.89605555555555
2020-04-23,0,52.1556,62.79899999999999
2020-04-24,0,49.676,76.9355125
2020-04-25,0,208.656,16.824107142857144
2020-04-26,0,168.9256,22.04420955882353
2020-04-27,0,52.172399999999996,63.90880952380952
2020-04-28,0,44.7228,86.14845833333334
2020-04-29,0,47.2112,79.66736842105263
2020-04-30,0,47.215,80.27565789473685
2020-05-01,0,47.218799999999995,74.56968421052632
2020-05-02,0,181.43420000000003,18.157972602739726
2020-05-03,0,193.87679999999997,16.84897435897436
2020-05-04,0,44.744400000000006,75.08218055555555
2020-05-05,0,52.205999999999996,61.776428571428575
2020-05-06,0,44.7516,79.38194444444446
2020-05-07,0,44.755199999999995,76.21333333333334
2020-05-08,0,47.245400000000004,72.96059210526316
2020-05-09,0,206.40439999999998,17.219879518072293
2020-05-10,0,208.90800000000002,16.131517857142857
2020-05-11,0,52.2312,65.62085714285715
2020-05-12,0,52.2354,72.97895238095239
2020-05-13,0,52.2396,64.13449999999999
2020-05-14,0,47.2682,71.94528947368421
2020-05-15,0,44.784,78.65
2020-05-16,0,181.6386,21.040469178082187
2020-05-17,0,216.4908,17.59043103448276
2020-05-18,0,52.2606,69.61158333333333
2020-05-19,0,44.7984,85.98894444444444
2020-05-20,0,49.78,73.82025
2020-05-21,0,44.805600000000005,83.93733333333333
2020-05-22,0,52.2774,64.59378571428572
2020-05-23,0,189.20960000000002,17.623894736842107
2020-05-24,0,214.12279999999998,15.309709302325581
2020-05-25,0,44.82000000000001,76.49236111111111
2020-05-26,0,49.803999999999995,66.70207500000001
2020-05-27,0,49.80800000000001,64.4175
2020-05-28,0,47.3214,80.02030263157894
2020-05-29,0,44.8344,77.79175000000001
2020-05-30,0,194.298,19.275240384615383
2020-05-31,0,209.26080000000002,15.683809523809524
2020-06-01,0,47.336600000000004,76.73175
2020-06-02,0,47.3404,78.99989473684211
2020-06-03,0,47.3442,73.72961842105263
