sinteticos/sales_sint_semanal_tend_caio.csv
date,item_nbr,unit_sales,price
2020-06-04,0,44.856,76.8775
2020-06-05,0,47.3518,82.03663157894736
2020-06-06,0,219.3312,16.965062500000002
2020-06-07,0,226.82659999999998,17.1945
2020-06-08,0,47.3632,68.48231578947369
2020-06-09,0,49.86000000000001,71.79956250000001
2020-06-10,0,49.864,73.812375
2020-06-11,0,52.3614,70.30363095238096
2020-06-12,0,47.3784,80.276
2020-06-13,0,172.0722,18.86567391304348
2020-06-14,0,172.08599999999998,20.030942028985503
2020-06-15,0,47.3898,83.01381578947368
2020-06-16,0,44.89919999999999,71.7
2020-06-17,0,44.9028,73.77776388888888
2020-06-18,0,52.39079999999999,71.7125
2020-06-19,0,49.900000000000006,71.5753125
2020-06-20,0,194.62560000000002,19.86230769230769
2020-06-21,0,212.109,15.730241176470589
2020-06-22,0,44.9208,80.50541666666668
2020-06-23,0,47.4202,75.36869736842105
2020-06-24,0,47.424,69.78631578947368
2020-06-25,0,44.9316,85.46966666666667
2020-06-26,0,47.431599999999996,75.99271052631579
2020-06-27,0,189.7416,20.05747697368421
2020-06-28,0,194.75039999999998,17.41003846153846
2020-06-29,0,49.94,75.80099999999999
2020-06-30,0,52.44120000000001,72.74466666666667
2020-07-01,0,47.450599999999994,70.73573684210527
2020-07-02,0,44.9568,76.4271111111111
2020-07-03,0,44.96039999999999,78.18902777777778
2020-07-04,0,179.85600000000002,18.591458333333335
2020-07-05,0,209.84879999999998,16.278916666666667
2020-07-06,0,52.46640000000001,66.35261904761906
2020-07-07,0,44.974799999999995,80.92987500000001
2020-07-08,0,49.976,77.72817500000001
2020-07-09,0,52.479,69.51738095238096
2020-07-10,0,44.985600000000005,85.262
2020-07-11,0,219.9472,16.69024715909091
2020-07-12,0,204.9672,18.57908536585366
2020-07-13,0,44.9964,79.85416666666666
2020-07-14,0,45.0,80.18055555555556
2020-07-15,0,50.004,76.91293750000001
2020-07-16,0,47.5076,73.70360526315788
2020-07-17,0,47.5114,79.00744736842105
2020-07-18,0,207.5664,16.666939759036143
2020-07-19,0,182.57299999999998,19.227534246575342
2020-07-20,0,45.0216,72.23211111111111
2020-07-21,0,50.028000000000006,72.3502625
2020-07-22,0,45.0288,81.67483333333332
2020-07-23,0,47.534200000000006,71.93125
2020-07-24,0,52.541999999999994,69.60809523809523
2020-07-25,0,172.6518,21.478858695652175
2020-07-26,0,185.17759999999998,17.968054054054054
2020-07-27,0,47.549400000000006,79.98505263157895
2020-07-28,0,45.050399999999996,86.83475
2020-07-29,0,52.563,67.03375
2020-07-30,0,45.0576,72.93466666666666
2020-07-31,0,52.571400000000004,68.82778571428571
2020-08-01,0,190.27360000000002,17.277
2020-08-02,0,182.7774,19.64541780821918
2020-08-03,0,47.576,80.18526315789474
2020-08-04,0,50.084,67.82988750000001
2020-08-05,0,50.088,66.971625
2020-08-06,0,50.092,77.9242875
2020-08-07,0,50.096,73.4655
2020-08-08,0,175.35,19.880625000000002
2020-08-09,0,217.95240000000004,18.183258620689656
2020-08-10,0,45.0972,76.04618055555557
2020-08-11,0,52.6176,71.22657142857142
2020-08-12,0,45.1044,85.66687499999999
2020-08-13,0,52.626000000000005,64.51309523809525
2020-08-14,0,45.111599999999996,79.11547222222221
2020-08-15,0,215.55040000000002,16.62753488372093
2020-08-16,0,213.06099999999998,18.11359411764706
2020-08-17,0,50.136,67.47389999999999
2020-08-18,0,50.13999999999999,69.21000000000001
2020-08-19,0,47.6368,82.11810526315789
2020-08-20,0,45.1332,74.83026388888888
2020-08-21,0,47.644400000000005,79.8551052631579
2020-08-22,0,223.1942,15.882331460674155
2020-08-23,0,225.72,14.873777777777777
2020-08-24,0,52.6722,71.8564642857143
2020-08-25,0,47.6596,70.77068421052631
2020-08-26,0,47.663399999999996,69.258
2020-08-27,0,45.1584,75.35666666666667
2020-08-28,0,50.18,79.371875
2020-08-29,0,178.1532,18.660612676056335
2020-08-30,0,223.33660000000003,15.763601123595505
2020-08-31,0,52.7016,68.05071428571429
2020-09-01,0,47.68620000000001,83.12240789473684
2020-09-02,0,47.69,76.29078947368421
2020-09-03,0,50.20400000000001,77.53608750000001
2020-09-04,0,47.697599999999994,72.656
2020-09-05,0,228.46460000000002,15.647332417582419
2020-09-06,0,213.41799999999998,17.297017647058823
2020-09-07,0,47.709,82.86151315789473
2020-09-08,0,52.7352,70.71171428571428
2020-09-09,0,45.205200000000005,75.1205
2020-09-10,0,47.7204,74.06244736842105
2020-09-11,0,50.236000000000004,72.09926250000001
2020-09-12,0,173.328,20.481304347826086
2020-09-13,0,208.5126,16.54058734939759
2020-09-14,0,52.7604,74.60242857142858
2020-09-15,0,50.251999999999995,67.49901249999999
2020-09-16,0,52.7688,72.688
2020-09-17,0,50.26,67.65525000000001
2020-09-18,0,52.77720000000001,71.59904761904761
2020-09-19,0,191.01839999999999,17.23635197368421
2020-09-20,0,170.9248,20.967
2020-09-21,0,52.7898,66.52175
2020-09-22,0,50.28,65.08125
2020-09-23,0,45.255599999999994,77.46141666666666
2020-09-24,0,45.25920000000001,86.1471111111111
2020-09-25,0,45.2628,83.58277777777778
2020-09-26,0,183.5804,19.81849315068493
2020-09-27,0,191.14,17.97171052631579
2020-09-28,0,50.304,77.2698
2020-09-29,0,50.308,73.51395
2020-09-30,0,47.7964,69.01097368421053
2020-10-01,0,45.2844,76.87169444444446
2020-10-02,0,45.288,78.80833333333334
2020-10-03,0,218.9094,17.105270114942527
2020-10-04,0,193.7628,17.93705844155844
2020-10-05,0,50.332,73.6968375
2020-10-06,0,50.336,72.83439999999999
2020-10-07,0,50.339999999999996,75.88175
2020-10-08,0,45.309599999999996,77.56183333333334
2020-10-09,0,47.830600000000004,76.07780263157895
2020-10-10,0,229.1016,15.34454945054945
2020-10-11,0,229.11980000000003,16.810417582417582
2020-10-12,0,47.842,71.52250000000001
2020-10-13,0,52.882200000000005,74.23759523809525
2020-10-14,0,52.886399999999995,71.898
2020-10-15,0,45.3348,81.47302777777777
2020-10-16,0,50.37599999999999,74.49145
2020-10-17,0,188.925,20.020699999999998
2020-10-18,0,211.61280000000002,18.8435
2020-10-19,0,45.3492,78.6018888888889
2020-10-20,0,45.3528,77.32
2020-10-21,0,50.396,79.16317500000001
2020-10-22,0,47.88,80.13157894736842
2020-10-23,0,47.8838,68.69013157894737
2020-10-24,0,189.03,20.99962
2020-10-25,0,224.33339999999998,17.24153651685393
2020-10-26,0,47.895199999999996,77.56357894736841
2020-10-27,0,52.940999999999995,68.24845238095239
2020-10-28,0,52.94520000000001,66.18183333333333
2020-10-29,0,45.3852,87.85854166666667
2020-10-30,0,45.3888,83.02944444444445
2020-10-31,0,229.48379999999997,16.361035714285716
2020-11-01,0,176.54000000000002,22.639499999999998
2020-11-02,0,47.9218,81.73532894736843
2020-11-03,0,50.44800000000001,75.91345
2020-11-04,0,45.4068,81.12970833333333
2020-11-05,0,50.456,71.28092500000001
2020-11-06,0,45.413999999999994,79.20784722222223
2020-11-07,0,229.6112,15.860307692307693
2020-11-08,0,217.0124,15.56813081395349
2020-11-09,0,47.9484,83.7718947368421
2020-11-10,0,50.476,78.13777499999999
2020-11-11,0,50.480000000000004,75.38475000000001
2020-11-12,0,50.484,77.86070000000001
2020-11-13,0,47.9636,72.48457894736842
2020-11-14,0,199.4434,18.75863924050633
2020-11-15,0,181.7856,20.543805555555554
2020-11-16,0,45.449999999999996,75.078125
2020-11-17,0,53.029199999999996,72.10888095238096
2020-11-18,0,50.50800000000001,70.34334999999999
2020-11-19,0,53.0376,73.36714285714285
2020-11-20,0,47.9902,83.39217105263158
2020-11-21,0,204.606,18.557746913580246
2020-11-22,0,219.7794,15.340887931034482
2020-11-23,0,50.52799999999999,70.0828
2020-11-24,0,48.0054,78.3696842105263
2020-11-25,0,48.00919999999999,75.31484210526317
2020-11-26,0,50.540000000000006,73.009625
2020-11-27,0,45.489599999999996,80.32072222222222
2020-11-28,0,184.5002,19.76695890410959
2020-11-29,0,212.3184,16.972083333333334
2020-11-30,0,45.5004,81.79630555555555
2020-12-01,0,48.032000000000004,74.5878947368421
2020-12-02,0,45.5076,84.55893055555556
2020-12-03,0,53.0964,75.673
2020-12-04,0,50.572,73.2053625
2020-12-05,0,230.1208,14.810912087912087
2020-12-06,0,189.67499999999998,18.51555
2020-12-07,0,48.0548,69.41628947368422
2020-12-08,0,48.0586,71.4145
2020-12-09,0,48.062400000000004,72.18694736842106
2020-12-10,0,48.066199999999995,76.17832894736843
2020-12-11,0,48.07000000000001,77.2578947368421
2020-12-12,0,230.24819999999997,16.228178571428572
2020-12-13,0,184.7192,18.8347397260274
2020-12-14,0,48.081399999999995,73.13790789473683
2020-12-15,0,48.0852,73.91089473684211
2020-12-16,0,53.150999999999996,63.963750000000005
2020-12-17,0,50.624,78.678
2020-12-18,0,45.565200000000004,77.55143055555556
2020-12-19,0,184.8068,19.40338356164384
2020-12-20,0,200.0122,17.562291139240504
2020-12-21,0,50.64,78.55925
2020-12-22,0,45.5796,80.97916666666667
2020-12-23,0,48.1156,78.56505263157894
2020-12-24,0,53.184599999999996,63.313428571428574
2020-12-25,0,48.1232,82.2618947368421
2020-12-26,0,217.838,17.361860465116276
2020-12-27,0,200.12279999999998,19.898651898734176
2020-12-28,0,45.601200000000006,75.99754166666666
2020-12-29,0,45.6048,79.89338888888888
2020-12-30,0,45.6084,85.24852777777778
2020-12-31,0,53.214,62.79571428571429
